[0.000000] (-) TimerEvent: {}
[0.000339] (x2_recovery) JobQueued: {'identifier': 'x2_recovery', 'dependencies': OrderedDict()}
[0.000364] (x2_recovery) JobStarted: {'identifier': 'x2_recovery'}
[0.101585] (-) TimerEvent: {}
[0.202243] (-) TimerEvent: {}
[0.302682] (-) TimerEvent: {}
[0.402912] (-) TimerEvent: {}
[0.405625] (x2_recovery) Command: {'cmd': ['/tmp/x2-final-ros.z4vmp3sx/repository/.venv/bin/python', '-W', 'ignore:setup.py install is deprecated', '-W', 'ignore:easy_install command is deprecated', 'setup.py', 'develop', '--editable', '--build-directory', '/tmp/x2-final-ros.z4vmp3sx/build/x2_recovery/build', '--no-deps', 'symlink_data'], 'cwd': '/tmp/x2-final-ros.z4vmp3sx/build/x2_recovery', 'env': OrderedDict({'WS': '/tmp/x2-final-ros.z4vmp3sx/repository', 'USER': 'lang', 'SHLVL': '1', 'LD_LIBRARY_PATH': '/opt/ros/jazzy/opt/rviz_ogre_vendor/lib:/opt/ros/jazzy/lib/aarch64-linux-gnu:/opt/ros/jazzy/opt/gz_math_vendor/lib:/opt/ros/jazzy/opt/gz_utils_vendor/lib:/opt/ros/jazzy/opt/gz_cmake_vendor/lib:/opt/ros/jazzy/lib', 'HOME': '/tmp/x2-final-ros.z4vmp3sx/home', 'PY': '/tmp/x2-final-ros.z4vmp3sx/repository/.venv/bin/python', 'OLDPWD': '/tmp', 'ROS_PYTHON_VERSION': '3', 'PIP_CONFIG_FILE': '/dev/null', 'X2_ASSET_REPO': '/tmp/x2-final-ros.z4vmp3sx/assets/agibot_x2_urdf', 'PYTHONNOUSERSITE': '1', 'ROS_DISTRO': 'jazzy', 'LOGNAME': 'lang', '_': '/tmp/x2-final-ros.z4vmp3sx/repository/.venv/bin/python', 'ROS_VERSION': '2', 'X2_SCENE': '/tmp/x2-final-ros.z4vmp3sx/assets/agibot_x2_urdf/X2_URDF-v1.3.0/scene.xml', 'ACCEPT_ROOT': '/tmp/x2-final-ros.z4vmp3sx', 'PATH': '/opt/ros/jazzy/bin:/usr/local/sbin:/usr/local/bin:/usr/sbin:/usr/bin:/sbin:/bin', 'LANG': 'C.UTF-8', 'RMW_IMPLEMENTATION': 'rmw_fastrtps_cpp', 'ROS_DOMAIN_ID': '86', 'AMENT_PREFIX_PATH': '/opt/ros/jazzy', 'ROS_AUTOMATIC_DISCOVERY_RANGE': 'LOCALHOST', 'PWD': '/tmp/x2-final-ros.z4vmp3sx/build/x2_recovery', 'LC_ALL': 'C.UTF-8', 'PYTHONPATH': '/tmp/x2-final-ros.z4vmp3sx/build/x2_recovery/prefix_override:/usr/lib/python3/dist-packages/colcon_core/task/python/colcon_distutils_commands:/tmp/x2-final-ros.z4vmp3sx/install/x2_recovery/lib/python3.12/site-packages:/opt/ros/jazzy/opt/gz_math_vendor/lib/python:/opt/ros/jazzy/lib/python3.12/site-packages', 'COLCON': '1', 'CMAKE_PREFIX_PATH': '/opt/ros/jazzy/opt/gz_math_vendor:/opt/ros/jazzy/opt/gz_utils_vendor:/opt/ros/jazzy/opt/gz_cmake_vendor'}), 'shell': False}
[0.503332] (-) TimerEvent: {}
[0.515770] (x2_recovery) StdoutLine: {'line': b'running develop\n'}
[0.579516] (x2_recovery) StdoutLine: {'line': b'running egg_info\n'}
[0.579607] (x2_recovery) StdoutLine: {'line': b'creating x2_recovery.egg-info\n'}
[0.585677] (x2_recovery) StdoutLine: {'line': b'writing x2_recovery.egg-info/PKG-INFO\n'}
[0.585773] (x2_recovery) StdoutLine: {'line': b'writing dependency_links to x2_recovery.egg-info/dependency_links.txt\n'}
[0.585866] (x2_recovery) StdoutLine: {'line': b'writing entry points to x2_recovery.egg-info/entry_points.txt\n'}
[0.585906] (x2_recovery) StdoutLine: {'line': b'writing requirements to x2_recovery.egg-info/requires.txt\n'}
[0.586027] (x2_recovery) StdoutLine: {'line': b'writing top-level names to x2_recovery.egg-info/top_level.txt\n'}
[0.586077] (x2_recovery) StdoutLine: {'line': b"writing manifest file 'x2_recovery.egg-info/SOURCES.txt'\n"}
[0.598265] (x2_recovery) StdoutLine: {'line': b"reading manifest file 'x2_recovery.egg-info/SOURCES.txt'\n"}
[0.598496] (x2_recovery) StdoutLine: {'line': b"writing manifest file 'x2_recovery.egg-info/SOURCES.txt'\n"}
[0.604410] (-) TimerEvent: {}
[0.605218] (x2_recovery) StdoutLine: {'line': b'running build_ext\n'}
[0.605281] (x2_recovery) StdoutLine: {'line': b'Creating /tmp/x2-final-ros.z4vmp3sx/install/x2_recovery/lib/python3.12/site-packages/x2-recovery.egg-link (link to .)\n'}
[0.605509] (x2_recovery) StdoutLine: {'line': b'Installing recovery_node script to /tmp/x2-final-ros.z4vmp3sx/install/x2_recovery/lib/x2_recovery\n'}
[0.605627] (x2_recovery) StdoutLine: {'line': b'Installing runtime_check script to /tmp/x2-final-ros.z4vmp3sx/install/x2_recovery/lib/x2_recovery\n'}
[0.605714] (x2_recovery) StdoutLine: {'line': b'Installing telemetry_node script to /tmp/x2-final-ros.z4vmp3sx/install/x2_recovery/lib/x2_recovery\n'}
[0.605750] (x2_recovery) StdoutLine: {'line': b'Installing train_recovery script to /tmp/x2-final-ros.z4vmp3sx/install/x2_recovery/lib/x2_recovery\n'}
[0.605811] (x2_recovery) StdoutLine: {'line': b'\n'}
[0.605853] (x2_recovery) StdoutLine: {'line': b'Installed /tmp/x2-final-ros.z4vmp3sx/build/x2_recovery\n'}
[0.605892] (x2_recovery) StdoutLine: {'line': b'running symlink_data\n'}
[0.605958] (x2_recovery) StdoutLine: {'line': b'creating /tmp/x2-final-ros.z4vmp3sx/install/x2_recovery/share/ament_index\n'}
[0.605999] (x2_recovery) StdoutLine: {'line': b'creating /tmp/x2-final-ros.z4vmp3sx/install/x2_recovery/share/ament_index/resource_index\n'}
[0.606029] (x2_recovery) StdoutLine: {'line': b'creating /tmp/x2-final-ros.z4vmp3sx/install/x2_recovery/share/ament_index/resource_index/packages\n'}
[0.606067] (x2_recovery) StdoutLine: {'line': b'symbolically linking /tmp/x2-final-ros.z4vmp3sx/build/x2_recovery/resource/x2_recovery -> /tmp/x2-final-ros.z4vmp3sx/install/x2_recovery/share/ament_index/resource_index/packages\n'}
[0.606146] (x2_recovery) StdoutLine: {'line': b'symbolically linking /tmp/x2-final-ros.z4vmp3sx/build/x2_recovery/package.xml -> /tmp/x2-final-ros.z4vmp3sx/install/x2_recovery/share/x2_recovery\n'}
[0.606175] (x2_recovery) StdoutLine: {'line': b'creating /tmp/x2-final-ros.z4vmp3sx/install/x2_recovery/share/x2_recovery/launch\n'}
[0.606196] (x2_recovery) StdoutLine: {'line': b'symbolically linking /tmp/x2-final-ros.z4vmp3sx/build/x2_recovery/launch/recovery.launch.py -> /tmp/x2-final-ros.z4vmp3sx/install/x2_recovery/share/x2_recovery/launch\n'}
[0.618411] (x2_recovery) CommandEnded: {'returncode': 0}
[0.622131] (x2_recovery) JobEnded: {'identifier': 'x2_recovery', 'rc': 0}
[0.622422] (-) EventReactorShutdown: {}
