[INFO] [launch]: All log files can be found below /home/lang/.ros/log/2026-09-24-22-04-02-336544-lang-323663
[INFO] [launch]: Default logging verbosity is set to INFO
[INFO] [recovery_node-1]: process started with pid [323669]
[INFO] [telemetry_node-2]: process started with pid [323670]
[recovery_node-1] [INFO] [1790258643.440180389] [recovery_node]: {"event": "ready", "controller": "scripted_baseline", "episode": 0, "create_s": 0.7110906670000077, "executable": "/home/lang/RL-AgiBot-X2/.venv/bin/python", "module": "/tmp/x2-review-20260924/ros-build/x2_recovery/x2_recovery/recovery_node.py", "seed": 60, "episode_timeout_s": 20.0, "recovery_timeout_s": 3.0, "control_dt": 0.02, "asset_repo": "/home/lang/.cache/hrs-x2-recovery/agibot_x2_urdf", "controlled_joints": 31}
[recovery_node-1] [INFO] [1790258643.455094014] [recovery_node]: {"event": "accepted", "controller": "scripted_baseline", "episode": 1, "accepted_monotonic_s": 2477.037419597, "deadline_monotonic_s": 2480.037419597, "callback_body_s": 0.00015783400021973648}
[recovery_node-1] [INFO] [1790258643.471090431] [recovery_node]: {"event": "reset_started", "controller": "scripted_baseline", "episode": 1, "monotonic_s": 2477.053547972}
[telemetry_node-2] [INFO] [1790258643.632900139] [telemetry_node]: status=RUNNING joint=left_knee_joint no_sample
[recovery_node-1] [INFO] [1790258644.363519723] [recovery_node]: {"event": "reset_completed", "controller": "scripted_baseline", "episode": 1, "monotonic_s": 2477.945557681, "duration_s": 0.8920097089999217, "elapsed_sim_s": 0.0, "episode_start_time": 1.6609999999999279, "reset_seed": 374032080}
[recovery_node-1] [INFO] [1790258644.497795431] [recovery_node]: {"event": "rejected", "controller": "scripted_baseline", "episode": 1, "status": "RUNNING", "callback_body_s": 1.1669999366858974e-06}
[recovery_node-1] [INFO] [1790258644.541265764] [recovery_node]: {"event": "rejected", "controller": "scripted_baseline", "episode": 1, "status": "RUNNING", "callback_body_s": 1.6250000953732524e-06}
[recovery_node-1] [INFO] [1790258644.587168348] [recovery_node]: {"event": "rejected", "controller": "scripted_baseline", "episode": 1, "status": "RUNNING", "callback_body_s": 1.0410003596916795e-06}
[telemetry_node-2] [INFO] [1790258644.624709431] [telemetry_node]: status=RUNNING joint=left_knee_joint sample position_rad=0.029999 sample_age_s=0.014
[recovery_node-1] [INFO] [1790258644.633343764] [recovery_node]: {"event": "rejected", "controller": "scripted_baseline", "episode": 1, "status": "RUNNING", "callback_body_s": 1.3330000001587905e-06}
[telemetry_node-2] [INFO] [1790258645.624733307] [telemetry_node]: status=RUNNING joint=left_knee_joint sample position_rad=0.136388 sample_age_s=0.019
[recovery_node-1] [INFO] [1790258646.465431974] [recovery_node]: {"event": "finished", "controller": "scripted_baseline", "episode": 1, "status": "FAILED", "reason": "recovery_timeout", "control_steps": 102, "wall_s": 3.0102397519999613, "timeout_overshoot_s": 0.0102397519999613, "elapsed_sim_s": 2.0399999999997753, "environment_result": {"terminated": false, "truncated": false, "is_success": false, "termination_reason": null, "truncation_reason": null, "elapsed_sim_s": 2.0399999999997753, "physics_steps_executed": 20, "stable_duration_s": 0.0, "standing_failures": ["height", "torso_tilt", "left_support", "right_support", "feet_total", "other_weight", "joint_rad_s"], "reward_terms_raw": {"height": -0.00010089432908635954, "upright": -0.0007665505291711838, "standing_hold": 0.0, "torque_cost": 4.538205270593084e-05, "action_change": 3.0266406162223147e-06, "success": 0.0}, "reward_terms": {"height": -0.0003026829872590786, "upright": -0.0007665505291711838, "standing_hold": 0.0, "torque_cost": -9.076410541186169e-07, "action_change": -6.053281232444629e-09, "success": 0.0}, "torque_saturation_fraction": 0.0, "reset_seed": 374032080, "state": {"pelvis_height_m": 0.07573196245802612, "tilt_deg": 72.73995878823852, "left_weight": 0.02774452547584168, "right_weight": 0.026897211595946893, "other_weight": 0.9150928079411066}, "warnings": [0, 0, 0, 0, 0, 0, 0], "control": {"any_saturation_time_fraction": 0.0, "joint_saturation_time_fraction": [0.0, 0.0, 0.0, 0.0, 0.0, 0.0, 0.0, 0.0, 0.0, 0.0, 0.0, 0.0, 0.0, 0.0, 0.0, 0.0, 0.0, 0.0, 0.0, 0.0, 0.0, 0.0, 0.0, 0.0, 0.0, 0.0, 0.0, 0.0, 0.0, 0.0, 0.0], "target_boundary_fraction": 0.0, "raw_torque_abs_max_Nm": 19.023923727182275, "applied_torque_abs_max_Nm": 19.023923727182275, "joint_rad_s": 0.7995383053459157, "joint_limit_rad": 0.0, "floor_penetration_m": 0.0002250830407136556, "self_penetration_m": 0.0}}}
[WARNING] [launch]: user interrupted with ctrl-c (SIGINT)
[INFO] [telemetry_node-2]: sending signal 'SIGINT' to process[telemetry_node-2]
[INFO] [recovery_node-1]: sending signal 'SIGINT' to process[recovery_node-1]
[recovery_node-1] {"event": "closed", "controller": "scripted_baseline", "episode": 1}
[INFO] [telemetry_node-2]: process has finished cleanly [pid 323670]
[INFO] [recovery_node-1]: process has finished cleanly [pid 323669]
