python3:
  Installed: 3.12.3-0ubuntu2.1
  Candidate: 3.12.3-0ubuntu2.1
  Version table:
 *** 3.12.3-0ubuntu2.1 500
        500 http://ports.ubuntu.com/ubuntu-ports noble-updates/main arm64 Packages
        500 http://ports.ubuntu.com/ubuntu-ports noble-security/main arm64 Packages
        100 /var/lib/dpkg/status
     3.12.3-0ubuntu1 500
        500 http://ports.ubuntu.com/ubuntu-ports noble/main arm64 Packages
python3-venv:
  Installed: 3.12.3-0ubuntu2.1
  Candidate: 3.12.3-0ubuntu2.1
  Version table:
 *** 3.12.3-0ubuntu2.1 500
        500 http://ports.ubuntu.com/ubuntu-ports noble-updates/universe arm64 Packages
        500 http://ports.ubuntu.com/ubuntu-ports noble-security/universe arm64 Packages
        100 /var/lib/dpkg/status
     3.12.3-0ubuntu1 500
        500 http://ports.ubuntu.com/ubuntu-ports noble/universe arm64 Packages
python3-pip:
  Installed: 24.0+dfsg-1ubuntu1.3
  Candidate: 24.0+dfsg-1ubuntu1.3
  Version table:
 *** 24.0+dfsg-1ubuntu1.3 500
        500 http://ports.ubuntu.com/ubuntu-ports noble-updates/universe arm64 Packages
        500 http://ports.ubuntu.com/ubuntu-ports noble-security/universe arm64 Packages
        100 /var/lib/dpkg/status
     24.0+dfsg-1ubuntu1 500
        500 http://ports.ubuntu.com/ubuntu-ports noble/universe arm64 Packages
python3-setuptools:
  Installed: 68.1.2-2ubuntu1.2
  Candidate: 68.1.2-2ubuntu1.2
  Version table:
 *** 68.1.2-2ubuntu1.2 500
        500 http://ports.ubuntu.com/ubuntu-ports noble-updates/main arm64 Packages
        500 http://ports.ubuntu.com/ubuntu-ports noble-security/main arm64 Packages
        100 /var/lib/dpkg/status
     68.1.2-2ubuntu1 500
        500 http://ports.ubuntu.com/ubuntu-ports noble/main arm64 Packages
python3-colcon-common-extensions:
  Installed: 0.3.0-100
  Candidate: 0.3.0-100
  Version table:
 *** 0.3.0-100 500
        500 http://packages.ros.org/ros2/ubuntu noble/main arm64 Packages
        100 /var/lib/dpkg/status
python3-numpy:
  Installed: 1:1.26.4+ds-6ubuntu1
  Candidate: 1:1.26.4+ds-6ubuntu1
  Version table:
 *** 1:1.26.4+ds-6ubuntu1 500
        500 http://ports.ubuntu.com/ubuntu-ports noble/main arm64 Packages
        100 /var/lib/dpkg/status
python3-pil:
  Installed: 10.2.0-1ubuntu1.3
  Candidate: 10.2.0-1ubuntu1.3
  Version table:
 *** 10.2.0-1ubuntu1.3 500
        500 http://ports.ubuntu.com/ubuntu-ports noble-updates/main arm64 Packages
        500 http://ports.ubuntu.com/ubuntu-ports noble-security/main arm64 Packages
        100 /var/lib/dpkg/status
     10.2.0-1build1 500
        500 http://ports.ubuntu.com/ubuntu-ports noble/main arm64 Packages
python3-matplotlib:
  Installed: 3.6.3-1ubuntu5
  Candidate: 3.6.3-1ubuntu5
  Version table:
 *** 3.6.3-1ubuntu5 500
        500 http://ports.ubuntu.com/ubuntu-ports noble/universe arm64 Packages
        100 /var/lib/dpkg/status
libosmesa6:
  Installed: 25.1.7-1ubuntu2~24.04.2
  Candidate: 25.1.7-1ubuntu2~24.04.2
  Version table:
 *** 25.1.7-1ubuntu2~24.04.2 500
        500 http://ports.ubuntu.com/ubuntu-ports noble-updates/main arm64 Packages
        500 http://ports.ubuntu.com/ubuntu-ports noble-security/main arm64 Packages
        100 /var/lib/dpkg/status
     24.0.5-1ubuntu1 500
        500 http://ports.ubuntu.com/ubuntu-ports noble/main arm64 Packages
ros-jazzy-rclpy:
  Installed: 7.1.12-1noble.20260902.143245
  Candidate: 7.1.12-1noble.20260902.143245
  Version table:
 *** 7.1.12-1noble.20260902.143245 500
        500 http://packages.ros.org/ros2/ubuntu noble/main arm64 Packages
        100 /var/lib/dpkg/status
ros-jazzy-rmw-fastrtps-cpp:
  Installed: 8.4.4-1noble.20260902.140744
  Candidate: 8.4.4-1noble.20260902.140744
  Version table:
 *** 8.4.4-1noble.20260902.140744 500
        500 http://packages.ros.org/ros2/ubuntu noble/main arm64 Packages
        100 /var/lib/dpkg/status
python3-cffi-backend:arm64 1.16.0-2build1 arm64 installed
python3-colcon-core 0.21.3+upstream-1 all installed
python3-colcon-python-setup-py 0.2.9-100 all installed
python3-colcon-ros 0.5.0+upstream-1 all installed
ros-jazzy-ament-index-python 1.8.4-1noble.20260519.010838 arm64 installed
ros-jazzy-ament-package 0.16.5-1noble.20260121.175232 arm64 installed
ros-jazzy-rcl-interfaces 2.0.4-1noble.20260902.020605 arm64 installed
