+ 1790166736.616320 cwd=/tmp cd /tmp
+ 1790166736.616363 cwd=/tmp MUJOCO_GL=osmesa
+ 1790166736.616366 cwd=/tmp timeout --signal=INT --kill-after=15s 300s /tmp/x2-final-ros.zvwycfdg/repository/.venv/bin/python -m unittest discover -s /tmp/x2-final-ros.zvwycfdg/repository/src/x2_recovery/test -v
test_boundaries_continuity_range_and_final_hold (test_baseline.ReferenceTests.test_boundaries_continuity_range_and_final_hold) ... ok
test_current_initial_copy_purity_and_inheritance (test_baseline.ReferenceTests.test_current_initial_copy_purity_and_inheritance) ... ok
test_names_follow_actual_mapping_not_update_insertion_order (test_baseline.ReferenceTests.test_names_follow_actual_mapping_not_update_insertion_order) ... ok
test_projection_uses_existing_tolerance_and_records_clamps (test_baseline.ReferenceTests.test_projection_uses_existing_tolerance_and_records_clamps) ... ok
test_reject_invalid_parameters (test_baseline.ReferenceTests.test_reject_invalid_parameters) ... ok
test_cancel_during_episode_returns_nonzero_and_keeps_written_state (test_baseline.RunnerTests.test_cancel_during_episode_returns_nonzero_and_keeps_written_state) ... ok
test_nonfinite_measured_output_is_diagnostic_error (test_baseline.RunnerTests.test_nonfinite_measured_output_is_diagnostic_error) ... ok
test_real_short_timeout_partial_substeps_and_closed_resources (test_baseline.RunnerTests.test_real_short_timeout_partial_substeps_and_closed_resources) ... FileExistsError: [Errno 17] File exists: '/tmp/tmp6_tu9shv/run'
ok
test_reset_error_and_cancellation_are_incomplete (test_baseline.RunnerTests.test_reset_error_and_cancellation_are_incomplete) ... ok
test_sequence_end_is_not_success_and_keeps_stepping_real_env (test_baseline.RunnerTests.test_sequence_end_is_not_success_and_keeps_stepping_real_env) ... ok
test_step_error_preserves_first_error_partial_evidence_and_close (test_baseline.RunnerTests.test_step_error_preserves_first_error_partial_evidence_and_close) ... ok
test_summary_failure_nonzero_and_bad_parameters (test_baseline.RunnerTests.test_summary_failure_nonzero_and_bad_parameters) ... Summary write failed: summary unavailable
Diagnostic summary write failed: summary unavailable
ValueError: Nonfinite config: episode_timeout_s
ValueError: Config must be positive: episode_timeout_s
ValueError: Config must be positive: episode_timeout_s
ok
test_synthetic_success_and_safety_stop_once (test_baseline.RunnerTests.test_synthetic_success_and_safety_stop_once) ... ok
test_trajectory_write_error_and_nonfinite_data_do_not_become_failure_outcomes (test_baseline.RunnerTests.test_trajectory_write_error_and_nonfinite_data_do_not_become_failure_outcomes) ... ok
test_balance_density_rejects_airborne_peaks_and_bounds_costs (test_control.ControlTests.test_balance_density_rejects_airborne_peaks_and_bounds_costs) ... ok
test_balance_live_short_timeout_changes_only_reward_and_uses_actual_duration (test_control.ControlTests.test_balance_live_short_timeout_changes_only_reward_and_uses_actual_duration) ... ok
test_balance_reference_roundtrip_preserves_existing_head_guide (test_control.ControlTests.test_balance_reference_roundtrip_preserves_existing_head_guide) ... ok
test_bilateral_mapping_preserves_raw_actions_and_exposes_joint_targets (test_control.ControlTests.test_bilateral_mapping_preserves_raw_actions_and_exposes_joint_targets) ... ok
test_bilateral_real_ppo_predict_shape_without_learning (test_control.ControlTests.test_bilateral_real_ppo_predict_shape_without_learning) ... ok
test_bilateral_version_roundtrip_and_rejection (test_control.ControlTests.test_bilateral_version_roundtrip_and_rejection) ... ok
test_bilateral_zero_residual_preserves_reference_dynamics (test_control.ControlTests.test_bilateral_zero_residual_preserves_reference_dynamics) ... ok
test_config_roundtrip_and_rejection (test_control.ControlTests.test_config_roundtrip_and_rejection) ... ok
test_default_reference_keeps_original_target_and_physics_arithmetic (test_control.ControlTests.test_default_reference_keeps_original_target_and_physics_arithmetic) ... ok
test_dense_reward_preserves_base_termination_and_step_duration (test_control.ControlTests.test_dense_reward_preserves_base_termination_and_step_duration) ... ok
test_head_reference_config_roundtrip_and_rejection (test_control.ControlTests.test_head_reference_config_roundtrip_and_rejection) ... ok
test_head_reference_reward_distinguishes_bridge_airborne_and_late_lying (test_control.ControlTests.test_head_reference_reward_distinguishes_bridge_airborne_and_late_lying) ... ok
test_head_task_live_step_records_post_state_without_changing_physics (test_control.ControlTests.test_head_task_live_step_records_post_state_without_changing_physics) ... ok
test_independent_legs_config_and_layout_are_explicit (test_control.ControlTests.test_independent_legs_config_and_layout_are_explicit) ... ok
test_independent_legs_ppo_checkpoint_rejects_bilateral_space (test_control.ControlTests.test_independent_legs_ppo_checkpoint_rejects_bilateral_space) ... ok
test_independent_legs_zero_prefix_and_one_sided_action (test_control.ControlTests.test_independent_legs_zero_prefix_and_one_sided_action) ... ok
test_jointwise_residual_config_roundtrip_and_validation (test_control.ControlTests.test_jointwise_residual_config_roundtrip_and_validation) ... ok
test_jointwise_residual_mapping_is_observed_and_reset (test_control.ControlTests.test_jointwise_residual_mapping_is_observed_and_reset) ... ok
test_measured_offset_semantics_and_invalid_actions (test_control.ControlTests.test_measured_offset_semantics_and_invalid_actions) ... ok
test_phase_gate_live_prefix_is_exact_zero_residual_and_reset_clears_phase (test_control.ControlTests.test_phase_gate_live_prefix_is_exact_zero_residual_and_reset_clears_phase) ... ok
test_reference_interpolation_dense_frames_and_phase_boundaries (test_control.ControlTests.test_reference_interpolation_dense_frames_and_phase_boundaries) ... ok
test_reset_target_and_rate_are_observed_and_bounded (test_control.ControlTests.test_reset_target_and_rate_are_observed_and_bounded) ... ok
test_residual_phase_config_roundtrip_validation_and_grid_timing (test_control.ControlTests.test_residual_phase_config_roundtrip_validation_and_grid_timing) ... ok
test_search_replay_restores_saved_controller_timing_and_objective_without_physics (test_control.ControlTests.test_search_replay_restores_saved_controller_timing_and_objective_without_physics) ... ok
test_unit_joint_multipliers_preserve_legacy_reference_dynamics (test_control.ControlTests.test_unit_joint_multipliers_preserve_legacy_reference_dynamics) ... ok
test_upright_v2_changes_only_elevation_on_synthetic_measurements (test_control.ControlTests.test_upright_v2_changes_only_elevation_on_synthetic_measurements) ... ok
test_bytewise_model_checks_cover_hash_fields_and_mutations (test_env.RealEnvTests.test_bytewise_model_checks_cover_hash_fields_and_mutations) ... ok
test_full_target_range_and_candidate_pose_coverage (test_env.RealEnvTests.test_full_target_range_and_candidate_pose_coverage) ... ok
test_model_checks_retain_both_transition_boundaries (test_env.RealEnvTests.test_model_checks_retain_both_transition_boundaries) ... ok
test_no_render_resources_and_idempotent_close (test_env.RealEnvTests.test_no_render_resources_and_idempotent_close) ... ok
test_observation_mapping_frames_and_copies (test_env.RealEnvTests.test_observation_mapping_frames_and_copies) ... ok
test_per_substep_pd_mapping_and_applied_torques (test_env.RealEnvTests.test_per_substep_pd_mapping_and_applied_torques) ... ok
test_reset_preserves_actual_handoff_and_history (test_env.RealEnvTests.test_reset_preserves_actual_handoff_and_history) ... ok
test_rgb_render_current_state_and_repeated_cleanup (test_env.RealEnvTests.test_rgb_render_current_state_and_repeated_cleanup) ... ok
test_same_seed_and_action_trajectory_exact (test_env.RealEnvTests.test_same_seed_and_action_trajectory_exact) ... ok
test_ten_resets_seed_sequence_and_two_instances (test_env.RealEnvTests.test_ten_resets_seed_sequence_and_two_instances) ... ok
test_timeout_mid_policy_step_and_wrapper_terminal_observation (test_env.RealEnvTests.test_timeout_mid_policy_step_and_wrapper_terminal_observation) ... ok
test_validated_nonzero_perturbation_reproducible (test_env.RealEnvTests.test_validated_nonzero_perturbation_reproducible) ... ok
test_configuration_validation (test_env.RewardLogicTests.test_configuration_validation) ... ok
test_immediate_vs_delayed_success_and_abort_comparison (test_env.RewardLogicTests.test_immediate_vs_delayed_success_and_abort_comparison) ... ok
test_telescoping_cycles_and_stationary_states (test_env.RewardLogicTests.test_telescoping_cycles_and_stationary_states) ... ok
test_terminal_vs_truncation_and_fixed_gamma (test_env.RewardLogicTests.test_terminal_vs_truncation_and_fixed_gamma) ... ok
test_actual_watchdog_budget_and_float32_overflow (test_env.SyntheticEnvTests.test_actual_watchdog_budget_and_float32_overflow) ... ok
test_drift_qualified_reward_and_standing_only_gate_synthetic (test_env.SyntheticEnvTests.test_drift_qualified_reward_and_standing_only_gate_synthetic) ... ok
test_faults_preserve_first_error_and_require_reset (test_env.SyntheticEnvTests.test_faults_preserve_first_error_and_require_reset) ... ok
test_invalid_action_never_advances_physics (test_env.SyntheticEnvTests.test_invalid_action_never_advances_physics) ... ok
test_one_ms_interruption_seen_inside_policy_step_synthetic (test_env.SyntheticEnvTests.test_one_ms_interruption_seen_inside_policy_step_synthetic) ... ok
test_qualified_reward_integrates_executed_substeps_synthetic (test_env.SyntheticEnvTests.test_qualified_reward_integrates_executed_substeps_synthetic) ... ok
test_reset_failure_no_retry_no_fake_observation (test_env.SyntheticEnvTests.test_reset_failure_no_retry_no_fake_observation) ... ok
test_safety_is_terminated_and_absorbing_potential (test_env.SyntheticEnvTests.test_safety_is_terminated_and_absorbing_potential) ... ok
test_success_midstep_priority_single_bonus_synthetic (test_env.SyntheticEnvTests.test_success_midstep_priority_single_bonus_synthetic) ... ok
test_world_planar_history_transforms_to_body_and_clears (test_env.SyntheticEnvTests.test_world_planar_history_transforms_to_body_and_clears) ... ok
test_balance_evaluation_requires_complete_head_reference_inputs (test_evaluation.EvaluationTests.test_balance_evaluation_requires_complete_head_reference_inputs) ... ok
test_bilateral_probe_batch_and_saved_action_metrics (test_evaluation.EvaluationTests.test_bilateral_probe_batch_and_saved_action_metrics) ... ok
test_controller_batch_uses_native_measurements_and_retains_policy_actions (test_evaluation.EvaluationTests.test_controller_batch_uses_native_measurements_and_retains_policy_actions) ... ok
test_controller_inputs_require_explicit_checkpoint_and_exact_reload_identity (test_evaluation.EvaluationTests.test_controller_inputs_require_explicit_checkpoint_and_exact_reload_identity) ... ok
test_controller_prepare_is_read_only_and_freeze_copies_portable_reload (test_evaluation.EvaluationTests.test_controller_prepare_is_read_only_and_freeze_copies_portable_reload) ... ok
test_controller_probe_and_checkpoint_spaces_are_dynamic_and_strict (test_evaluation.EvaluationTests.test_controller_probe_and_checkpoint_spaces_are_dynamic_and_strict) ... ok
test_environment_identity_checks_semantics_and_bounds (test_evaluation.EvaluationTests.test_environment_identity_checks_semantics_and_bounds) ... ok
test_final_serialization_failure_closes_environment_and_cannot_return_complete (test_evaluation.EvaluationTests.test_final_serialization_failure_closes_environment_and_cannot_return_complete) ... ok
test_five_explicit_boundaries_substep_metrics_and_direct_actions (test_evaluation.EvaluationTests.test_five_explicit_boundaries_substep_metrics_and_direct_actions) ... ok
test_freeze_creates_read_only_manifest_and_verified_input_copies (test_evaluation.EvaluationTests.test_freeze_creates_read_only_manifest_and_verified_input_copies) ... ok
test_independent_legs_probe_batch_and_saved_action_metrics (test_evaluation.EvaluationTests.test_independent_legs_probe_batch_and_saved_action_metrics) ... ok
test_invalid_reset_and_watchdog_preserve_incomplete_attempt (test_evaluation.EvaluationTests.test_invalid_reset_and_watchdog_preserve_incomplete_attempt) ... ok
test_load_inputs_reconstructs_tuples_and_rejects_identity_changes (test_evaluation.EvaluationTests.test_load_inputs_reconstructs_tuples_and_rejects_identity_changes) ... ok
test_partial_transition_is_not_a_completed_episode (test_evaluation.EvaluationTests.test_partial_transition_is_not_a_completed_episode) ... ok
test_policy_parameters_and_buffers_remain_read_only (test_evaluation.EvaluationTests.test_policy_parameters_and_buffers_remain_read_only) ... ok
test_reset_predict_step_and_recording_errors_stop_without_fabrication (test_evaluation.EvaluationTests.test_reset_predict_step_and_recording_errors_stop_without_fabrication) ... ok
test_saved_csv_and_extra_reset_cannot_pass_verification (test_evaluation.EvaluationTests.test_saved_csv_and_extra_reset_cannot_pass_verification) ... ok
test_saved_summary_and_input_snapshot_tampering_are_rejected (test_evaluation.EvaluationTests.test_saved_summary_and_input_snapshot_tampering_are_rejected) ... ok
test_seed_and_path_validation_precedes_preparation (test_evaluation.EvaluationTests.test_seed_and_path_validation_precedes_preparation) ... ok
test_strict_json_rejects_nonfinite_values (test_evaluation.EvaluationTests.test_strict_json_rejects_nonfinite_values) ... ok
test_freefall_expectation_is_discrete_euler_and_rejects_other_integrators (test_model.CloseoutTests.test_freefall_expectation_is_discrete_euler_and_rejects_other_integrators) ... ok
test_penetration_pair_separates_floor_peak_and_final (test_model.CloseoutTests.test_penetration_pair_separates_floor_peak_and_final) ... ok
test_review_requires_matching_physics_probe_and_pixels (test_model.CloseoutTests.test_review_requires_matching_physics_probe_and_pixels) ... ok
test_same_report_path_reads_review_before_invalidation (test_model.CloseoutTests.test_same_report_path_reads_review_before_invalidation) ... ok
test_failed_run_replaces_stale_complete_report (test_model.ModelTests.test_failed_run_replaces_stale_complete_report) ... ok
test_independent_repeated_load_after_mutation (test_model.ModelTests.test_independent_repeated_load_after_mutation) ... ok
test_missing_path_and_wrong_pin_hash_fail_clearly (test_model.ModelTests.test_missing_path_and_wrong_pin_hash_fail_clearly) ... ok
test_nonzero_named_mapping_and_example (test_model.ModelTests.test_nonzero_named_mapping_and_example) ... ok
test_offline_load_from_another_cwd_without_heavy_imports (test_model.ModelTests.test_offline_load_from_another_cwd_without_heavy_imports) ... ok
test_patch_preconditions_cannot_silently_fall_back (test_model.ModelTests.test_patch_preconditions_cannot_silently_fall_back) ... ok
test_pelvis_full_tensor_and_conservative_ranges (test_model.ModelTests.test_pelvis_full_tensor_and_conservative_ranges) ... ok
test_strict_nonfinite_and_stale_visual_review_fail (test_model.ModelTests.test_strict_nonfinite_and_stale_visual_review_fail) ... ok
test_unexpected_mapping_and_actuation_are_rejected (test_model.ModelTests.test_unexpected_mapping_and_actuation_are_rejected) ... ok
test_wrong_expected_force_fails_and_unclipped_input_saturates (test_model.ModelTests.test_wrong_expected_force_fails_and_unclipped_input_saturates) ... ok
test_actual_handoff_state_time_and_callback_equivalence (test_reset.ResetTests.test_actual_handoff_state_time_and_callback_equivalence) ... ok
test_clear_previous_episode_and_seeded_construction (test_reset.ResetTests.test_clear_previous_episode_and_seeded_construction) ... ok
test_invalid_seed_settings_model_and_collision_are_rejected (test_reset.ResetTests.test_invalid_seed_settings_model_and_collision_are_rejected) ... ok
test_limit_margin_is_part_of_physics_identity (test_reset.ResetTests.test_limit_margin_is_part_of_physics_identity) ... ok
test_observer_interference_and_callback_are_not_hidden (test_reset.ResetTests.test_observer_interference_and_callback_are_not_hidden) ... ok
test_real_head_motion_and_neutral_controls_on_error (test_reset.ResetTests.test_real_head_motion_and_neutral_controls_on_error) ... ok
test_reject_prone_sideways_unsupported_motion_and_penetration (test_reset.ResetTests.test_reject_prone_sideways_unsupported_motion_and_penetration) ... ok
test_timeout_never_returns_ready (test_reset.ResetTests.test_timeout_never_returns_ready) ... ok
test_acceptance_pending_busy_no_environment_calls_or_mutation (test_ros_nodes.RecoveryLogicTests.test_acceptance_pending_busy_no_environment_calls_or_mutation) ... [INFO] [1790166817.030937652] [recovery_node]: {"event": "ready", "controller": "scripted_baseline", "episode": 0, "create_s": 0.0, "executable": "/tmp/x2-final-ros.zvwycfdg/repository/.venv/bin/python", "module": "/tmp/x2-final-ros.zvwycfdg/build/x2_recovery/x2_recovery/recovery_node.py", "seed": 60, "episode_timeout_s": 20.0, "recovery_timeout_s": 30.0, "control_dt": 0.02, "asset_repo": "synthetic"}
ok
test_after_reset_deadline_and_after_action_deadline (test_ros_nodes.RecoveryLogicTests.test_after_reset_deadline_and_after_action_deadline) ... [INFO] [1790166817.043186235] [recovery_node]: {"event": "ready", "controller": "scripted_baseline", "episode": 0, "create_s": 0.0, "executable": "/tmp/x2-final-ros.zvwycfdg/repository/.venv/bin/python", "module": "/tmp/x2-final-ros.zvwycfdg/build/x2_recovery/x2_recovery/recovery_node.py", "seed": 60, "episode_timeout_s": 20.0, "recovery_timeout_s": 30.0, "control_dt": 0.02, "asset_repo": "synthetic"}
ok
test_before_reset_and_before_step_deadline_boundary (test_ros_nodes.RecoveryLogicTests.test_before_reset_and_before_step_deadline_boundary) ... [INFO] [1790166817.047646027] [recovery_node]: {"event": "ready", "controller": "scripted_baseline", "episode": 0, "create_s": 0.0, "executable": "/tmp/x2-final-ros.zvwycfdg/repository/.venv/bin/python", "module": "/tmp/x2-final-ros.zvwycfdg/build/x2_recovery/x2_recovery/recovery_node.py", "seed": 60, "episode_timeout_s": 20.0, "recovery_timeout_s": 30.0, "control_dt": 0.02, "asset_repo": "synthetic"}
ok
test_deadline_can_expire_during_reset_start_logging (test_ros_nodes.RecoveryLogicTests.test_deadline_can_expire_during_reset_start_logging) ... [INFO] [1790166817.051337235] [recovery_node]: {"event": "ready", "controller": "scripted_baseline", "episode": 0, "create_s": 0.0, "executable": "/tmp/x2-final-ros.zvwycfdg/repository/.venv/bin/python", "module": "/tmp/x2-final-ros.zvwycfdg/build/x2_recovery/x2_recovery/recovery_node.py", "seed": 60, "episode_timeout_s": 20.0, "recovery_timeout_s": 30.0, "control_dt": 0.02, "asset_repo": "synthetic"}
ok
test_exact_deadline_success_fails_and_timely_success_survives_later_logging (test_ros_nodes.RecoveryLogicTests.test_exact_deadline_success_fails_and_timely_success_survives_later_logging) ... [INFO] [1790166817.054890277] [recovery_node]: {"event": "ready", "controller": "scripted_baseline", "episode": 0, "create_s": 0.0, "executable": "/tmp/x2-final-ros.zvwycfdg/repository/.venv/bin/python", "module": "/tmp/x2-final-ros.zvwycfdg/build/x2_recovery/x2_recovery/recovery_node.py", "seed": 60, "episode_timeout_s": 20.0, "recovery_timeout_s": 30.0, "control_dt": 0.02, "asset_repo": "synthetic"}
ok
test_first_error_retains_environment_evidence_without_requery (test_ros_nodes.RecoveryLogicTests.test_first_error_retains_environment_evidence_without_requery) ... [INFO] [1790166817.059373318] [recovery_node]: {"event": "ready", "controller": "scripted_baseline", "episode": 0, "create_s": 0.0, "executable": "/tmp/x2-final-ros.zvwycfdg/repository/.venv/bin/python", "module": "/tmp/x2-final-ros.zvwycfdg/build/x2_recovery/x2_recovery/recovery_node.py", "seed": 60, "episode_timeout_s": 20.0, "recovery_timeout_s": 30.0, "control_dt": 0.02, "asset_repo": "synthetic"}
ok
test_invalid_state_overrides_success_and_is_not_published (test_ros_nodes.RecoveryLogicTests.test_invalid_state_overrides_success_and_is_not_published) ... [INFO] [1790166817.063244985] [recovery_node]: {"event": "ready", "controller": "scripted_baseline", "episode": 0, "create_s": 0.0, "executable": "/tmp/x2-final-ros.zvwycfdg/repository/.venv/bin/python", "module": "/tmp/x2-final-ros.zvwycfdg/build/x2_recovery/x2_recovery/recovery_node.py", "seed": 60, "episode_timeout_s": 20.0, "recovery_timeout_s": 30.0, "control_dt": 0.02, "asset_repo": "synthetic"}
ok
test_joint_snapshot_is_actual_mapping_and_detached (test_ros_nodes.RecoveryLogicTests.test_joint_snapshot_is_actual_mapping_and_detached) ... [INFO] [1790166817.067384277] [recovery_node]: {"event": "ready", "controller": "scripted_baseline", "episode": 0, "create_s": 0.0, "executable": "/tmp/x2-final-ros.zvwycfdg/repository/.venv/bin/python", "module": "/tmp/x2-final-ros.zvwycfdg/build/x2_recovery/x2_recovery/recovery_node.py", "seed": 60, "episode_timeout_s": 20.0, "recovery_timeout_s": 30.0, "control_dt": 0.02, "asset_repo": "synthetic"}
ok
test_late_environment_success_keeps_evidence_but_fails_ros (test_ros_nodes.RecoveryLogicTests.test_late_environment_success_keeps_evidence_but_fails_ros) ... [INFO] [1790166817.071259360] [recovery_node]: {"event": "ready", "controller": "scripted_baseline", "episode": 0, "create_s": 0.0, "executable": "/tmp/x2-final-ros.zvwycfdg/repository/.venv/bin/python", "module": "/tmp/x2-final-ros.zvwycfdg/build/x2_recovery/x2_recovery/recovery_node.py", "seed": 60, "episode_timeout_s": 20.0, "recovery_timeout_s": 30.0, "control_dt": 0.02, "asset_repo": "synthetic"}
ok
test_reset_separate_callback_each_step_single_and_fresh_keyframes (test_ros_nodes.RecoveryLogicTests.test_reset_separate_callback_each_step_single_and_fresh_keyframes) ... [INFO] [1790166817.075405860] [recovery_node]: {"event": "ready", "controller": "scripted_baseline", "episode": 0, "create_s": 0.0, "executable": "/tmp/x2-final-ros.zvwycfdg/repository/.venv/bin/python", "module": "/tmp/x2-final-ros.zvwycfdg/build/x2_recovery/x2_recovery/recovery_node.py", "seed": 60, "episode_timeout_s": 20.0, "recovery_timeout_s": 30.0, "control_dt": 0.02, "asset_repo": "synthetic"}
ok
test_reset_step_action_and_nonfinite_faults_allow_explicit_retry (test_ros_nodes.RecoveryLogicTests.test_reset_step_action_and_nonfinite_faults_allow_explicit_retry) ... [INFO] [1790166817.079269068] [recovery_node]: {"event": "ready", "controller": "scripted_baseline", "episode": 0, "create_s": 0.0, "executable": "/tmp/x2-final-ros.zvwycfdg/repository/.venv/bin/python", "module": "/tmp/x2-final-ros.zvwycfdg/build/x2_recovery/x2_recovery/recovery_node.py", "seed": 60, "episode_timeout_s": 20.0, "recovery_timeout_s": 30.0, "control_dt": 0.02, "asset_repo": "synthetic"}
ok
test_sequence_finished_and_large_reward_are_not_success (test_ros_nodes.RecoveryLogicTests.test_sequence_finished_and_large_reward_are_not_success) ... [INFO] [1790166817.083267568] [recovery_node]: {"event": "ready", "controller": "scripted_baseline", "episode": 0, "create_s": 0.0, "executable": "/tmp/x2-final-ros.zvwycfdg/repository/.venv/bin/python", "module": "/tmp/x2-final-ros.zvwycfdg/build/x2_recovery/x2_recovery/recovery_node.py", "seed": 60, "episode_timeout_s": 20.0, "recovery_timeout_s": 30.0, "control_dt": 0.02, "asset_repo": "synthetic"}
ok
test_shutdown_cancels_pending_and_closes_once (test_ros_nodes.RecoveryLogicTests.test_shutdown_cancels_pending_and_closes_once) ... [INFO] [1790166817.087035110] [recovery_node]: {"event": "ready", "controller": "scripted_baseline", "episode": 0, "create_s": 0.0, "executable": "/tmp/x2-final-ros.zvwycfdg/repository/.venv/bin/python", "module": "/tmp/x2-final-ros.zvwycfdg/build/x2_recovery/x2_recovery/recovery_node.py", "seed": 60, "episode_timeout_s": 20.0, "recovery_timeout_s": 30.0, "control_dt": 0.02, "asset_repo": "synthetic"}
ok
test_startup_cleanup_does_not_replace_first_error (test_ros_nodes.RecoveryLogicTests.test_startup_cleanup_does_not_replace_first_error) ... [INFO] [1790166817.091821527] [recovery_node]: {"event": "ready", "controller": "scripted_baseline", "episode": 0, "create_s": 0.0, "executable": "/tmp/x2-final-ros.zvwycfdg/repository/.venv/bin/python", "module": "/tmp/x2-final-ros.zvwycfdg/build/x2_recovery/x2_recovery/recovery_node.py", "seed": 60, "episode_timeout_s": 20.0, "recovery_timeout_s": 30.0, "control_dt": 0.02, "asset_repo": "synthetic"}
[WARN] [1790166817.092036902] [rcl.logging_rosout]: Publisher already registered for node name: 'recovery_node'. If this is due to multiple nodes with the same name then all logs for the logger named 'recovery_node' will go out over the existing publisher. As soon as any node with that name is destructed it will unregister the publisher, preventing any further logs for that name from being published on the rosout topic.
Secondary startup cleanup error: RuntimeError: secondary cleanup
ok
test_startup_parameters_and_runtime_changes_rejected (test_ros_nodes.RecoveryLogicTests.test_startup_parameters_and_runtime_changes_rejected) ... [INFO] [1790166817.097543985] [recovery_node]: {"event": "ready", "controller": "scripted_baseline", "episode": 0, "create_s": 0.0, "executable": "/tmp/x2-final-ros.zvwycfdg/repository/.venv/bin/python", "module": "/tmp/x2-final-ros.zvwycfdg/build/x2_recovery/x2_recovery/recovery_node.py", "seed": 60, "episode_timeout_s": 20.0, "recovery_timeout_s": 30.0, "control_dt": 0.02, "asset_repo": "synthetic"}
[WARN] [1790166817.097610360] [rcl.logging_rosout]: Publisher already registered for node name: 'recovery_node'. If this is due to multiple nodes with the same name then all logs for the logger named 'recovery_node' will go out over the existing publisher. As soon as any node with that name is destructed it will unregister the publisher, preventing any further logs for that name from being published on the rosout topic.
ok
test_success_safety_and_truncation_mapping (test_ros_nodes.RecoveryLogicTests.test_success_safety_and_truncation_mapping) ... [INFO] [1790166817.109378818] [recovery_node]: {"event": "ready", "controller": "scripted_baseline", "episode": 0, "create_s": 0.0, "executable": "/tmp/x2-final-ros.zvwycfdg/repository/.venv/bin/python", "module": "/tmp/x2-final-ros.zvwycfdg/build/x2_recovery/x2_recovery/recovery_node.py", "seed": 60, "episode_timeout_s": 20.0, "recovery_timeout_s": 30.0, "control_dt": 0.02, "asset_repo": "synthetic"}
ok
test_unrecoverable_resource_error_stops_accepting (test_ros_nodes.RecoveryLogicTests.test_unrecoverable_resource_error_stops_accepting) ... [INFO] [1790166817.113486735] [recovery_node]: {"event": "ready", "controller": "scripted_baseline", "episode": 0, "create_s": 0.0, "executable": "/tmp/x2-final-ros.zvwycfdg/repository/.venv/bin/python", "module": "/tmp/x2-final-ros.zvwycfdg/build/x2_recovery/x2_recovery/recovery_node.py", "seed": 60, "episode_timeout_s": 20.0, "recovery_timeout_s": 30.0, "control_dt": 0.02, "asset_repo": "synthetic"}
ok
test_invalid_messages_rejected_keep_last_valid_without_restamping (test_ros_nodes.TelemetryLogicTests.test_invalid_messages_rejected_keep_last_valid_without_restamping) ... [WARN] [1790166817.116949527] [telemetry_node]: Ignoring invalid joint sample: Joint names must be nonempty and unique
[WARN] [1790166817.117129527] [telemetry_node]: Ignoring invalid joint sample: Joint name/position length mismatch
[WARN] [1790166817.117276818] [telemetry_node]: Ignoring invalid joint sample: Invalid joint velocity
[WARN] [1790166817.117420402] [telemetry_node]: Ignoring invalid joint sample: Invalid joint effort
[WARN] [1790166817.117557693] [telemetry_node]: Ignoring invalid joint sample: Invalid joint position
[WARN] [1790166817.117690152] [telemetry_node]: Ignoring invalid joint sample: Invalid joint velocity
[WARN] [1790166817.117834693] [telemetry_node]: Ignoring invalid joint sample: Joint names must be nonempty and unique
ok
test_waiting_missing_joint_terminal_and_new_running_old_sample (test_ros_nodes.TelemetryLogicTests.test_waiting_missing_joint_terminal_and_new_running_old_sample) ... [WARN] [1790166817.121170527] [telemetry_node]: Ignoring invalid recovery status: BUSY
ok
test_many_small_contacts_accumulate (test_success.ContactLogicTests.test_many_small_contacts_accumulate) ... ok
test_opposed_tangential_forces_do_not_cancel (test_success.ContactLogicTests.test_opposed_tangential_forces_do_not_cancel) ... ok
test_rotated_frame_and_floor_in_both_geom_positions (test_success.ContactLogicTests.test_rotated_frame_and_floor_in_both_geom_positions) ... ok
test_self_contact_and_inactive_and_zero_force (test_success.ContactLogicTests.test_self_contact_and_inactive_and_zero_force) ... ok
test_signed_negative_vertical_fails (test_success.ContactLogicTests.test_signed_negative_vertical_fails) ... ok
test_deadline_before_exact_and_after (test_success.SuccessLogicTests.test_deadline_before_exact_and_after) ... ok
test_drift_boundaries_and_maximum_from_origin (test_success.SuccessLogicTests.test_drift_boundaries_and_maximum_from_origin) ... ok
test_each_scalar_upper_boundary (test_success.SuccessLogicTests.test_each_scalar_upper_boundary) ... ok
test_first_sample_receives_no_free_timestep (test_success.SuccessLogicTests.test_first_sample_receives_no_free_timestep) ... ok
test_full_two_seconds_not_early (test_success.SuccessLogicTests.test_full_two_seconds_not_early) ... ok
test_height_boundary (test_success.SuccessLogicTests.test_height_boundary) ... ok
test_interrupted_time_not_accumulated (test_success.SuccessLogicTests.test_interrupted_time_not_accumulated) ... ok
test_left_right_support_boundaries (test_success.SuccessLogicTests.test_left_right_support_boundaries) ... ok
test_new_episode_and_instance_isolation (test_success.SuccessLogicTests.test_new_episode_and_instance_isolation) ... ok
test_nonfinite_configuration_and_measurements (test_success.SuccessLogicTests.test_nonfinite_configuration_and_measurements) ... ok
test_origin_and_execution_gate_logic_only (test_success.SuccessLogicTests.test_origin_and_execution_gate_logic_only) ... ok
test_repeat_timestamp_no_credit_or_new_reference (test_success.SuccessLogicTests.test_repeat_timestamp_no_credit_or_new_reference) ... ok
test_rollback_reset_gap_and_nonuniform_samples_invalid (test_success.SuccessLogicTests.test_rollback_reset_gap_and_nonuniform_samples_invalid) ... ok
test_standing_fixture_never_recovery (test_success.SuccessLogicTests.test_standing_fixture_never_recovery) ... ok
test_substep_violation_cannot_hide_in_policy_step (test_success.SuccessLogicTests.test_substep_violation_cannot_hide_in_policy_step) ... ok
test_torso_boundary_and_inversion (test_success.SuccessLogicTests.test_torso_boundary_and_inversion) ... ok
test_total_support_bounds (test_success.SuccessLogicTests.test_total_support_bounds) ... ok
test_actual_velocity_api_against_jacobians (test_success.X2MeasurementTests.test_actual_velocity_api_against_jacobians) ... ok
test_changed_model_and_mapping_rejected (test_success.X2MeasurementTests.test_changed_model_and_mapping_rejected) ... ok
test_invalid_forces_state_and_controls_rejected (test_success.X2MeasurementTests.test_invalid_forces_state_and_controls_rejected) ... ok
test_mapping_weight_axes_and_read_only_measurement (test_success.X2MeasurementTests.test_mapping_weight_axes_and_read_only_measurement) ... ok
test_real_reset_handoff_origin_and_residual_state (test_success.X2MeasurementTests.test_real_reset_handoff_origin_and_residual_state) ... ok
test_control_budget_and_path_rejected_before_creation (test_training.ControlBlockTests.test_control_budget_and_path_rejected_before_creation) ... ok
test_distribution_diagnostic_is_read_only_and_not_noise_weight_std (test_training.ControlBlockTests.test_distribution_diagnostic_is_read_only_and_not_noise_weight_std) ... ok
test_exploration_phase_real_sb3_policy_without_env_or_optimizer_step (test_training.ControlBlockTests.test_exploration_phase_real_sb3_policy_without_env_or_optimizer_step) ... ok
test_exploration_phase_validation_before_output_creation (test_training.ControlBlockTests.test_exploration_phase_validation_before_output_creation) ... ok
test_interrupted_update_publication_keeps_previous_checkpoint_pair (test_training.ControlBlockTests.test_interrupted_update_publication_keeps_previous_checkpoint_pair) ... ok
test_provenance_snapshots_actual_imported_sources_at_logical_paths (test_training.ControlBlockTests.test_provenance_snapshots_actual_imported_sources_at_logical_paths) ... ok
test_synthetic_block_resume_keeps_optimizer_and_dynamic_rollout_shapes (test_training.ControlBlockTests.test_synthetic_block_resume_keeps_optimizer_and_dynamic_rollout_shapes) ... ok
test_synthetic_first_success_retains_pre_update_weights_and_episode (test_training.ControlBlockTests.test_synthetic_first_success_retains_pre_update_weights_and_episode) ... ok
test_synthetic_step_error_recovers_published_generation_and_closes_env (test_training.ControlBlockTests.test_synthetic_step_error_recovers_published_generation_and_closes_env) ... ok
test_valid_update_checks_both_hashes_and_accepts_legacy_layout (test_training.ControlBlockTests.test_valid_update_checks_both_hashes_and_accepts_legacy_layout) ... ok
test_budget_before_first_update_is_interrupted_and_closes_resources (test_training.TrainingTests.test_budget_before_first_update_is_interrupted_and_closes_resources) ... ok
test_config_roundtrip_restores_immutable_nested_tuples (test_training.TrainingTests.test_config_roundtrip_restores_immutable_nested_tuples) ... ok
test_exception_cleanup_and_no_initial_checkpoint (test_training.TrainingTests.test_exception_cleanup_and_no_initial_checkpoint) ... ok
test_existing_directory_and_invalid_parent_are_not_overwritten (test_training.TrainingTests.test_existing_directory_and_invalid_parent_are_not_overwritten) ... ok
test_formal_plan_requires_verified_smoke_quality_and_matching_config (test_training.TrainingTests.test_formal_plan_requires_verified_smoke_quality_and_matching_config) ... ok
test_gamma_mismatch_rejected (test_training.TrainingTests.test_gamma_mismatch_rejected) ... ok
test_initial_or_critic_only_or_log_std_only_is_not_training_evidence (test_training.TrainingTests.test_initial_or_critic_only_or_log_std_only_is_not_training_evidence) ... ok
test_invalid_types_shapes_and_budgets_rejected (test_training.TrainingTests.test_invalid_types_shapes_and_budgets_rejected) ... ok
test_nonfinite_gradient_stops_before_optimizer_step (test_training.TrainingTests.test_nonfinite_gradient_stops_before_optimizer_step) ... ok
test_partial_after_complete_update_retains_only_trained_rollout_count (test_training.TrainingTests.test_partial_after_complete_update_retains_only_trained_rollout_count) ... {"output_dir": "/tmp/tmp2fiougu1/run", "execution_completed": false, "recovery_success": null, "termination_reason": null, "truncation_reason": null, "execution_error": {"type": "KeyboardInterrupt", "message": "", "evidence": null}, "elapsed_sim_s": 0.0, "control_steps": 0, "physics_steps": 0}
{"output_dir": "/tmp/tmps6_vddad/run", "execution_completed": false, "recovery_success": null, "termination_reason": null, "truncation_reason": null, "execution_error": {"type": "EnvExecutionError", "message": "first error", "evidence": {"invalid_numeric": "nan"}}, "elapsed_sim_s": 0.019999999999997797, "control_steps": 1, "physics_steps": 20}
{"output_dir": "/tmp/tmp9nbb9fy4/run", "execution_completed": false, "recovery_success": null, "termination_reason": null, "truncation_reason": "time_limit", "execution_error": {"type": "OSError", "message": "summary unavailable", "evidence": null}, "elapsed_sim_s": 0.022999999999997467, "control_steps": 2, "physics_steps": 23}
{"output_dir": "/tmp/tmp9nbb9fy4/run/.0205", "execution_completed": false, "recovery_success": null, "termination_reason": null, "truncation_reason": null, "execution_error": {"type": "ValueError", "message": "Timeout must align to physics timestep", "evidence": null}, "elapsed_sim_s": null, "control_steps": 0, "physics_steps": 0}
Using cpu device
Using cpu device
Using cpu device
Early stopping at step 1 due to reaching max kl: 0.42
{"rollout": 1, "sampled_transitions": 8, "trained_rollout_transitions": 8, "optimizer_steps": 2, "sb3_n_updates": 2, "learn_seconds": 0.03486774999987574, "cycle_seconds": 0.03486791699992864, "optimization_seconds": 0.008998124999834545, "transitions_per_second": 229.43727897529334, "policy_loss": -0.006262779235839844, "value_loss": 1.377241810162862, "entropy_loss": -12.989378611246744, "total_loss": 0.1602138876914978, "approx_kl": 0.4167567193508148, "explained_variance": 0.5209700465202332, "undefined_reason": ""}
ok
test_partial_rollout_and_episode_are_not_completed (test_training.TrainingTests.test_partial_rollout_and_episode_are_not_completed) ... ok
test_plain_ppo_load_in_new_process_matches_synthetic_observations (test_training.TrainingTests.test_plain_ppo_load_in_new_process_matches_synthetic_observations) ... Using cpu device
Using cpu device
Early stopping at step 1 due to reaching max kl: 0.42
{"rollout": 1, "sampled_transitions": 8, "trained_rollout_transitions": 8, "optimizer_steps": 2, "sb3_n_updates": 2, "learn_seconds": 0.031129167000017333, "cycle_seconds": 0.031129375000091386, "optimization_seconds": 0.007963000000017928, "transitions_per_second": 256.99198907708603, "policy_loss": -0.006262779235839844, "value_loss": 1.377241810162862, "entropy_loss": -12.989378611246744, "total_loss": 0.1602138876914978, "approx_kl": 0.4167567193508148, "explained_variance": 0.5209700465202332, "undefined_reason": ""}
ok
test_plot_from_saved_logs (test_training.TrainingTests.test_plot_from_saved_logs) ... Using cpu device
Early stopping at step 1 due to reaching max kl: 0.42
{"rollout": 1, "sampled_transitions": 8, "trained_rollout_transitions": 8, "optimizer_steps": 2, "sb3_n_updates": 2, "learn_seconds": 0.03552920899983292, "cycle_seconds": 0.035529333999875234, "optimization_seconds": 0.009862750000138476, "transitions_per_second": 225.16605574503853, "policy_loss": -0.006262779235839844, "value_loss": 1.377241810162862, "entropy_loss": -12.989378611246744, "total_loss": 0.1602138876914978, "approx_kl": 0.4167567193508148, "explained_variance": 0.5209700465202332, "undefined_reason": ""}
ok
test_raw_gaussian_actions_are_retained_in_buffer (test_training.TrainingTests.test_raw_gaussian_actions_are_retained_in_buffer) ... Using cpu device
{"rollout": 1, "sampled_transitions": 8, "trained_rollout_transitions": 8, "optimizer_steps": 4, "sb3_n_updates": 2, "learn_seconds": 0.029883459000075163, "cycle_seconds": 0.029883666999921843, "optimization_seconds": 0.012720040999965931, "transitions_per_second": 267.7047632748994, "policy_loss": -0.009611597284674644, "value_loss": 1.3121152222156525, "entropy_loss": -105.98974990844727, "total_loss": 0.5439019203186035, "approx_kl": 0.0009182989597320557, "explained_variance": 0.5190840363502502, "undefined_reason": ""}
ok
test_real_optimizer_counts_gradients_parameter_changes_and_last_log (test_training.TrainingTests.test_real_optimizer_counts_gradients_parameter_changes_and_last_log) ... Using cpu device
Early stopping at step 1 due to reaching max kl: 0.42
{"rollout": 1, "sampled_transitions": 8, "trained_rollout_transitions": 8, "optimizer_steps": 2, "sb3_n_updates": 2, "learn_seconds": 0.031853541999907975, "cycle_seconds": 0.03185366699995029, "optimization_seconds": 0.007731499999863445, "transitions_per_second": 251.14847844715914, "policy_loss": -0.006262779235839844, "value_loss": 1.377241810162862, "entropy_loss": -12.989378611246744, "total_loss": 0.1602138876914978, "approx_kl": 0.4167567193508148, "explained_variance": 0.5209700465202332, "undefined_reason": ""}
Early stopping at step 1 due to reaching max kl: 0.15
{"rollout": 2, "sampled_transitions": 16, "trained_rollout_transitions": 16, "optimizer_steps": 4, "sb3_n_updates": 4, "learn_seconds": 0.06979245899992748, "cycle_seconds": 0.03778533300010167, "optimization_seconds": 0.0074877909999031544, "transitions_per_second": 211.72236327726617, "policy_loss": -0.07924035439888637, "value_loss": 2.1370871464411416, "entropy_loss": -12.993182500203451, "total_loss": 0.5441129207611084, "approx_kl": 0.14590519666671753, "explained_variance": -0.02937614917755127, "undefined_reason": ""}
ok
test_sampling_gate_needs_twenty_complete_episodes (test_training.TrainingTests.test_sampling_gate_needs_twenty_complete_episodes) ... ok
test_strict_json_does_not_hide_invalid_numbers (test_training.TrainingTests.test_strict_json_does_not_hide_invalid_numbers) ... ok
test_terminated_truncated_terminal_observation_and_auto_reset (test_training.TrainingTests.test_terminated_truncated_terminal_observation_and_auto_reset) ... ok
test_timeout_bootstrap_does_not_pollute_episode_returns (test_training.TrainingTests.test_timeout_bootstrap_does_not_pollute_episode_returns) ... Using cpu device
Early stopping at step 1 due to reaching max kl: 0.43
{"rollout": 1, "sampled_transitions": 8, "trained_rollout_transitions": 8, "optimizer_steps": 2, "sb3_n_updates": 2, "learn_seconds": 0.034003541999936715, "cycle_seconds": 0.03400362499996845, "optimization_seconds": 0.007954833999974653, "transitions_per_second": 235.26903381646582, "policy_loss": -0.01133960485458374, "value_loss": 2.1618518829345703, "entropy_loss": -12.989113807678223, "total_loss": 0.6981469392776489, "approx_kl": 0.4328575134277344, "explained_variance": 0.0, "undefined_reason": ""}
ok

----------------------------------------------------------------------
Ran 183 tests in 84.818s

OK
