Type: std_msgs/msg/String

Publisher count: 1

Node name: recovery_node
Node namespace: /
Topic type: std_msgs/msg/String
Topic type hash: RIHS01_df668c740482bbd48fb39d76a70dfd4bd59db1288021743503259e948f6b1a18
Endpoint type: PUBLISHER
GID: 01.0f.23.c4.2a.84.f8.da.00.00.00.00.00.00.13.03
QoS profile:
  Reliability: RELIABLE
  History (Depth): UNKNOWN
  Durability: TRANSIENT_LOCAL
  Lifespan: Infinite
  Deadline: Infinite
  Liveliness: AUTOMATIC
  Liveliness lease duration: Infinite

Subscription count: 1

Node name: telemetry_node
Node namespace: /
Topic type: std_msgs/msg/String
Topic type hash: RIHS01_df668c740482bbd48fb39d76a70dfd4bd59db1288021743503259e948f6b1a18
Endpoint type: SUBSCRIPTION
GID: 01.0f.23.c4.2b.84.3e.d8.00.00.00.00.00.00.13.04
QoS profile:
  Reliability: RELIABLE
  History (Depth): UNKNOWN
  Durability: TRANSIENT_LOCAL
  Lifespan: Infinite
  Deadline: Infinite
  Liveliness: AUTOMATIC
  Liveliness lease duration: Infinite

