Type: sensor_msgs/msg/JointState

Publisher count: 1

Node name: recovery_node
Node namespace: /
Topic type: sensor_msgs/msg/JointState
Topic type hash: RIHS01_a13ee3a330e346c9d87b5aa18d24e11690752bd33a0350f11c5882bc9179260e
Endpoint type: PUBLISHER
GID: 01.0f.23.c4.05.f0.46.3a.00.00.00.00.00.00.14.03
QoS profile:
  Reliability: RELIABLE
  History (Depth): UNKNOWN
  Durability: VOLATILE
  Lifespan: Infinite
  Deadline: Infinite
  Liveliness: AUTOMATIC
  Liveliness lease duration: Infinite

Subscription count: 2

Node name: telemetry_node
Node namespace: /
Topic type: sensor_msgs/msg/JointState
Topic type hash: RIHS01_a13ee3a330e346c9d87b5aa18d24e11690752bd33a0350f11c5882bc9179260e
Endpoint type: SUBSCRIPTION
GID: 01.0f.23.c4.06.f0.40.41.00.00.00.00.00.00.14.04
QoS profile:
  Reliability: RELIABLE
  History (Depth): UNKNOWN
  Durability: VOLATILE
  Lifespan: Infinite
  Deadline: Infinite
  Liveliness: AUTOMATIC
  Liveliness lease duration: Infinite

Node name: ros_integration_client
Node namespace: /
Topic type: sensor_msgs/msg/JointState
Topic type hash: RIHS01_a13ee3a330e346c9d87b5aa18d24e11690752bd33a0350f11c5882bc9179260e
Endpoint type: SUBSCRIPTION
GID: 01.0f.23.c4.ef.ef.74.be.00.00.00.00.00.00.14.04
QoS profile:
  Reliability: RELIABLE
  History (Depth): UNKNOWN
  Durability: VOLATILE
  Lifespan: Infinite
  Deadline: Infinite
  Liveliness: AUTOMATIC
  Liveliness lease duration: Infinite

