[INFO] [launch]: All log files can be found below /home/lang/.ros/log/2026-09-25-04-29-31-229233-lang-585730
[INFO] [launch]: Default logging verbosity is set to INFO
[INFO] [recovery_node-1]: process started with pid [585733]
[INFO] [telemetry_node-2]: process started with pid [585734]
[recovery_node-1] [INFO] [1790281772.222666629] [recovery_node]: {"event": "ready", "controller": "scripted_baseline", "episode": 0, "create_s": 0.656661000000895, "executable": "/home/lang/RL-AgiBot-X2/.venv/bin/python", "requested_controller": "scripted_baseline", "loaded_controller": "scripted_baseline", "controller_ready": true, "module": "/tmp/x2-repair-20260924T151819Z/v6-fresh/build/x2_recovery/x2_recovery/recovery_node.py", "seed": 60, "episode_timeout_s": 20.0, "recovery_timeout_s": 30.0, "control_dt": 0.02, "asset_repo": "/home/lang/.cache/hrs-x2-recovery/agibot_x2_urdf", "controlled_joints": 31}
[telemetry_node-2] [INFO] [1790281772.465792920] [telemetry_node]: status=IDLE joint=left_knee_joint no_sample
[telemetry_node-2] [INFO] [1790281773.462118713] [telemetry_node]: status=IDLE joint=left_knee_joint no_sample
[telemetry_node-2] [INFO] [1790281774.460423796] [telemetry_node]: status=IDLE joint=left_knee_joint no_sample
[telemetry_node-2] [INFO] [1790281775.459756255] [telemetry_node]: status=IDLE joint=left_knee_joint no_sample
[telemetry_node-2] [INFO] [1790281776.459423756] [telemetry_node]: status=IDLE joint=left_knee_joint no_sample
[telemetry_node-2] [INFO] [1790281777.461055798] [telemetry_node]: status=IDLE joint=left_knee_joint no_sample
[telemetry_node-2] [INFO] [1790281778.460377923] [telemetry_node]: status=IDLE joint=left_knee_joint no_sample
[telemetry_node-2] [INFO] [1790281779.459947549] [telemetry_node]: status=IDLE joint=left_knee_joint no_sample
[telemetry_node-2] [INFO] [1790281780.459711299] [telemetry_node]: status=IDLE joint=left_knee_joint no_sample
[telemetry_node-2] [INFO] [1790281781.460083508] [telemetry_node]: status=IDLE joint=left_knee_joint no_sample
[recovery_node-1] [INFO] [1790281781.469153091] [recovery_node]: {"event": "accepted", "controller": "scripted_baseline", "episode": 1, "accepted_monotonic_s": 19917.885899747, "deadline_monotonic_s": 19947.885899747, "callback_body_s": 0.00013079099880997092}
[recovery_node-1] [INFO] [1790281781.473834341] [recovery_node]: {"event": "reset_started", "controller": "scripted_baseline", "episode": 1, "monotonic_s": 19917.890966788}
[recovery_node-1] [INFO] [1790281782.094504800] [recovery_node]: {"event": "reset_completed", "controller": "scripted_baseline", "episode": 1, "monotonic_s": 19918.511072789, "duration_s": 0.6201060009989305, "elapsed_sim_s": 0.0, "episode_start_time": 1.6609999999999279, "reset_seed": 374032080}
[recovery_node-1] [INFO] [1790281782.169773258] [recovery_node]: {"event": "rejected", "controller": "scripted_baseline", "episode": 1, "status": "RUNNING", "callback_body_s": 2.249998942716047e-06}
[recovery_node-1] [INFO] [1790281782.170939425] [recovery_node]: {"event": "rejected", "controller": "scripted_baseline", "episode": 1, "status": "RUNNING", "callback_body_s": 1.0000003385357559e-06}
[recovery_node-1] [INFO] [1790281782.171769967] [recovery_node]: {"event": "rejected", "controller": "scripted_baseline", "episode": 1, "status": "RUNNING", "callback_body_s": 4.579997039400041e-07}
[recovery_node-1] [INFO] [1790281782.172453967] [recovery_node]: {"event": "rejected", "controller": "scripted_baseline", "episode": 1, "status": "RUNNING", "callback_body_s": 4.159992386121303e-07}
[recovery_node-1] [INFO] [1790281782.173200258] [recovery_node]: {"event": "rejected", "controller": "scripted_baseline", "episode": 1, "status": "RUNNING", "callback_body_s": 5.830006557516754e-07}
[recovery_node-1] [INFO] [1790281782.189382675] [recovery_node]: {"event": "rejected", "controller": "scripted_baseline", "episode": 1, "status": "RUNNING", "callback_body_s": 8.329989213962108e-07}
[recovery_node-1] [INFO] [1790281782.190652842] [recovery_node]: {"event": "rejected", "controller": "scripted_baseline", "episode": 1, "status": "RUNNING", "callback_body_s": 6.250011210795492e-07}
[recovery_node-1] [INFO] [1790281782.191724342] [recovery_node]: {"event": "rejected", "controller": "scripted_baseline", "episode": 1, "status": "RUNNING", "callback_body_s": 8.329989213962108e-07}
[telemetry_node-2] [INFO] [1790281782.459463425] [telemetry_node]: status=RUNNING joint=left_knee_joint sample position_rad=0.030000 sample_age_s=0.009
[recovery_node-1] [INFO] [1790281782.889173842] [recovery_node]: {"event": "rejected", "controller": "scripted_baseline", "episode": 1, "status": "RUNNING", "callback_body_s": 9.57999873207882e-07}
[telemetry_node-2] [INFO] [1790281783.459399384] [telemetry_node]: status=RUNNING joint=left_knee_joint sample position_rad=0.218662 sample_age_s=0.012
[telemetry_node-2] [INFO] [1790281784.459836301] [telemetry_node]: status=RUNNING joint=left_knee_joint sample position_rad=0.875052 sample_age_s=0.014
[telemetry_node-2] [INFO] [1790281785.459514093] [telemetry_node]: status=RUNNING joint=left_knee_joint sample position_rad=1.159353 sample_age_s=0.010
[telemetry_node-2] [INFO] [1790281786.459949969] [telemetry_node]: status=RUNNING joint=left_knee_joint sample position_rad=1.158906 sample_age_s=0.013
[telemetry_node-2] [INFO] [1790281787.459451261] [telemetry_node]: status=RUNNING joint=left_knee_joint sample position_rad=1.156696 sample_age_s=0.013
[telemetry_node-2] [INFO] [1790281788.459584678] [telemetry_node]: status=RUNNING joint=left_knee_joint sample position_rad=1.207013 sample_age_s=0.013
[telemetry_node-2] [INFO] [1790281789.460361137] [telemetry_node]: status=RUNNING joint=left_knee_joint sample position_rad=1.383782 sample_age_s=0.007
[telemetry_node-2] [INFO] [1790281790.459464096] [telemetry_node]: status=RUNNING joint=left_knee_joint sample position_rad=1.458585 sample_age_s=0.014
[telemetry_node-2] [INFO] [1790281791.460134013] [telemetry_node]: status=RUNNING joint=left_knee_joint sample position_rad=1.347232 sample_age_s=0.012
[telemetry_node-2] [INFO] [1790281792.460885597] [telemetry_node]: status=RUNNING joint=left_knee_joint sample position_rad=0.824439 sample_age_s=0.017
[telemetry_node-2] [INFO] [1790281793.461418264] [telemetry_node]: status=RUNNING joint=left_knee_joint sample position_rad=0.242476 sample_age_s=0.019
[telemetry_node-2] [INFO] [1790281794.462994973] [telemetry_node]: status=RUNNING joint=left_knee_joint sample position_rad=0.069261 sample_age_s=0.020
[telemetry_node-2] [INFO] [1790281795.462130765] [telemetry_node]: status=RUNNING joint=left_knee_joint sample position_rad=0.068711 sample_age_s=0.019
[telemetry_node-2] [INFO] [1790281796.462547307] [telemetry_node]: status=RUNNING joint=left_knee_joint sample position_rad=0.068761 sample_age_s=0.016
[telemetry_node-2] [INFO] [1790281797.461184974] [telemetry_node]: status=RUNNING joint=left_knee_joint sample position_rad=0.068776 sample_age_s=0.018
[telemetry_node-2] [INFO] [1790281798.459436808] [telemetry_node]: status=RUNNING joint=left_knee_joint sample position_rad=0.068780 sample_age_s=0.016
[telemetry_node-2] [INFO] [1790281799.462550183] [telemetry_node]: status=RUNNING joint=left_knee_joint sample position_rad=0.068781 sample_age_s=0.017
[telemetry_node-2] [INFO] [1790281800.459511350] [telemetry_node]: status=RUNNING joint=left_knee_joint sample position_rad=0.068782 sample_age_s=0.014
[telemetry_node-2] [INFO] [1790281801.460466476] [telemetry_node]: status=RUNNING joint=left_knee_joint sample position_rad=0.068782 sample_age_s=0.016
[recovery_node-1] [INFO] [1790281802.083892560] [recovery_node]: {"event": "finished", "controller": "scripted_baseline", "episode": 1, "status": "FAILED", "reason": "time_limit", "control_steps": 1000, "wall_s": 20.614724592996936, "timeout_overshoot_s": 0.0, "elapsed_sim_s": 20.000000000003563, "environment_result": {"terminated": false, "truncated": true, "is_success": false, "termination_reason": null, "truncation_reason": "time_limit", "elapsed_sim_s": 20.000000000003563, "physics_steps_executed": 20, "stable_duration_s": 0.0, "standing_failures": ["height", "torso_tilt", "feet_total", "other_weight"], "reward_terms_raw": {"height": -0.00011354649408522322, "upright": -0.0006412570251598249, "standing_hold": 0.0, "torque_cost": 0.0008375551328933536, "action_change": 0.0, "success": 0.0}, "reward_terms": {"height": -0.00034063948225566965, "upright": -0.0006412570251598249, "standing_hold": 0.0, "torque_cost": -1.6751102657867073e-05, "action_change": -0.0, "success": 0.0}, "torque_saturation_fraction": 0.03225806451612903, "reset_seed": 374032080, "state": {"pelvis_height_m": 0.07635945753108163, "tilt_deg": 73.58960644417554, "left_weight": 0.1786557248931307, "right_weight": 0.17799334906857756, "other_weight": 0.6433509373786406}, "warnings": [0, 0, 0, 0, 0, 0, 0], "control": {"any_saturation_time_fraction": 1.0, "joint_saturation_time_fraction": [0.0, 0.0, 0.0, 0.0, 0.0, 0.0, 0.0, 0.0, 0.0, 0.0, 0.0, 0.0, 0.0, 1.0, 0.0, 0.0, 0.0, 0.0, 0.0, 0.0, 0.0, 0.0, 0.0, 0.0, 0.0, 0.0, 0.0, 0.0, 0.0, 0.0, 0.0], "target_boundary_fraction": 0.0, "raw_torque_abs_max_Nm": 72.97848840706254, "applied_torque_abs_max_Nm": 48.0, "joint_rad_s": 0.00044654764970736066, "joint_limit_rad": 0.0, "floor_penetration_m": 0.0004271031829692932, "self_penetration_m": 0.0}}}
[telemetry_node-2] [INFO] [1790281802.459530685] [telemetry_node]: status=FAILED joint=left_knee_joint last_sample position_rad=0.068782 sample_age_s=0.376
[telemetry_node-2] [INFO] [1790281803.460465769] [telemetry_node]: status=FAILED joint=left_knee_joint last_sample position_rad=0.068782 sample_age_s=1.377
[telemetry_node-2] [INFO] [1790281804.459522394] [telemetry_node]: status=FAILED joint=left_knee_joint last_sample position_rad=0.068782 sample_age_s=2.376
[recovery_node-1] [INFO] [1790281804.944389894] [recovery_node]: {"event": "accepted", "controller": "scripted_baseline", "episode": 2, "accepted_monotonic_s": 19941.361427466, "deadline_monotonic_s": 19971.361427466, "callback_body_s": 8.183400132111274e-05}
[recovery_node-1] [INFO] [1790281804.955054811] [recovery_node]: {"event": "reset_started", "controller": "scripted_baseline", "episode": 2, "monotonic_s": 19941.372219425}
[telemetry_node-2] [INFO] [1790281805.461032478] [telemetry_node]: status=RUNNING joint=left_knee_joint last_sample waiting_for_current_sample position_rad=0.068782 sample_age_s=3.378
[recovery_node-1] [INFO] [1790281805.558192728] [recovery_node]: {"event": "reset_completed", "controller": "scripted_baseline", "episode": 2, "monotonic_s": 19941.9748918, "duration_s": 0.6026723750001111, "elapsed_sim_s": 0.0, "episode_start_time": 1.6609999999999279, "reset_seed": 374032080}
[telemetry_node-2] [INFO] [1790281806.459617270] [telemetry_node]: status=RUNNING joint=left_knee_joint sample position_rad=0.054449 sample_age_s=0.011
[telemetry_node-2] [INFO] [1790281807.459514104] [telemetry_node]: status=RUNNING joint=left_knee_joint sample position_rad=0.562806 sample_age_s=0.012
[telemetry_node-2] [INFO] [1790281808.459369979] [telemetry_node]: status=RUNNING joint=left_knee_joint sample position_rad=1.111167 sample_age_s=0.013
[telemetry_node-2] [INFO] [1790281809.460972521] [telemetry_node]: status=RUNNING joint=left_knee_joint sample position_rad=1.160072 sample_age_s=0.018
[telemetry_node-2] [INFO] [1790281810.460028730] [telemetry_node]: status=RUNNING joint=left_knee_joint sample position_rad=1.156897 sample_age_s=0.016
[telemetry_node-2] [INFO] [1790281811.460015314] [telemetry_node]: status=RUNNING joint=left_knee_joint sample position_rad=1.162802 sample_age_s=0.016
[telemetry_node-2] [INFO] [1790281812.459396064] [telemetry_node]: status=RUNNING joint=left_knee_joint sample position_rad=1.300920 sample_age_s=0.016
[telemetry_node-2] [INFO] [1790281813.462778023] [telemetry_node]: status=RUNNING joint=left_knee_joint sample position_rad=1.445566 sample_age_s=0.015
[telemetry_node-2] [INFO] [1790281814.459603315] [telemetry_node]: status=RUNNING joint=left_knee_joint sample position_rad=1.442140 sample_age_s=0.012
[telemetry_node-2] [INFO] [1790281815.462310066] [telemetry_node]: status=RUNNING joint=left_knee_joint sample position_rad=1.107131 sample_age_s=0.017
[telemetry_node-2] [INFO] [1790281816.462918733] [telemetry_node]: status=RUNNING joint=left_knee_joint sample position_rad=0.478992 sample_age_s=0.020
[telemetry_node-2] [INFO] [1790281817.461485859] [telemetry_node]: status=RUNNING joint=left_knee_joint sample position_rad=0.096710 sample_age_s=0.017
[telemetry_node-2] [INFO] [1790281818.459527984] [telemetry_node]: status=RUNNING joint=left_knee_joint sample position_rad=0.068694 sample_age_s=0.016
[telemetry_node-2] [INFO] [1790281819.459869734] [telemetry_node]: status=RUNNING joint=left_knee_joint sample position_rad=0.068745 sample_age_s=0.015
[telemetry_node-2] [INFO] [1790281820.460549985] [telemetry_node]: status=RUNNING joint=left_knee_joint sample position_rad=0.068771 sample_age_s=0.014
[telemetry_node-2] [INFO] [1790281821.459407444] [telemetry_node]: status=RUNNING joint=left_knee_joint sample position_rad=0.068779 sample_age_s=0.013
[telemetry_node-2] [INFO] [1790281822.460168486] [telemetry_node]: status=RUNNING joint=left_knee_joint sample position_rad=0.068781 sample_age_s=0.014
[telemetry_node-2] [INFO] [1790281823.459586986] [telemetry_node]: status=RUNNING joint=left_knee_joint sample position_rad=0.068781 sample_age_s=0.016
[telemetry_node-2] [INFO] [1790281824.459931445] [telemetry_node]: status=RUNNING joint=left_knee_joint sample position_rad=0.068782 sample_age_s=0.015
[telemetry_node-2] [INFO] [1790281825.459444404] [telemetry_node]: status=RUNNING joint=left_knee_joint sample position_rad=0.068782 sample_age_s=0.015
[recovery_node-1] [INFO] [1790281825.545145737] [recovery_node]: {"event": "finished", "controller": "scripted_baseline", "episode": 2, "status": "FAILED", "reason": "time_limit", "control_steps": 1000, "wall_s": 20.600607135002065, "timeout_overshoot_s": 0.0, "elapsed_sim_s": 20.000000000003563, "environment_result": {"terminated": false, "truncated": true, "is_success": false, "termination_reason": null, "truncation_reason": "time_limit", "elapsed_sim_s": 20.000000000003563, "physics_steps_executed": 20, "stable_duration_s": 0.0, "standing_failures": ["height", "torso_tilt", "feet_total", "other_weight"], "reward_terms_raw": {"height": -0.00011354649408522322, "upright": -0.0006412570251598249, "standing_hold": 0.0, "torque_cost": 0.0008375551328933536, "action_change": 0.0, "success": 0.0}, "reward_terms": {"height": -0.00034063948225566965, "upright": -0.0006412570251598249, "standing_hold": 0.0, "torque_cost": -1.6751102657867073e-05, "action_change": -0.0, "success": 0.0}, "torque_saturation_fraction": 0.03225806451612903, "reset_seed": 374032080, "state": {"pelvis_height_m": 0.07635945753108163, "tilt_deg": 73.58960644417554, "left_weight": 0.1786557248931307, "right_weight": 0.17799334906857756, "other_weight": 0.6433509373786406}, "warnings": [0, 0, 0, 0, 0, 0, 0], "control": {"any_saturation_time_fraction": 1.0, "joint_saturation_time_fraction": [0.0, 0.0, 0.0, 0.0, 0.0, 0.0, 0.0, 0.0, 0.0, 0.0, 0.0, 0.0, 0.0, 1.0, 0.0, 0.0, 0.0, 0.0, 0.0, 0.0, 0.0, 0.0, 0.0, 0.0, 0.0, 0.0, 0.0, 0.0, 0.0, 0.0, 0.0], "target_boundary_fraction": 0.0, "raw_torque_abs_max_Nm": 72.97848840706254, "applied_torque_abs_max_Nm": 48.0, "joint_rad_s": 0.00044654764970736066, "joint_limit_rad": 0.0, "floor_penetration_m": 0.0004271031829692932, "self_penetration_m": 0.0}}}
[WARNING] [launch]: user interrupted with ctrl-c (SIGINT)
[INFO] [telemetry_node-2]: sending signal 'SIGINT' to process[telemetry_node-2]
[INFO] [recovery_node-1]: sending signal 'SIGINT' to process[recovery_node-1]
[recovery_node-1] {"event": "closed", "controller": "scripted_baseline", "episode": 2}
[INFO] [telemetry_node-2]: process has finished cleanly [pid 585734]
[INFO] [recovery_node-1]: process has finished cleanly [pid 585733]
