[INFO] [launch]: All log files can be found below /home/lang/.ros/log/2026-09-25-04-30-25-978974-lang-586505
[INFO] [launch]: Default logging verbosity is set to INFO
[INFO] [recovery_node-1]: process started with pid [586508]
[INFO] [telemetry_node-2]: process started with pid [586509]
[recovery_node-1] [INFO] [1790281826.927559696] [recovery_node]: {"event": "ready", "controller": "scripted_baseline", "episode": 0, "create_s": 0.6340819170000032, "executable": "/home/lang/RL-AgiBot-X2/.venv/bin/python", "requested_controller": "scripted_baseline", "loaded_controller": "scripted_baseline", "controller_ready": true, "module": "/tmp/x2-repair-20260924T151819Z/v6-fresh/build/x2_recovery/x2_recovery/recovery_node.py", "seed": 60, "episode_timeout_s": 20.0, "recovery_timeout_s": 3.0, "control_dt": 0.02, "asset_repo": "/home/lang/.cache/hrs-x2-recovery/agibot_x2_urdf", "controlled_joints": 31}
[recovery_node-1] [INFO] [1790281826.941787113] [recovery_node]: {"event": "accepted", "controller": "scripted_baseline", "episode": 1, "accepted_monotonic_s": 19963.358851102, "deadline_monotonic_s": 19966.358851102, "callback_body_s": 5.19580025866162e-05}
[recovery_node-1] [INFO] [1790281826.960899613] [recovery_node]: {"event": "reset_started", "controller": "scripted_baseline", "episode": 1, "monotonic_s": 19963.37800831}
[telemetry_node-2] [INFO] [1790281827.213973572] [telemetry_node]: status=RUNNING joint=left_knee_joint no_sample
[recovery_node-1] [INFO] [1790281827.571372363] [recovery_node]: {"event": "reset_completed", "controller": "scripted_baseline", "episode": 1, "monotonic_s": 19963.988144602, "duration_s": 0.6101362920016982, "elapsed_sim_s": 0.0, "episode_start_time": 1.6609999999999279, "reset_seed": 374032080}
[recovery_node-1] [INFO] [1790281827.635495655] [recovery_node]: {"event": "rejected", "controller": "scripted_baseline", "episode": 1, "status": "RUNNING", "callback_body_s": 2.750002749962732e-06}
[recovery_node-1] [INFO] [1790281827.636582572] [recovery_node]: {"event": "rejected", "controller": "scripted_baseline", "episode": 1, "status": "RUNNING", "callback_body_s": 7.919989002402872e-07}
[recovery_node-1] [INFO] [1790281827.637419030] [recovery_node]: {"event": "rejected", "controller": "scripted_baseline", "episode": 1, "status": "RUNNING", "callback_body_s": 2.9200236895121634e-07}
[recovery_node-1] [INFO] [1790281827.638219405] [recovery_node]: {"event": "rejected", "controller": "scripted_baseline", "episode": 1, "status": "RUNNING", "callback_body_s": 3.749992174562067e-07}
[telemetry_node-2] [INFO] [1790281828.210141530] [telemetry_node]: status=RUNNING joint=left_knee_joint sample position_rad=0.030191 sample_age_s=0.014
[telemetry_node-2] [INFO] [1790281829.209769197] [telemetry_node]: status=RUNNING joint=left_knee_joint sample position_rad=0.383864 sample_age_s=0.018
[recovery_node-1] [INFO] [1790281829.952331156] [recovery_node]: {"event": "finished", "controller": "scripted_baseline", "episode": 1, "status": "FAILED", "reason": "recovery_timeout", "control_steps": 120, "wall_s": 3.010417959001643, "timeout_overshoot_s": 0.010417959001642885, "elapsed_sim_s": 2.399999999999763, "environment_result": {"terminated": false, "truncated": false, "is_success": false, "termination_reason": null, "truncation_reason": null, "elapsed_sim_s": 2.399999999999763, "physics_steps_executed": 20, "stable_duration_s": 0.0, "standing_failures": ["height", "torso_tilt", "left_support", "right_support", "feet_total", "other_weight", "joint_rad_s"], "reward_terms_raw": {"height": -0.0001026158802848176, "upright": -0.0007533247307958124, "standing_hold": 0.0, "torque_cost": 7.929601019757921e-05, "action_change": 2.0455636972956326e-06, "success": 0.0}, "reward_terms": {"height": -0.0003078476408544528, "upright": -0.0007533247307958124, "standing_hold": 0.0, "torque_cost": -1.5859202039515842e-06, "action_change": -4.0911273945912654e-09, "success": 0.0}, "torque_saturation_fraction": 0.0, "reset_seed": 374032080, "state": {"pelvis_height_m": 0.07586843320180939, "tilt_deg": 72.98827850242819, "left_weight": 0.0, "right_weight": 0.0, "other_weight": 0.946551944008421}, "warnings": [0, 0, 0, 0, 0, 0, 0], "control": {"any_saturation_time_fraction": 0.0, "joint_saturation_time_fraction": [0.0, 0.0, 0.0, 0.0, 0.0, 0.0, 0.0, 0.0, 0.0, 0.0, 0.0, 0.0, 0.0, 0.0, 0.0, 0.0, 0.0, 0.0, 0.0, 0.0, 0.0, 0.0, 0.0, 0.0, 0.0, 0.0, 0.0, 0.0, 0.0, 0.0, 0.0], "target_boundary_fraction": 0.0, "raw_torque_abs_max_Nm": 21.756577413884266, "applied_torque_abs_max_Nm": 21.756577413884266, "joint_rad_s": 0.6538685585995904, "joint_limit_rad": 0.0, "floor_penetration_m": 0.00024103544312281677, "self_penetration_m": 0.0}}, "stage": "step"}
[WARNING] [launch]: user interrupted with ctrl-c (SIGINT)
[INFO] [telemetry_node-2]: sending signal 'SIGINT' to process[telemetry_node-2]
[INFO] [recovery_node-1]: sending signal 'SIGINT' to process[recovery_node-1]
[recovery_node-1] {"event": "closed", "controller": "scripted_baseline", "episode": 1}
[INFO] [telemetry_node-2]: process has finished cleanly [pid 586509]
[INFO] [recovery_node-1]: process has finished cleanly [pid 586508]
