[INFO] [launch]: All log files can be found below /tmp/x2-final-ros.z4vmp3sx/home/.ros/log/2026-09-23-21-14-09-362110-lang-40477
[INFO] [launch]: Default logging verbosity is set to INFO
[INFO] [recovery_node-1]: process started with pid [40480]
[INFO] [telemetry_node-2]: process started with pid [40481]
[recovery_node-1] [INFO] [1790169250.127076437] [recovery_node]: {"event": "ready", "controller": "scripted_baseline", "episode": 0, "create_s": 0.5030094170001576, "executable": "/tmp/x2-final-ros.z4vmp3sx/repository/.venv/bin/python", "module": "/tmp/x2-final-ros.z4vmp3sx/build/x2_recovery/x2_recovery/recovery_node.py", "seed": 60, "episode_timeout_s": 20.0, "recovery_timeout_s": 3.0, "control_dt": 0.02, "asset_repo": "/tmp/x2-final-ros.z4vmp3sx/assets/agibot_x2_urdf"}
[recovery_node-1] [INFO] [1790169250.141436979] [recovery_node]: {"event": "accepted", "controller": "scripted_baseline", "episode": 1, "accepted_monotonic_s": 3927.039446704, "deadline_monotonic_s": 3930.039446704, "callback_body_s": 5.7124999784718966e-05}
[recovery_node-1] [INFO] [1790169250.160614270] [recovery_node]: {"event": "reset_started", "controller": "scripted_baseline", "episode": 1, "monotonic_s": 3927.058711913}
[telemetry_node-2] [INFO] [1790169250.563211395] [telemetry_node]: status=RUNNING joint=left_knee_joint no_sample
[recovery_node-1] [INFO] [1790169250.724808854] [recovery_node]: {"event": "reset_completed", "controller": "scripted_baseline", "episode": 1, "monotonic_s": 3927.622555413, "duration_s": 0.5638435000000754, "elapsed_sim_s": 0.0, "episode_start_time": 1.6609999999999279, "reset_seed": 374032080}
[recovery_node-1] [INFO] [1790169250.793751187] [recovery_node]: {"event": "rejected", "controller": "scripted_baseline", "episode": 1, "status": "RUNNING", "callback_body_s": 2.291999862791272e-06}
[recovery_node-1] [INFO] [1790169250.794842604] [recovery_node]: {"event": "rejected", "controller": "scripted_baseline", "episode": 1, "status": "RUNNING", "callback_body_s": 6.670002221653704e-07}
[recovery_node-1] [INFO] [1790169250.795679479] [recovery_node]: {"event": "rejected", "controller": "scripted_baseline", "episode": 1, "status": "RUNNING", "callback_body_s": 3.7500012695090845e-07}
[recovery_node-1] [INFO] [1790169250.798088479] [recovery_node]: {"event": "rejected", "controller": "scripted_baseline", "episode": 1, "status": "RUNNING", "callback_body_s": 2.5000008463393897e-07}
[telemetry_node-2] [INFO] [1790169251.557151188] [telemetry_node]: status=RUNNING joint=left_knee_joint sample position_rad=0.044448 sample_age_s=0.006
[telemetry_node-2] [INFO] [1790169252.559400188] [telemetry_node]: status=RUNNING joint=left_knee_joint sample position_rad=0.520439 sample_age_s=0.009
[recovery_node-1] [INFO] [1790169253.149204563] [recovery_node]: {"event": "finished", "controller": "scripted_baseline", "episode": 1, "status": "FAILED", "reason": "recovery_timeout", "control_steps": 122, "wall_s": 3.0076086680001026, "timeout_overshoot_s": 0.007608668000102625, "elapsed_sim_s": 2.4399999999997766, "environment_result": {"terminated": false, "truncated": false, "is_success": false, "termination_reason": null, "truncation_reason": null, "elapsed_sim_s": 2.4399999999997766, "physics_steps_executed": 20, "stable_duration_s": 0.0, "standing_failures": ["height", "torso_tilt", "left_support", "right_support", "feet_total", "other_weight"], "reward_terms_raw": {"height": -0.00010303417713976304, "upright": -0.0007491327645691159, "standing_hold": 0.0, "torque_cost": 8.337227169965132e-05, "action_change": 1.8920239715162821e-06, "success": 0.0}, "reward_terms": {"height": -0.0003091025314192891, "upright": -0.0007491327645691159, "standing_hold": 0.0, "torque_cost": -1.6674454339930264e-06, "action_change": -3.784047943032564e-09, "success": 0.0}, "torque_saturation_fraction": 0.0, "reset_seed": 374032080, "state": {"pelvis_height_m": 0.07588176252179134, "tilt_deg": 73.01312689764129, "left_weight": 0.0, "right_weight": 0.015389191470915648, "other_weight": 0.9556486547903394}, "warnings": [0, 0, 0, 0, 0, 0, 0], "control": {"any_saturation_time_fraction": 0.0, "joint_saturation_time_fraction": [0.0, 0.0, 0.0, 0.0, 0.0, 0.0, 0.0, 0.0, 0.0, 0.0, 0.0, 0.0, 0.0, 0.0, 0.0, 0.0, 0.0, 0.0, 0.0, 0.0, 0.0, 0.0, 0.0, 0.0, 0.0, 0.0, 0.0, 0.0, 0.0, 0.0, 0.0], "target_boundary_fraction": 0.0, "raw_torque_abs_max_Nm": 22.05808931741131, "applied_torque_abs_max_Nm": 22.05808931741131, "joint_rad_s": 0.6334973011231967, "joint_limit_rad": 0.0, "floor_penetration_m": 0.00024260172433555882, "self_penetration_m": 0.0}}}
[WARNING] [launch]: user interrupted with ctrl-c (SIGINT)
[INFO] [telemetry_node-2]: sending signal 'SIGINT' to process[telemetry_node-2]
[INFO] [recovery_node-1]: sending signal 'SIGINT' to process[recovery_node-1]
[recovery_node-1] {"event": "closed", "controller": "scripted_baseline", "episode": 1}
[INFO] [telemetry_node-2]: process has finished cleanly [pid 40481]
[INFO] [recovery_node-1]: process has finished cleanly [pid 40480]
