[0.000000] (-) TimerEvent: {}
[0.000322] (x2_recovery) JobQueued: {'identifier': 'x2_recovery', 'dependencies': OrderedDict()}
[0.000342] (x2_recovery) JobStarted: {'identifier': 'x2_recovery'}
[0.100600] (-) TimerEvent: {}
[0.201061] (-) TimerEvent: {}
[0.301604] (-) TimerEvent: {}
[0.402372] (-) TimerEvent: {}
[0.407473] (x2_recovery) Command: {'cmd': ['/tmp/x2-final-ros.pukricvy/repository/.venv/bin/python', '-W', 'ignore:setup.py install is deprecated', '-W', 'ignore:easy_install command is deprecated', 'setup.py', 'develop', '--editable', '--build-directory', '/tmp/x2-final-ros.pukricvy/build/x2_recovery/build', '--no-deps', 'symlink_data'], 'cwd': '/tmp/x2-final-ros.pukricvy/build/x2_recovery', 'env': OrderedDict({'WS': '/tmp/x2-final-ros.pukricvy/repository', 'USER': 'lang', 'SHLVL': '1', 'LD_LIBRARY_PATH': '/opt/ros/jazzy/opt/rviz_ogre_vendor/lib:/opt/ros/jazzy/lib/aarch64-linux-gnu:/opt/ros/jazzy/opt/gz_math_vendor/lib:/opt/ros/jazzy/opt/gz_utils_vendor/lib:/opt/ros/jazzy/opt/gz_cmake_vendor/lib:/opt/ros/jazzy/lib', 'HOME': '/tmp/x2-final-ros.pukricvy/home', 'PY': '/tmp/x2-final-ros.pukricvy/repository/.venv/bin/python', 'OLDPWD': '/tmp', 'ROS_PYTHON_VERSION': '3', 'PIP_CONFIG_FILE': '/dev/null', 'X2_ASSET_REPO': '/tmp/x2-final-ros.pukricvy/assets/agibot_x2_urdf', 'PYTHONNOUSERSITE': '1', 'ROS_DISTRO': 'jazzy', 'LOGNAME': 'lang', '_': '/tmp/x2-final-ros.pukricvy/repository/.venv/bin/python', 'ROS_VERSION': '2', 'X2_SCENE': '/tmp/x2-final-ros.pukricvy/assets/agibot_x2_urdf/X2_URDF-v1.3.0/scene.xml', 'ACCEPT_ROOT': '/tmp/x2-final-ros.pukricvy', 'PATH': '/opt/ros/jazzy/bin:/usr/local/sbin:/usr/local/bin:/usr/sbin:/usr/bin:/sbin:/bin', 'LANG': 'C.UTF-8', 'RMW_IMPLEMENTATION': 'rmw_fastrtps_cpp', 'ROS_DOMAIN_ID': '86', 'AMENT_PREFIX_PATH': '/opt/ros/jazzy', 'ROS_AUTOMATIC_DISCOVERY_RANGE': 'LOCALHOST', 'PWD': '/tmp/x2-final-ros.pukricvy/build/x2_recovery', 'LC_ALL': 'C.UTF-8', 'PYTHONPATH': '/tmp/x2-final-ros.pukricvy/build/x2_recovery/prefix_override:/usr/lib/python3/dist-packages/colcon_core/task/python/colcon_distutils_commands:/tmp/x2-final-ros.pukricvy/install/x2_recovery/lib/python3.12/site-packages:/opt/ros/jazzy/opt/gz_math_vendor/lib/python:/opt/ros/jazzy/lib/python3.12/site-packages', 'COLCON': '1', 'CMAKE_PREFIX_PATH': '/opt/ros/jazzy/opt/gz_math_vendor:/opt/ros/jazzy/opt/gz_utils_vendor:/opt/ros/jazzy/opt/gz_cmake_vendor'}), 'shell': False}
[0.504115] (-) TimerEvent: {}
[0.519962] (x2_recovery) StdoutLine: {'line': b'running develop\n'}
[0.581875] (x2_recovery) StdoutLine: {'line': b'running egg_info\n'}
[0.581962] (x2_recovery) StdoutLine: {'line': b'creating x2_recovery.egg-info\n'}
[0.587766] (x2_recovery) StdoutLine: {'line': b'writing x2_recovery.egg-info/PKG-INFO\n'}
[0.587861] (x2_recovery) StdoutLine: {'line': b'writing dependency_links to x2_recovery.egg-info/dependency_links.txt\n'}
[0.587956] (x2_recovery) StdoutLine: {'line': b'writing entry points to x2_recovery.egg-info/entry_points.txt\n'}
[0.588080] (x2_recovery) StdoutLine: {'line': b'writing requirements to x2_recovery.egg-info/requires.txt\n'}
[0.588123] (x2_recovery) StdoutLine: {'line': b'writing top-level names to x2_recovery.egg-info/top_level.txt\n'}
[0.588145] (x2_recovery) StdoutLine: {'line': b"writing manifest file 'x2_recovery.egg-info/SOURCES.txt'\n"}
[0.600132] (x2_recovery) StdoutLine: {'line': b"reading manifest file 'x2_recovery.egg-info/SOURCES.txt'\n"}
[0.600486] (x2_recovery) StdoutLine: {'line': b"writing manifest file 'x2_recovery.egg-info/SOURCES.txt'\n"}
[0.604455] (-) TimerEvent: {}
[0.607095] (x2_recovery) StdoutLine: {'line': b'running build_ext\n'}
[0.607154] (x2_recovery) StdoutLine: {'line': b'Creating /tmp/x2-final-ros.pukricvy/install/x2_recovery/lib/python3.12/site-packages/x2-recovery.egg-link (link to .)\n'}
[0.607360] (x2_recovery) StdoutLine: {'line': b'Installing recovery_node script to /tmp/x2-final-ros.pukricvy/install/x2_recovery/lib/x2_recovery\n'}
[0.607474] (x2_recovery) StdoutLine: {'line': b'Installing runtime_check script to /tmp/x2-final-ros.pukricvy/install/x2_recovery/lib/x2_recovery\n'}
[0.607545] (x2_recovery) StdoutLine: {'line': b'Installing telemetry_node script to /tmp/x2-final-ros.pukricvy/install/x2_recovery/lib/x2_recovery\n'}
[0.607578] (x2_recovery) StdoutLine: {'line': b'Installing train_recovery script to /tmp/x2-final-ros.pukricvy/install/x2_recovery/lib/x2_recovery\n'}
[0.607637] (x2_recovery) StdoutLine: {'line': b'\n'}
[0.607674] (x2_recovery) StdoutLine: {'line': b'Installed /tmp/x2-final-ros.pukricvy/build/x2_recovery\n'}
[0.607703] (x2_recovery) StdoutLine: {'line': b'running symlink_data\n'}
[0.607768] (x2_recovery) StdoutLine: {'line': b'creating /tmp/x2-final-ros.pukricvy/install/x2_recovery/share/ament_index\n'}
[0.607845] (x2_recovery) StdoutLine: {'line': b'creating /tmp/x2-final-ros.pukricvy/install/x2_recovery/share/ament_index/resource_index\n'}
[0.607913] (x2_recovery) StdoutLine: {'line': b'creating /tmp/x2-final-ros.pukricvy/install/x2_recovery/share/ament_index/resource_index/packages\n'}
[0.607936] (x2_recovery) StdoutLine: {'line': b'symbolically linking /tmp/x2-final-ros.pukricvy/build/x2_recovery/resource/x2_recovery -> /tmp/x2-final-ros.pukricvy/install/x2_recovery/share/ament_index/resource_index/packages\n'}
[0.607958] (x2_recovery) StdoutLine: {'line': b'symbolically linking /tmp/x2-final-ros.pukricvy/build/x2_recovery/package.xml -> /tmp/x2-final-ros.pukricvy/install/x2_recovery/share/x2_recovery\n'}
[0.607977] (x2_recovery) StdoutLine: {'line': b'creating /tmp/x2-final-ros.pukricvy/install/x2_recovery/share/x2_recovery/launch\n'}
[0.607996] (x2_recovery) StdoutLine: {'line': b'symbolically linking /tmp/x2-final-ros.pukricvy/build/x2_recovery/launch/recovery.launch.py -> /tmp/x2-final-ros.pukricvy/install/x2_recovery/share/x2_recovery/launch\n'}
[0.620823] (x2_recovery) CommandEnded: {'returncode': 0}
[0.624950] (x2_recovery) JobEnded: {'identifier': 'x2_recovery', 'rc': 0}
[0.625276] (-) EventReactorShutdown: {}
