[0.040s] DEBUG:colcon:Command line arguments: ['/usr/bin/colcon', '--log-base', '/tmp/x2-final-ros.pukricvy/log', 'build', '--base-paths', 'src', '--packages-select', 'x2_recovery', '--symlink-install', '--build-base', '/tmp/x2-final-ros.pukricvy/build', '--install-base', '/tmp/x2-final-ros.pukricvy/install']
[0.040s] DEBUG:colcon:Parsed command line arguments: Namespace(log_base='/tmp/x2-final-ros.pukricvy/log', log_level=None, verb_name='build', build_base='/tmp/x2-final-ros.pukricvy/build', install_base='/tmp/x2-final-ros.pukricvy/install', merge_install=False, symlink_install=True, test_result_base=None, continue_on_error=False, executor='parallel', parallel_workers=8, event_handlers=None, ignore_user_meta=False, metas=['./colcon.meta'], base_paths=['src'], packages_ignore=None, packages_ignore_regex=None, paths=None, packages_up_to=None, packages_up_to_regex=None, packages_above=None, packages_above_and_dependencies=None, packages_above_depth=None, packages_select_by_dep=None, packages_skip_by_dep=None, packages_skip_up_to=None, packages_select_build_failed=False, packages_skip_build_finished=False, packages_select_test_failures=False, packages_skip_test_passed=False, packages_select=['x2_recovery'], packages_skip=None, packages_select_regex=None, packages_skip_regex=None, packages_start=None, packages_end=None, allow_overriding=[], cmake_args=None, cmake_target=None, cmake_target_skip_unavailable=False, cmake_clean_cache=False, cmake_clean_first=False, cmake_force_configure=False, ament_cmake_args=None, catkin_cmake_args=None, catkin_skip_building_tests=False, mixin_files=None, mixin=None, verb_parser=<colcon_mixin.mixin.mixin_argument.MixinArgumentDecorator object at 0xe81a7e19c4d0>, verb_extension=<colcon_core.verb.build.BuildVerb object at 0xe81a7e2f8860>, main=<bound method BuildVerb.main of <colcon_core.verb.build.BuildVerb object at 0xe81a7e2f8860>>, mixin_verb=('build',))
[0.055s] Level 1:colcon.colcon_core.package_discovery:discover_packages(colcon_meta) check parameters
[0.055s] Level 1:colcon.colcon_core.package_discovery:discover_packages(recursive) check parameters
[0.055s] Level 1:colcon.colcon_core.package_discovery:discover_packages(ignore) check parameters
[0.055s] Level 1:colcon.colcon_core.package_discovery:discover_packages(path) check parameters
[0.055s] Level 1:colcon.colcon_core.package_discovery:discover_packages(recursive) discover
[0.055s] INFO:colcon.colcon_core.package_discovery:Crawling recursively for packages in '/tmp/x2-final-ros.pukricvy/repository/src'
[0.055s] Level 1:colcon.colcon_core.package_identification:_identify(src) by extensions ['ignore', 'ignore_ament_install']
[0.055s] Level 1:colcon.colcon_core.package_identification:_identify(src) by extension 'ignore'
[0.055s] Level 1:colcon.colcon_core.package_identification:_identify(src) by extension 'ignore_ament_install'
[0.055s] Level 1:colcon.colcon_core.package_identification:_identify(src) by extensions ['colcon_pkg']
[0.055s] Level 1:colcon.colcon_core.package_identification:_identify(src) by extension 'colcon_pkg'
[0.055s] Level 1:colcon.colcon_core.package_identification:_identify(src) by extensions ['colcon_meta']
[0.055s] Level 1:colcon.colcon_core.package_identification:_identify(src) by extension 'colcon_meta'
[0.055s] Level 1:colcon.colcon_core.package_identification:_identify(src) by extensions ['ros']
[0.055s] Level 1:colcon.colcon_core.package_identification:_identify(src) by extension 'ros'
[0.065s] Level 1:colcon.colcon_core.package_identification:_identify(src) by extensions ['cmake', 'python']
[0.065s] Level 1:colcon.colcon_core.package_identification:_identify(src) by extension 'cmake'
[0.065s] Level 1:colcon.colcon_core.package_identification:_identify(src) by extension 'python'
[0.065s] Level 1:colcon.colcon_core.package_identification:_identify(src) by extensions ['python_setup_py']
[0.065s] Level 1:colcon.colcon_core.package_identification:_identify(src) by extension 'python_setup_py'
[0.065s] Level 1:colcon.colcon_core.package_identification:_identify(src/x2_recovery) by extensions ['ignore', 'ignore_ament_install']
[0.065s] Level 1:colcon.colcon_core.package_identification:_identify(src/x2_recovery) by extension 'ignore'
[0.065s] Level 1:colcon.colcon_core.package_identification:_identify(src/x2_recovery) by extension 'ignore_ament_install'
[0.066s] Level 1:colcon.colcon_core.package_identification:_identify(src/x2_recovery) by extensions ['colcon_pkg']
[0.066s] Level 1:colcon.colcon_core.package_identification:_identify(src/x2_recovery) by extension 'colcon_pkg'
[0.066s] Level 1:colcon.colcon_core.package_identification:_identify(src/x2_recovery) by extensions ['colcon_meta']
[0.066s] Level 1:colcon.colcon_core.package_identification:_identify(src/x2_recovery) by extension 'colcon_meta'
[0.066s] Level 1:colcon.colcon_core.package_identification:_identify(src/x2_recovery) by extensions ['ros']
[0.066s] Level 1:colcon.colcon_core.package_identification:_identify(src/x2_recovery) by extension 'ros'
[0.066s] DEBUG:colcon.colcon_core.package_identification:Package 'src/x2_recovery' with type 'ros.ament_python' and name 'x2_recovery'
[0.066s] Level 1:colcon.colcon_core.package_discovery:discover_packages(recursive) using defaults
[0.073s] Level 1:colcon.colcon_core.package_discovery:discover_packages(prefix_path) check parameters
[0.073s] Level 1:colcon.colcon_core.package_discovery:discover_packages(prefix_path) discover
[0.074s] DEBUG:colcon.colcon_installed_package_information.package_discovery:Found 287 installed packages in /opt/ros/jazzy
[0.075s] Level 1:colcon.colcon_core.package_discovery:discover_packages(prefix_path) using defaults
[0.095s] Level 5:colcon.colcon_core.verb:set package 'x2_recovery' build argument 'cmake_args' from command line to 'None'
[0.095s] Level 5:colcon.colcon_core.verb:set package 'x2_recovery' build argument 'cmake_target' from command line to 'None'
[0.095s] Level 5:colcon.colcon_core.verb:set package 'x2_recovery' build argument 'cmake_target_skip_unavailable' from command line to 'False'
[0.095s] Level 5:colcon.colcon_core.verb:set package 'x2_recovery' build argument 'cmake_clean_cache' from command line to 'False'
[0.095s] Level 5:colcon.colcon_core.verb:set package 'x2_recovery' build argument 'cmake_clean_first' from command line to 'False'
[0.095s] Level 5:colcon.colcon_core.verb:set package 'x2_recovery' build argument 'cmake_force_configure' from command line to 'False'
[0.095s] Level 5:colcon.colcon_core.verb:set package 'x2_recovery' build argument 'ament_cmake_args' from command line to 'None'
[0.095s] Level 5:colcon.colcon_core.verb:set package 'x2_recovery' build argument 'catkin_cmake_args' from command line to 'None'
[0.095s] Level 5:colcon.colcon_core.verb:set package 'x2_recovery' build argument 'catkin_skip_building_tests' from command line to 'False'
[0.096s] DEBUG:colcon.colcon_core.verb:Building package 'x2_recovery' with the following arguments: {'ament_cmake_args': None, 'build_base': '/tmp/x2-final-ros.pukricvy/build/x2_recovery', 'catkin_cmake_args': None, 'catkin_skip_building_tests': False, 'cmake_args': None, 'cmake_clean_cache': False, 'cmake_clean_first': False, 'cmake_force_configure': False, 'cmake_target': None, 'cmake_target_skip_unavailable': False, 'install_base': '/tmp/x2-final-ros.pukricvy/install/x2_recovery', 'merge_install': False, 'path': '/tmp/x2-final-ros.pukricvy/repository/src/x2_recovery', 'symlink_install': True, 'test_result_base': None}
[0.096s] INFO:colcon.colcon_core.executor:Executing jobs using 'parallel' executor
[0.096s] DEBUG:colcon.colcon_parallel_executor.executor.parallel:run_until_complete
[0.096s] INFO:colcon.colcon_ros.task.ament_python.build:Building ROS package in '/tmp/x2-final-ros.pukricvy/repository/src/x2_recovery' with build type 'ament_python'
[0.096s] Level 1:colcon.colcon_core.shell:create_environment_hook('x2_recovery', 'ament_prefix_path')
[0.097s] INFO:colcon.colcon_core.plugin_system:Skipping extension 'colcon_core.shell.bat': Not used on non-Windows systems
[0.097s] INFO:colcon.colcon_core.shell:Creating environment hook '/tmp/x2-final-ros.pukricvy/install/x2_recovery/share/x2_recovery/hook/ament_prefix_path.ps1'
[0.097s] INFO:colcon.colcon_core.shell:Creating environment descriptor '/tmp/x2-final-ros.pukricvy/install/x2_recovery/share/x2_recovery/hook/ament_prefix_path.dsv'
[0.098s] INFO:colcon.colcon_core.shell:Creating environment hook '/tmp/x2-final-ros.pukricvy/install/x2_recovery/share/x2_recovery/hook/ament_prefix_path.sh'
[0.098s] INFO:colcon.colcon_core.shell:Skip shell extension 'powershell' for command environment: Not usable outside of PowerShell
[0.098s] DEBUG:colcon.colcon_core.shell:Skip shell extension 'dsv' for command environment
[0.176s] INFO:colcon.colcon_core.task.python.build:Building Python package in '/tmp/x2-final-ros.pukricvy/repository/src/x2_recovery'
[0.176s] INFO:colcon.colcon_core.shell:Skip shell extension 'powershell' for command environment: Not usable outside of PowerShell
[0.176s] DEBUG:colcon.colcon_core.shell:Skip shell extension 'dsv' for command environment
[0.387s] DEBUG:colcon.colcon_core.task.python.build:Available setuptools commands: bdist_dumb, rotate, saveopts, easy_install, init_catalog, dist_info, install, build_py, develop, upload_docs, check, egg_info, install_egg_info, editable_wheel, extract_messages, test, build_scripts, symlink_data, build_clib, clean, install_scripts, upload, register, update_catalog, build_ext, sdist, bdist, install_data, install_lib, bdist_rpm, setopt, bdist_egg, install_headers, build, compile_catalog, alias, bdist_wheel
[0.503s] DEBUG:colcon.colcon_core.task.python.build:Available setuptools 'develop' options: --force-installation-into-system-dir, --build-directory, --help, --verbose, --version, --allow-hosts, --multi-version, --editable, --local-snapshots-ok, --user, --script-dir, --no-find-links, --install-dir, --upgrade, --always-unzip, --index-url, --prefix, --quiet, --dry-run, --site-dirs, --record, --exclude-scripts, --find-links, --optimize, --no-user-cfg, --uninstall, --install-layout, --egg-path, --no-deps, --always-copy, --zip-ok
[0.504s] DEBUG:colcon.colcon_core.event_handler.log_command:Invoking command in '/tmp/x2-final-ros.pukricvy/build/x2_recovery': PYTHONPATH=/tmp/x2-final-ros.pukricvy/build/x2_recovery/prefix_override:/usr/lib/python3/dist-packages/colcon_core/task/python/colcon_distutils_commands:/tmp/x2-final-ros.pukricvy/install/x2_recovery/lib/python3.12/site-packages:${PYTHONPATH} /tmp/x2-final-ros.pukricvy/repository/.venv/bin/python -W ignore:setup.py install is deprecated -W ignore:easy_install command is deprecated setup.py develop --editable --build-directory /tmp/x2-final-ros.pukricvy/build/x2_recovery/build --no-deps symlink_data
[0.717s] Level 1:colcon.colcon_core.shell:create_environment_hook('x2_recovery', 'pythonpath_develop')
[0.717s] INFO:colcon.colcon_core.shell:Creating environment hook '/tmp/x2-final-ros.pukricvy/build/x2_recovery/share/x2_recovery/hook/pythonpath_develop.ps1'
[0.717s] DEBUG:colcon.colcon_core.event_handler.log_command:Invoked command in '/tmp/x2-final-ros.pukricvy/build/x2_recovery' returned '0': PYTHONPATH=/tmp/x2-final-ros.pukricvy/build/x2_recovery/prefix_override:/usr/lib/python3/dist-packages/colcon_core/task/python/colcon_distutils_commands:/tmp/x2-final-ros.pukricvy/install/x2_recovery/lib/python3.12/site-packages:${PYTHONPATH} /tmp/x2-final-ros.pukricvy/repository/.venv/bin/python -W ignore:setup.py install is deprecated -W ignore:easy_install command is deprecated setup.py develop --editable --build-directory /tmp/x2-final-ros.pukricvy/build/x2_recovery/build --no-deps symlink_data
[0.717s] INFO:colcon.colcon_core.shell:Creating environment descriptor '/tmp/x2-final-ros.pukricvy/build/x2_recovery/share/x2_recovery/hook/pythonpath_develop.dsv'
[0.717s] INFO:colcon.colcon_core.shell:Creating environment hook '/tmp/x2-final-ros.pukricvy/build/x2_recovery/share/x2_recovery/hook/pythonpath_develop.sh'
[0.718s] Level 1:colcon.colcon_core.environment:checking '/tmp/x2-final-ros.pukricvy/install/x2_recovery' for CMake module files
[0.719s] Level 1:colcon.colcon_core.environment:checking '/tmp/x2-final-ros.pukricvy/install/x2_recovery' for CMake config files
[0.719s] Level 1:colcon.colcon_core.environment:checking '/tmp/x2-final-ros.pukricvy/install/x2_recovery/lib'
[0.719s] Level 1:colcon.colcon_core.environment:checking '/tmp/x2-final-ros.pukricvy/install/x2_recovery/bin'
[0.719s] Level 1:colcon.colcon_core.environment:checking '/tmp/x2-final-ros.pukricvy/install/x2_recovery/lib/pkgconfig/x2_recovery.pc'
[0.719s] Level 1:colcon.colcon_core.environment:checking '/tmp/x2-final-ros.pukricvy/install/x2_recovery/lib/python3.12/site-packages'
[0.719s] Level 1:colcon.colcon_core.shell:create_environment_hook('x2_recovery', 'pythonpath')
[0.719s] INFO:colcon.colcon_core.shell:Creating environment hook '/tmp/x2-final-ros.pukricvy/install/x2_recovery/share/x2_recovery/hook/pythonpath.ps1'
[0.719s] INFO:colcon.colcon_core.shell:Creating environment descriptor '/tmp/x2-final-ros.pukricvy/install/x2_recovery/share/x2_recovery/hook/pythonpath.dsv'
[0.719s] INFO:colcon.colcon_core.shell:Creating environment hook '/tmp/x2-final-ros.pukricvy/install/x2_recovery/share/x2_recovery/hook/pythonpath.sh'
[0.720s] Level 1:colcon.colcon_core.environment:checking '/tmp/x2-final-ros.pukricvy/install/x2_recovery/bin'
[0.720s] Level 1:colcon.colcon_core.environment:create_environment_scripts_only(x2_recovery)
[0.720s] INFO:colcon.colcon_core.shell:Creating package script '/tmp/x2-final-ros.pukricvy/install/x2_recovery/share/x2_recovery/package.ps1'
[0.720s] INFO:colcon.colcon_core.shell:Creating package descriptor '/tmp/x2-final-ros.pukricvy/install/x2_recovery/share/x2_recovery/package.dsv'
[0.720s] INFO:colcon.colcon_core.shell:Creating package script '/tmp/x2-final-ros.pukricvy/install/x2_recovery/share/x2_recovery/package.sh'
[0.720s] INFO:colcon.colcon_core.shell:Creating package script '/tmp/x2-final-ros.pukricvy/install/x2_recovery/share/x2_recovery/package.bash'
[0.721s] INFO:colcon.colcon_core.shell:Creating package script '/tmp/x2-final-ros.pukricvy/install/x2_recovery/share/x2_recovery/package.zsh'
[0.721s] Level 1:colcon.colcon_core.environment:create_file_with_runtime_dependencies(/tmp/x2-final-ros.pukricvy/install/x2_recovery/share/colcon-core/packages/x2_recovery)
[0.721s] DEBUG:colcon.colcon_parallel_executor.executor.parallel:closing loop
[0.721s] DEBUG:colcon.colcon_parallel_executor.executor.parallel:loop closed
[0.721s] DEBUG:colcon.colcon_parallel_executor.executor.parallel:run_until_complete finished with '0'
[0.721s] DEBUG:colcon.colcon_core.event_reactor:joining thread
[0.729s] INFO:colcon.colcon_core.plugin_system:Skipping extension 'colcon_notification.desktop_notification.terminal_notifier': Not used on non-Darwin systems
[0.729s] INFO:colcon.colcon_core.plugin_system:Skipping extension 'colcon_notification.desktop_notification.win32': Not used on non-Windows systems
[0.729s] INFO:colcon.colcon_notification.desktop_notification:Sending desktop notification using 'notify2'
[0.729s] DEBUG:colcon.colcon_notification.desktop_notification.notify2:Failed to initialize notify2: org.freedesktop.DBus.Error.NotSupported: Unable to autolaunch a dbus-daemon without a $DISPLAY for X11
[0.729s] DEBUG:colcon.colcon_core.event_reactor:joined thread
[0.729s] INFO:colcon.colcon_core.shell:Creating prefix script '/tmp/x2-final-ros.pukricvy/install/local_setup.ps1'
[0.729s] INFO:colcon.colcon_core.shell:Creating prefix util module '/tmp/x2-final-ros.pukricvy/install/_local_setup_util_ps1.py'
[0.730s] INFO:colcon.colcon_core.shell:Creating prefix chain script '/tmp/x2-final-ros.pukricvy/install/setup.ps1'
[0.730s] INFO:colcon.colcon_core.shell:Creating prefix script '/tmp/x2-final-ros.pukricvy/install/local_setup.sh'
[0.730s] INFO:colcon.colcon_core.shell:Creating prefix util module '/tmp/x2-final-ros.pukricvy/install/_local_setup_util_sh.py'
[0.730s] INFO:colcon.colcon_core.shell:Creating prefix chain script '/tmp/x2-final-ros.pukricvy/install/setup.sh'
[0.731s] INFO:colcon.colcon_core.shell:Creating prefix script '/tmp/x2-final-ros.pukricvy/install/local_setup.bash'
[0.731s] INFO:colcon.colcon_core.shell:Creating prefix chain script '/tmp/x2-final-ros.pukricvy/install/setup.bash'
[0.731s] INFO:colcon.colcon_core.shell:Creating prefix script '/tmp/x2-final-ros.pukricvy/install/local_setup.zsh'
[0.731s] INFO:colcon.colcon_core.shell:Creating prefix chain script '/tmp/x2-final-ros.pukricvy/install/setup.zsh'
