[INFO] [launch]: All log files can be found below /home/lang/.ros/log/2026-09-24-23-07-52-277078-lang-387331
[INFO] [launch]: Default logging verbosity is set to INFO
[INFO] [recovery_node-1]: process started with pid [387353]
[INFO] [telemetry_node-2]: process started with pid [387354]
[recovery_node-1] [INFO] [1790262473.344044215] [recovery_node]: {"event": "ready", "controller": "scripted_baseline", "episode": 0, "create_s": 0.6415226250001069, "executable": "/home/lang/RL-AgiBot-X2/.venv/bin/python", "requested_controller": "scripted_baseline", "loaded_controller": "scripted_baseline", "controller_ready": true, "module": "/tmp/x2-ros-deploy-20260924T145619Z/fresh/build/x2_recovery/x2_recovery/recovery_node.py", "seed": 60, "episode_timeout_s": 20.0, "recovery_timeout_s": 30.0, "control_dt": 0.02, "asset_repo": "/home/lang/.cache/hrs-x2-recovery/agibot_x2_urdf", "controlled_joints": 31}
[telemetry_node-2] [INFO] [1790262473.578553590] [telemetry_node]: status=IDLE joint=left_knee_joint no_sample
[telemetry_node-2] [INFO] [1790262474.569945007] [telemetry_node]: status=IDLE joint=left_knee_joint no_sample
[telemetry_node-2] [INFO] [1790262475.569951425] [telemetry_node]: status=IDLE joint=left_knee_joint no_sample
[telemetry_node-2] [INFO] [1790262476.569629800] [telemetry_node]: status=IDLE joint=left_knee_joint no_sample
[telemetry_node-2] [INFO] [1790262477.569728009] [telemetry_node]: status=IDLE joint=left_knee_joint no_sample
[telemetry_node-2] [INFO] [1790262478.570011968] [telemetry_node]: status=IDLE joint=left_knee_joint no_sample
[telemetry_node-2] [INFO] [1790262479.571048760] [telemetry_node]: status=IDLE joint=left_knee_joint no_sample
[telemetry_node-2] [INFO] [1790262480.571211385] [telemetry_node]: status=IDLE joint=left_knee_joint no_sample
[telemetry_node-2] [INFO] [1790262481.569605094] [telemetry_node]: status=IDLE joint=left_knee_joint no_sample
[telemetry_node-2] [INFO] [1790262482.569624345] [telemetry_node]: status=IDLE joint=left_knee_joint no_sample
[recovery_node-1] [INFO] [1790262483.043534928] [recovery_node]: {"event": "accepted", "controller": "scripted_baseline", "episode": 1, "accepted_monotonic_s": 6316.625796928, "deadline_monotonic_s": 6346.625796928, "callback_body_s": 0.00010462499994901009}
[recovery_node-1] [INFO] [1790262483.048599845] [recovery_node]: {"event": "reset_started", "controller": "scripted_baseline", "episode": 1, "monotonic_s": 6316.631069136}
[telemetry_node-2] [INFO] [1790262483.571771012] [telemetry_node]: status=RUNNING joint=left_knee_joint no_sample
[recovery_node-1] [INFO] [1790262483.944869929] [recovery_node]: {"event": "reset_completed", "controller": "scripted_baseline", "episode": 1, "monotonic_s": 6317.526642262, "duration_s": 0.8955731259993627, "elapsed_sim_s": 0.0, "episode_start_time": 1.6609999999999279, "reset_seed": 374032080}
[recovery_node-1] [INFO] [1790262484.077192720] [recovery_node]: {"event": "rejected", "controller": "scripted_baseline", "episode": 1, "status": "RUNNING", "callback_body_s": 1.2500004231696948e-06}
[recovery_node-1] [INFO] [1790262484.122206720] [recovery_node]: {"event": "rejected", "controller": "scripted_baseline", "episode": 1, "status": "RUNNING", "callback_body_s": 1.5000005078036338e-06}
[recovery_node-1] [INFO] [1790262484.169588220] [recovery_node]: {"event": "rejected", "controller": "scripted_baseline", "episode": 1, "status": "RUNNING", "callback_body_s": 1.1249994713580236e-06}
[recovery_node-1] [INFO] [1790262484.214575137] [recovery_node]: {"event": "rejected", "controller": "scripted_baseline", "episode": 1, "status": "RUNNING", "callback_body_s": 1.0000003385357559e-06}
[recovery_node-1] [INFO] [1790262484.259907345] [recovery_node]: {"event": "rejected", "controller": "scripted_baseline", "episode": 1, "status": "RUNNING", "callback_body_s": 1.8330001694266684e-06}
[recovery_node-1] [INFO] [1790262484.306010220] [recovery_node]: {"event": "rejected", "controller": "scripted_baseline", "episode": 1, "status": "RUNNING", "callback_body_s": 8.750002962187864e-07}
[recovery_node-1] [INFO] [1790262484.351842387] [recovery_node]: {"event": "rejected", "controller": "scripted_baseline", "episode": 1, "status": "RUNNING", "callback_body_s": 1.041999894368928e-06}
[recovery_node-1] [INFO] [1790262484.397299304] [recovery_node]: {"event": "rejected", "controller": "scripted_baseline", "episode": 1, "status": "RUNNING", "callback_body_s": 8.340002750628628e-07}
[telemetry_node-2] [INFO] [1790262484.569630429] [telemetry_node]: status=RUNNING joint=left_knee_joint sample position_rad=0.030024 sample_age_s=0.002
[recovery_node-1] [INFO] [1790262485.105957137] [recovery_node]: {"event": "rejected", "controller": "scripted_baseline", "episode": 1, "status": "RUNNING", "callback_body_s": 8.750002962187864e-07}
[telemetry_node-2] [INFO] [1790262485.569696929] [telemetry_node]: status=RUNNING joint=left_knee_joint sample position_rad=0.308220 sample_age_s=0.004
[telemetry_node-2] [INFO] [1790262486.570515513] [telemetry_node]: status=RUNNING joint=left_knee_joint sample position_rad=0.965102 sample_age_s=0.006
[telemetry_node-2] [INFO] [1790262487.570296430] [telemetry_node]: status=RUNNING joint=left_knee_joint sample position_rad=1.159853 sample_age_s=0.007
[telemetry_node-2] [INFO] [1790262488.569778431] [telemetry_node]: status=RUNNING joint=left_knee_joint sample position_rad=1.158126 sample_age_s=0.007
[telemetry_node-2] [INFO] [1790262489.569721931] [telemetry_node]: status=RUNNING joint=left_knee_joint sample position_rad=1.156758 sample_age_s=0.008
[telemetry_node-2] [INFO] [1790262490.569894765] [telemetry_node]: status=RUNNING joint=left_knee_joint sample position_rad=1.231569 sample_age_s=0.007
[telemetry_node-2] [INFO] [1790262491.570312724] [telemetry_node]: status=RUNNING joint=left_knee_joint sample position_rad=1.407380 sample_age_s=0.007
[telemetry_node-2] [INFO] [1790262492.569677933] [telemetry_node]: status=RUNNING joint=left_knee_joint sample position_rad=1.458897 sample_age_s=0.005
[telemetry_node-2] [INFO] [1790262493.570106100] [telemetry_node]: status=RUNNING joint=left_knee_joint sample position_rad=1.296558 sample_age_s=0.018
[telemetry_node-2] [INFO] [1790262494.569724517] [telemetry_node]: status=RUNNING joint=left_knee_joint sample position_rad=0.719622 sample_age_s=0.007
[telemetry_node-2] [INFO] [1790262495.570035226] [telemetry_node]: status=RUNNING joint=left_knee_joint sample position_rad=0.183421 sample_age_s=0.008
[telemetry_node-2] [INFO] [1790262496.569787976] [telemetry_node]: status=RUNNING joint=left_knee_joint sample position_rad=0.068885 sample_age_s=0.007
[telemetry_node-2] [INFO] [1790262497.570823435] [telemetry_node]: status=RUNNING joint=left_knee_joint sample position_rad=0.068723 sample_age_s=0.009
[telemetry_node-2] [INFO] [1790262498.569679477] [telemetry_node]: status=RUNNING joint=left_knee_joint sample position_rad=0.068765 sample_age_s=0.008
[telemetry_node-2] [INFO] [1790262499.570230478] [telemetry_node]: status=RUNNING joint=left_knee_joint sample position_rad=0.068777 sample_age_s=0.008
[telemetry_node-2] [INFO] [1790262500.571016978] [telemetry_node]: status=RUNNING joint=left_knee_joint sample position_rad=0.068780 sample_age_s=0.009
[telemetry_node-2] [INFO] [1790262501.571264520] [telemetry_node]: status=RUNNING joint=left_knee_joint sample position_rad=0.068781 sample_age_s=0.010
[telemetry_node-2] [INFO] [1790262502.571291479] [telemetry_node]: status=RUNNING joint=left_knee_joint sample position_rad=0.068782 sample_age_s=0.010
[telemetry_node-2] [INFO] [1790262503.570002188] [telemetry_node]: status=RUNNING joint=left_knee_joint sample position_rad=0.068782 sample_age_s=0.005
[recovery_node-1] [INFO] [1790262504.043256355] [recovery_node]: {"event": "finished", "controller": "scripted_baseline", "episode": 1, "status": "FAILED", "reason": "time_limit", "control_steps": 1000, "wall_s": 20.9995550929998, "timeout_overshoot_s": 0.0, "elapsed_sim_s": 20.000000000003563, "environment_result": {"terminated": false, "truncated": true, "is_success": false, "termination_reason": null, "truncation_reason": "time_limit", "elapsed_sim_s": 20.000000000003563, "physics_steps_executed": 20, "stable_duration_s": 0.0, "standing_failures": ["height", "torso_tilt", "feet_total", "other_weight"], "reward_terms_raw": {"height": -0.00011354649408522322, "upright": -0.0006412570251598249, "standing_hold": 0.0, "torque_cost": 0.0008375551328933536, "action_change": 0.0, "success": 0.0}, "reward_terms": {"height": -0.00034063948225566965, "upright": -0.0006412570251598249, "standing_hold": 0.0, "torque_cost": -1.6751102657867073e-05, "action_change": -0.0, "success": 0.0}, "torque_saturation_fraction": 0.03225806451612903, "reset_seed": 374032080, "state": {"pelvis_height_m": 0.07635945753108163, "tilt_deg": 73.58960644417554, "left_weight": 0.1786557248931307, "right_weight": 0.17799334906857756, "other_weight": 0.6433509373786406}, "warnings": [0, 0, 0, 0, 0, 0, 0], "control": {"any_saturation_time_fraction": 1.0, "joint_saturation_time_fraction": [0.0, 0.0, 0.0, 0.0, 0.0, 0.0, 0.0, 0.0, 0.0, 0.0, 0.0, 0.0, 0.0, 1.0, 0.0, 0.0, 0.0, 0.0, 0.0, 0.0, 0.0, 0.0, 0.0, 0.0, 0.0, 0.0, 0.0, 0.0, 0.0, 0.0, 0.0], "target_boundary_fraction": 0.0, "raw_torque_abs_max_Nm": 72.97848840706254, "applied_torque_abs_max_Nm": 48.0, "joint_rad_s": 0.00044654764970736066, "joint_limit_rad": 0.0, "floor_penetration_m": 0.0004271031829692932, "self_penetration_m": 0.0}}}
[telemetry_node-2] [INFO] [1790262504.569859813] [telemetry_node]: status=FAILED joint=left_knee_joint last_sample position_rad=0.068782 sample_age_s=0.527
[telemetry_node-2] [INFO] [1790262505.569838397] [telemetry_node]: status=FAILED joint=left_knee_joint last_sample position_rad=0.068782 sample_age_s=1.527
[telemetry_node-2] [INFO] [1790262506.570583439] [telemetry_node]: status=FAILED joint=left_knee_joint last_sample position_rad=0.068782 sample_age_s=2.527
[recovery_node-1] [INFO] [1790262506.979166106] [recovery_node]: {"event": "accepted", "controller": "scripted_baseline", "episode": 2, "accepted_monotonic_s": 6340.561504231, "deadline_monotonic_s": 6370.561504231, "callback_body_s": 0.00011170899961143732}
[recovery_node-1] [INFO] [1790262506.989800231] [recovery_node]: {"event": "reset_started", "controller": "scripted_baseline", "episode": 2, "monotonic_s": 6340.572319898}
[telemetry_node-2] [INFO] [1790262507.570801356] [telemetry_node]: status=RUNNING joint=left_knee_joint last_sample waiting_for_current_sample position_rad=0.068782 sample_age_s=3.528
[recovery_node-1] [INFO] [1790262507.878189148] [recovery_node]: {"event": "reset_completed", "controller": "scripted_baseline", "episode": 2, "monotonic_s": 6341.460020023, "duration_s": 0.8877001249993555, "elapsed_sim_s": 0.0, "episode_start_time": 1.6609999999999279, "reset_seed": 374032080}
[telemetry_node-2] [INFO] [1790262508.570080065] [telemetry_node]: status=RUNNING joint=left_knee_joint sample position_rad=0.030097 sample_age_s=0.013
[telemetry_node-2] [INFO] [1790262509.570629649] [telemetry_node]: status=RUNNING joint=left_knee_joint sample position_rad=0.332812 sample_age_s=0.020
[telemetry_node-2] [INFO] [1790262510.569786983] [telemetry_node]: status=RUNNING joint=left_knee_joint sample position_rad=0.994935 sample_age_s=0.006
[telemetry_node-2] [INFO] [1790262511.569769025] [telemetry_node]: status=RUNNING joint=left_knee_joint sample position_rad=1.159934 sample_age_s=0.007
[telemetry_node-2] [INFO] [1790262512.570026484] [telemetry_node]: status=RUNNING joint=left_knee_joint sample position_rad=1.157930 sample_age_s=0.007
[telemetry_node-2] [INFO] [1790262513.569828859] [telemetry_node]: status=RUNNING joint=left_knee_joint sample position_rad=1.156854 sample_age_s=0.008
[telemetry_node-2] [INFO] [1790262514.569768443] [telemetry_node]: status=RUNNING joint=left_knee_joint sample position_rad=1.241686 sample_age_s=0.008
[telemetry_node-2] [INFO] [1790262515.569751610] [telemetry_node]: status=RUNNING joint=left_knee_joint sample position_rad=1.415183 sample_age_s=0.006
[telemetry_node-2] [INFO] [1790262516.569721319] [telemetry_node]: status=RUNNING joint=left_knee_joint sample position_rad=1.458800 sample_age_s=0.005
[telemetry_node-2] [INFO] [1790262517.569591611] [telemetry_node]: status=RUNNING joint=left_knee_joint sample position_rad=1.265157 sample_age_s=0.005
[telemetry_node-2] [INFO] [1790262518.569694445] [telemetry_node]: status=RUNNING joint=left_knee_joint sample position_rad=0.680384 sample_age_s=0.006
[telemetry_node-2] [INFO] [1790262519.571293071] [telemetry_node]: status=RUNNING joint=left_knee_joint sample position_rad=0.164753 sample_age_s=0.009
[telemetry_node-2] [INFO] [1790262520.569663738] [telemetry_node]: status=RUNNING joint=left_knee_joint sample position_rad=0.068817 sample_age_s=0.007
[telemetry_node-2] [INFO] [1790262521.570767447] [telemetry_node]: status=RUNNING joint=left_knee_joint sample position_rad=0.068727 sample_age_s=0.008
[telemetry_node-2] [INFO] [1790262522.571017655] [telemetry_node]: status=RUNNING joint=left_knee_joint sample position_rad=0.068766 sample_age_s=0.008
[telemetry_node-2] [INFO] [1790262523.571306822] [telemetry_node]: status=RUNNING joint=left_knee_joint sample position_rad=0.068777 sample_age_s=0.010
[telemetry_node-2] [INFO] [1790262524.570215448] [telemetry_node]: status=RUNNING joint=left_knee_joint sample position_rad=0.068780 sample_age_s=0.008
[telemetry_node-2] [INFO] [1790262525.570758032] [telemetry_node]: status=RUNNING joint=left_knee_joint sample position_rad=0.068781 sample_age_s=0.008
[telemetry_node-2] [INFO] [1790262526.570548449] [telemetry_node]: status=RUNNING joint=left_knee_joint sample position_rad=0.068782 sample_age_s=0.009
[telemetry_node-2] [INFO] [1790262527.570300658] [telemetry_node]: status=RUNNING joint=left_knee_joint sample position_rad=0.068782 sample_age_s=0.008
[recovery_node-1] [INFO] [1790262527.981795158] [recovery_node]: {"event": "finished", "controller": "scripted_baseline", "episode": 2, "status": "FAILED", "reason": "time_limit", "control_steps": 1000, "wall_s": 21.002536969000175, "timeout_overshoot_s": 0.0, "elapsed_sim_s": 20.000000000003563, "environment_result": {"terminated": false, "truncated": true, "is_success": false, "termination_reason": null, "truncation_reason": "time_limit", "elapsed_sim_s": 20.000000000003563, "physics_steps_executed": 20, "stable_duration_s": 0.0, "standing_failures": ["height", "torso_tilt", "feet_total", "other_weight"], "reward_terms_raw": {"height": -0.00011354649408522322, "upright": -0.0006412570251598249, "standing_hold": 0.0, "torque_cost": 0.0008375551328933536, "action_change": 0.0, "success": 0.0}, "reward_terms": {"height": -0.00034063948225566965, "upright": -0.0006412570251598249, "standing_hold": 0.0, "torque_cost": -1.6751102657867073e-05, "action_change": -0.0, "success": 0.0}, "torque_saturation_fraction": 0.03225806451612903, "reset_seed": 374032080, "state": {"pelvis_height_m": 0.07635945753108163, "tilt_deg": 73.58960644417554, "left_weight": 0.1786557248931307, "right_weight": 0.17799334906857756, "other_weight": 0.6433509373786406}, "warnings": [0, 0, 0, 0, 0, 0, 0], "control": {"any_saturation_time_fraction": 1.0, "joint_saturation_time_fraction": [0.0, 0.0, 0.0, 0.0, 0.0, 0.0, 0.0, 0.0, 0.0, 0.0, 0.0, 0.0, 0.0, 1.0, 0.0, 0.0, 0.0, 0.0, 0.0, 0.0, 0.0, 0.0, 0.0, 0.0, 0.0, 0.0, 0.0, 0.0, 0.0, 0.0, 0.0], "target_boundary_fraction": 0.0, "raw_torque_abs_max_Nm": 72.97848840706254, "applied_torque_abs_max_Nm": 48.0, "joint_rad_s": 0.00044654764970736066, "joint_limit_rad": 0.0, "floor_penetration_m": 0.0004271031829692932, "self_penetration_m": 0.0}}}
[WARNING] [launch]: user interrupted with ctrl-c (SIGINT)
[INFO] [telemetry_node-2]: sending signal 'SIGINT' to process[telemetry_node-2]
[INFO] [recovery_node-1]: sending signal 'SIGINT' to process[recovery_node-1]
[recovery_node-1] {"event": "closed", "controller": "scripted_baseline", "episode": 2}
[INFO] [telemetry_node-2]: process has finished cleanly [pid 387354]
[INFO] [recovery_node-1]: process has finished cleanly [pid 387353]
