[INFO] [launch]: All log files can be found below /home/lang/.ros/log/2026-09-24-23-08-48-471088-lang-387840
[INFO] [launch]: Default logging verbosity is set to INFO
[INFO] [recovery_node-1]: process started with pid [387859]
[INFO] [telemetry_node-2]: process started with pid [387860]
[recovery_node-1] [INFO] [1790262529.564903825] [recovery_node]: {"event": "ready", "controller": "scripted_baseline", "episode": 0, "create_s": 0.6859574589998374, "executable": "/home/lang/RL-AgiBot-X2/.venv/bin/python", "requested_controller": "scripted_baseline", "loaded_controller": "scripted_baseline", "controller_ready": true, "module": "/tmp/x2-ros-deploy-20260924T145619Z/fresh/build/x2_recovery/x2_recovery/recovery_node.py", "seed": 60, "episode_timeout_s": 20.0, "recovery_timeout_s": 3.0, "control_dt": 0.02, "asset_repo": "/home/lang/.cache/hrs-x2-recovery/agibot_x2_urdf", "controlled_joints": 31}
[recovery_node-1] [INFO] [1790262529.586521575] [recovery_node]: {"event": "accepted", "controller": "scripted_baseline", "episode": 1, "accepted_monotonic_s": 6363.168905075, "deadline_monotonic_s": 6366.168905075, "callback_body_s": 7.291699967026943e-05}
[recovery_node-1] [INFO] [1790262529.590620325] [recovery_node]: {"event": "reset_started", "controller": "scripted_baseline", "episode": 1, "monotonic_s": 6363.173151575}
[telemetry_node-2] [INFO] [1790262529.768639117] [telemetry_node]: status=RUNNING joint=left_knee_joint no_sample
[recovery_node-1] [INFO] [1790262530.473410159] [recovery_node]: {"event": "reset_completed", "controller": "scripted_baseline", "episode": 1, "monotonic_s": 6364.055445909, "duration_s": 0.8822943340001075, "elapsed_sim_s": 0.0, "episode_start_time": 1.6609999999999279, "reset_seed": 374032080}
[recovery_node-1] [INFO] [1790262530.609299451] [recovery_node]: {"event": "rejected", "controller": "scripted_baseline", "episode": 1, "status": "RUNNING", "callback_body_s": 2.7090000003227033e-06}
[recovery_node-1] [INFO] [1790262530.654906867] [recovery_node]: {"event": "rejected", "controller": "scripted_baseline", "episode": 1, "status": "RUNNING", "callback_body_s": 1.958000211743638e-06}
[recovery_node-1] [INFO] [1790262530.699941701] [recovery_node]: {"event": "rejected", "controller": "scripted_baseline", "episode": 1, "status": "RUNNING", "callback_body_s": 1.1669999366858974e-06}
[recovery_node-1] [INFO] [1790262530.745193368] [recovery_node]: {"event": "rejected", "controller": "scripted_baseline", "episode": 1, "status": "RUNNING", "callback_body_s": 9.169998520519584e-07}
[telemetry_node-2] [INFO] [1790262530.759844951] [telemetry_node]: status=RUNNING joint=left_knee_joint sample position_rad=0.029999 sample_age_s=0.015
[telemetry_node-2] [INFO] [1790262531.760021743] [telemetry_node]: status=RUNNING joint=left_knee_joint sample position_rad=0.136388 sample_age_s=0.007
[recovery_node-1] [INFO] [1790262532.587426202] [recovery_node]: {"event": "finished", "controller": "scripted_baseline", "episode": 1, "status": "FAILED", "reason": "recovery_timeout", "control_steps": 101, "wall_s": 3.0007690020001974, "timeout_overshoot_s": 0.0007690020001973608, "elapsed_sim_s": 2.0199999999997775, "environment_result": {"terminated": false, "truncated": false, "is_success": false, "termination_reason": null, "truncation_reason": null, "elapsed_sim_s": 2.0199999999997775, "physics_steps_executed": 20, "stable_duration_s": 0.0, "standing_failures": ["height", "torso_tilt", "left_support", "right_support", "feet_total", "other_weight", "joint_rad_s"], "reward_terms_raw": {"height": -0.00010065364946572342, "upright": -0.0007680630955142487, "standing_hold": 0.0, "torque_cost": 4.38503543465604e-05, "action_change": 3.048339300123958e-06, "success": 0.0}, "reward_terms": {"height": -0.00030196094839717025, "upright": -0.0007680630955142487, "standing_hold": 0.0, "torque_cost": -8.770070869312079e-07, "action_change": -6.096678600247916e-09, "success": 0.0}, "torque_saturation_fraction": 0.0, "reset_seed": 374032080, "state": {"pelvis_height_m": 0.07572408148261862, "tilt_deg": 72.7257752843981, "left_weight": 0.0, "right_weight": 0.0, "other_weight": 0.9066071312172858}, "warnings": [0, 0, 0, 0, 0, 0, 0], "control": {"any_saturation_time_fraction": 0.0, "joint_saturation_time_fraction": [0.0, 0.0, 0.0, 0.0, 0.0, 0.0, 0.0, 0.0, 0.0, 0.0, 0.0, 0.0, 0.0, 0.0, 0.0, 0.0, 0.0, 0.0, 0.0, 0.0, 0.0, 0.0, 0.0, 0.0, 0.0, 0.0, 0.0, 0.0, 0.0, 0.0, 0.0], "target_boundary_fraction": 0.0, "raw_torque_abs_max_Nm": 18.77768923213672, "applied_torque_abs_max_Nm": 18.77768923213672, "joint_rad_s": 0.7992850202566235, "joint_limit_rad": 0.0, "floor_penetration_m": 0.0002240990990135805, "self_penetration_m": 0.0}}, "stage": "step"}
[WARNING] [launch]: user interrupted with ctrl-c (SIGINT)
[INFO] [telemetry_node-2]: sending signal 'SIGINT' to process[telemetry_node-2]
[INFO] [recovery_node-1]: sending signal 'SIGINT' to process[recovery_node-1]
[recovery_node-1] {"event": "closed", "controller": "scripted_baseline", "episode": 1}
[INFO] [telemetry_node-2]: process has finished cleanly [pid 387860]
[INFO] [recovery_node-1]: process has finished cleanly [pid 387859]
