+ 1790168299.317038 cwd=/tmp set -eo pipefail
+ 1790168299.317053 cwd=/tmp PS4='+ ${EPOCHREALTIME} cwd=${PWD} '
+ 1790168299.317056 cwd=/tmp set -x
+ 1790168299.317064 cwd=/tmp python3 -
+ 1790168299.329915 cwd=/tmp source /opt/ros/jazzy/setup.bash
++ 1790168299.329957 cwd=/tmp AMENT_SHELL=bash
++++ 1790168299.330302 cwd=/tmp dirname /opt/ros/jazzy/setup.bash
+++ 1790168299.330922 cwd=/tmp builtin cd /opt/ros/jazzy
+++ 1790168299.330955 cwd=/opt/ros/jazzy pwd
++ 1790168299.331044 cwd=/tmp AMENT_CURRENT_PREFIX=/opt/ros/jazzy
++ 1790168299.331064 cwd=/tmp '[' -n '' ']'
++ 1790168299.331072 cwd=/tmp . /opt/ros/jazzy/setup.sh
+++ 1790168299.331091 cwd=/tmp : /opt/ros/jazzy
+++ 1790168299.331097 cwd=/tmp : bash
+++ 1790168299.331134 cwd=/tmp _prefix_setup_IFS=' 	
'
+++ 1790168299.331137 cwd=/tmp IFS='
'
+++ 1790168299.331141 cwd=/tmp _UNIQUE_PREFIX_PATH=
+++ 1790168299.331172 cwd=/tmp '[' -z SKIP_PARENT_PREFIX_PATH ']'
+++ 1790168299.331180 cwd=/tmp ament_append_unique_value _UNIQUE_PREFIX_PATH /opt/ros/jazzy
+++ 1790168299.331193 cwd=/tmp _listname=_UNIQUE_PREFIX_PATH
+++ 1790168299.331196 cwd=/tmp _value=/opt/ros/jazzy
+++ 1790168299.331200 cwd=/tmp eval '_values=$_UNIQUE_PREFIX_PATH'
++++ 1790168299.331204 cwd=/tmp _values=
+++ 1790168299.331207 cwd=/tmp _duplicate=
+++ 1790168299.331210 cwd=/tmp _ament_append_unique_value_IFS='
'
+++ 1790168299.331211 cwd=/tmp IFS=:
+++ 1790168299.331216 cwd=/tmp '[' bash = zsh ']'
+++ 1790168299.331220 cwd=/tmp unset _item
+++ 1790168299.331224 cwd=/tmp '[' -z '' ']'
+++ 1790168299.331227 cwd=/tmp '[' -z '' ']'
+++ 1790168299.331231 cwd=/tmp eval '_UNIQUE_PREFIX_PATH="/opt/ros/jazzy"'
++++ 1790168299.331234 cwd=/tmp _UNIQUE_PREFIX_PATH=/opt/ros/jazzy
+++ 1790168299.331237 cwd=/tmp IFS='
'
+++ 1790168299.331240 cwd=/tmp unset _ament_append_unique_value_IFS
+++ 1790168299.331243 cwd=/tmp unset _duplicate
+++ 1790168299.331246 cwd=/tmp unset _values
+++ 1790168299.331248 cwd=/tmp unset _value
+++ 1790168299.331250 cwd=/tmp unset _listname
+++ 1790168299.331256 cwd=/tmp unset AMENT_CURRENT_PREFIX
+++ 1790168299.331260 cwd=/tmp _prefix_setup_AMENT_SHELL=bash
+++ 1790168299.331263 cwd=/tmp IFS=:
+++ 1790168299.331268 cwd=/tmp '[' bash = zsh ']'
+++ 1790168299.331278 cwd=/tmp for _path in $_UNIQUE_PREFIX_PATH
+++ 1790168299.331281 cwd=/tmp '[' -n '' ']'
+++ 1790168299.331285 cwd=/tmp '[' -f /opt/ros/jazzy/local_setup.bash ']'
+++ 1790168299.331290 cwd=/tmp '[' bash = sh ']'
+++ 1790168299.331292 cwd=/tmp IFS=' 	
'
+++ 1790168299.331296 cwd=/tmp . /opt/ros/jazzy/local_setup.bash
++++ 1790168299.331302 cwd=/tmp AMENT_SHELL=bash
++++++ 1790168299.331579 cwd=/tmp dirname /opt/ros/jazzy/local_setup.bash
+++++ 1790168299.331939 cwd=/tmp builtin cd /opt/ros/jazzy
+++++ 1790168299.331958 cwd=/opt/ros/jazzy pwd
++++ 1790168299.332030 cwd=/tmp AMENT_CURRENT_PREFIX=/opt/ros/jazzy
++++ 1790168299.332047 cwd=/tmp '[' -n '' ']'
++++ 1790168299.332054 cwd=/tmp . /opt/ros/jazzy/local_setup.sh
+++++ 1790168299.332070 cwd=/tmp _ament_prefix_sh_AMENT_CURRENT_PREFIX=/opt/ros/jazzy
+++++ 1790168299.332082 cwd=/tmp '[' -z /opt/ros/jazzy ']'
+++++ 1790168299.332086 cwd=/tmp _ament_prefix_sh_AMENT_CURRENT_PREFIX=/opt/ros/jazzy
+++++ 1790168299.332092 cwd=/tmp : bash
+++++ 1790168299.332096 cwd=/tmp _ament_python_executable=/usr/bin/python3
+++++ 1790168299.332101 cwd=/tmp '[' -n '' ']'
+++++ 1790168299.332111 cwd=/tmp '[' '!' -f /usr/bin/python3 ']'
+++++ 1790168299.332157 cwd=/tmp _ament_additional_extension=
+++++ 1790168299.332163 cwd=/tmp '[' bash '!=' sh ']'
+++++ 1790168299.332167 cwd=/tmp _ament_additional_extension=bash
++++++ 1790168299.332318 cwd=/tmp /usr/bin/python3 /opt/ros/jazzy/_local_setup_util.py sh bash
+++++ 1790168299.365648 cwd=/tmp _ament_ordered_commands='export AMENT_PREFIX_PATH="/opt/ros/jazzy:$AMENT_PREFIX_PATH"
export PATH="/opt/ros/jazzy/bin:$PATH"
export PYTHONPATH="/opt/ros/jazzy/lib/python3.12/site-packages:$PYTHONPATH"
export LD_LIBRARY_PATH="/opt/ros/jazzy/lib:$LD_LIBRARY_PATH"
export LD_LIBRARY_PATH="/opt/ros/jazzy/opt/gz_cmake_vendor/lib:$LD_LIBRARY_PATH"
export CMAKE_PREFIX_PATH="/opt/ros/jazzy/opt/gz_cmake_vendor:$CMAKE_PREFIX_PATH"
export LD_LIBRARY_PATH="/opt/ros/jazzy/opt/gz_utils_vendor/lib:$LD_LIBRARY_PATH"
export CMAKE_PREFIX_PATH="/opt/ros/jazzy/opt/gz_utils_vendor:$CMAKE_PREFIX_PATH"
export LD_LIBRARY_PATH="/opt/ros/jazzy/opt/gz_math_vendor/lib:$LD_LIBRARY_PATH"
export CMAKE_PREFIX_PATH="/opt/ros/jazzy/opt/gz_math_vendor:$CMAKE_PREFIX_PATH"
export PYTHONPATH="/opt/ros/jazzy/opt/gz_math_vendor/lib/python:$PYTHONPATH"
AMENT_CURRENT_PREFIX="/opt/ros/jazzy" _ament_prefix_sh_source_script "/opt/ros/jazzy/share/ros2cli/environment/ros2-argcomplete.bash"
AMENT_CURRENT_PREFIX="/opt/ros/jazzy" _ament_prefix_sh_source_script "/opt/ros/jazzy/share/ros_environment/environment/0.ros_distro_check.sh"
export ROS_AUTOMATIC_DISCOVERY_RANGE="SUBNET"
export ROS_DISTRO="jazzy"
export ROS_PYTHON_VERSION="3"
export ROS_VERSION="2"
export LD_LIBRARY_PATH="/opt/ros/jazzy/lib/aarch64-linux-gnu:$LD_LIBRARY_PATH"
AMENT_CURRENT_PREFIX="/opt/ros/jazzy" _ament_prefix_sh_source_script "/opt/ros/jazzy/share/rosidl_cli/environment/rosidl-argcomplete.bash"
export LD_LIBRARY_PATH="/opt/ros/jazzy/opt/rviz_ogre_vendor/lib:$LD_LIBRARY_PATH"
export AMENT_PREFIX_PATH=${AMENT_PREFIX_PATH#:}
export AMENT_PREFIX_PATH=${AMENT_PREFIX_PATH%:}
export PYTHONPATH=${PYTHONPATH#:}
export PYTHONPATH=${PYTHONPATH%:}
export LD_LIBRARY_PATH=${LD_LIBRARY_PATH#:}
export LD_LIBRARY_PATH=${LD_LIBRARY_PATH%:}
export CMAKE_PREFIX_PATH=${CMAKE_PREFIX_PATH#:}
export CMAKE_PREFIX_PATH=${CMAKE_PREFIX_PATH%:}
export ROS_DISTRO=${ROS_DISTRO#:}
export ROS_DISTRO=${ROS_DISTRO%:}
export ROS_PYTHON_VERSION=${ROS_PYTHON_VERSION#:}
export ROS_PYTHON_VERSION=${ROS_PYTHON_VERSION%:}
export ROS_VERSION=${ROS_VERSION#:}
export ROS_VERSION=${ROS_VERSION%:}'
+++++ 1790168299.365698 cwd=/tmp unset _ament_additional_extension
+++++ 1790168299.365705 cwd=/tmp unset _ament_python_executable
+++++ 1790168299.365723 cwd=/tmp '[' -n '' ']'
+++++ 1790168299.365770 cwd=/tmp eval 'export AMENT_PREFIX_PATH="/opt/ros/jazzy:$AMENT_PREFIX_PATH"
export PATH="/opt/ros/jazzy/bin:$PATH"
export PYTHONPATH="/opt/ros/jazzy/lib/python3.12/site-packages:$PYTHONPATH"
export LD_LIBRARY_PATH="/opt/ros/jazzy/lib:$LD_LIBRARY_PATH"
export LD_LIBRARY_PATH="/opt/ros/jazzy/opt/gz_cmake_vendor/lib:$LD_LIBRARY_PATH"
export CMAKE_PREFIX_PATH="/opt/ros/jazzy/opt/gz_cmake_vendor:$CMAKE_PREFIX_PATH"
export LD_LIBRARY_PATH="/opt/ros/jazzy/opt/gz_utils_vendor/lib:$LD_LIBRARY_PATH"
export CMAKE_PREFIX_PATH="/opt/ros/jazzy/opt/gz_utils_vendor:$CMAKE_PREFIX_PATH"
export LD_LIBRARY_PATH="/opt/ros/jazzy/opt/gz_math_vendor/lib:$LD_LIBRARY_PATH"
export CMAKE_PREFIX_PATH="/opt/ros/jazzy/opt/gz_math_vendor:$CMAKE_PREFIX_PATH"
export PYTHONPATH="/opt/ros/jazzy/opt/gz_math_vendor/lib/python:$PYTHONPATH"
AMENT_CURRENT_PREFIX="/opt/ros/jazzy" _ament_prefix_sh_source_script "/opt/ros/jazzy/share/ros2cli/environment/ros2-argcomplete.bash"
AMENT_CURRENT_PREFIX="/opt/ros/jazzy" _ament_prefix_sh_source_script "/opt/ros/jazzy/share/ros_environment/environment/0.ros_distro_check.sh"
export ROS_AUTOMATIC_DISCOVERY_RANGE="SUBNET"
export ROS_DISTRO="jazzy"
export ROS_PYTHON_VERSION="3"
export ROS_VERSION="2"
export LD_LIBRARY_PATH="/opt/ros/jazzy/lib/aarch64-linux-gnu:$LD_LIBRARY_PATH"
AMENT_CURRENT_PREFIX="/opt/ros/jazzy" _ament_prefix_sh_source_script "/opt/ros/jazzy/share/rosidl_cli/environment/rosidl-argcomplete.bash"
export LD_LIBRARY_PATH="/opt/ros/jazzy/opt/rviz_ogre_vendor/lib:$LD_LIBRARY_PATH"
export AMENT_PREFIX_PATH=${AMENT_PREFIX_PATH#:}
export AMENT_PREFIX_PATH=${AMENT_PREFIX_PATH%:}
export PYTHONPATH=${PYTHONPATH#:}
export PYTHONPATH=${PYTHONPATH%:}
export LD_LIBRARY_PATH=${LD_LIBRARY_PATH#:}
export LD_LIBRARY_PATH=${LD_LIBRARY_PATH%:}
export CMAKE_PREFIX_PATH=${CMAKE_PREFIX_PATH#:}
export CMAKE_PREFIX_PATH=${CMAKE_PREFIX_PATH%:}
export ROS_DISTRO=${ROS_DISTRO#:}
export ROS_DISTRO=${ROS_DISTRO%:}
export ROS_PYTHON_VERSION=${ROS_PYTHON_VERSION#:}
export ROS_PYTHON_VERSION=${ROS_PYTHON_VERSION%:}
export ROS_VERSION=${ROS_VERSION#:}
export ROS_VERSION=${ROS_VERSION%:}'
++++++ 1790168299.365786 cwd=/tmp export AMENT_PREFIX_PATH=/opt/ros/jazzy:
++++++ 1790168299.365790 cwd=/tmp AMENT_PREFIX_PATH=/opt/ros/jazzy:
++++++ 1790168299.365797 cwd=/tmp export PATH=/opt/ros/jazzy/bin:/usr/local/sbin:/usr/local/bin:/usr/sbin:/usr/bin:/sbin:/bin
++++++ 1790168299.365799 cwd=/tmp PATH=/opt/ros/jazzy/bin:/usr/local/sbin:/usr/local/bin:/usr/sbin:/usr/bin:/sbin:/bin
++++++ 1790168299.365807 cwd=/tmp export PYTHONPATH=/opt/ros/jazzy/lib/python3.12/site-packages:
++++++ 1790168299.365809 cwd=/tmp PYTHONPATH=/opt/ros/jazzy/lib/python3.12/site-packages:
++++++ 1790168299.365814 cwd=/tmp export LD_LIBRARY_PATH=/opt/ros/jazzy/lib:
++++++ 1790168299.365816 cwd=/tmp LD_LIBRARY_PATH=/opt/ros/jazzy/lib:
++++++ 1790168299.365821 cwd=/tmp export LD_LIBRARY_PATH=/opt/ros/jazzy/opt/gz_cmake_vendor/lib:/opt/ros/jazzy/lib:
++++++ 1790168299.365824 cwd=/tmp LD_LIBRARY_PATH=/opt/ros/jazzy/opt/gz_cmake_vendor/lib:/opt/ros/jazzy/lib:
++++++ 1790168299.365828 cwd=/tmp export CMAKE_PREFIX_PATH=/opt/ros/jazzy/opt/gz_cmake_vendor:
++++++ 1790168299.365830 cwd=/tmp CMAKE_PREFIX_PATH=/opt/ros/jazzy/opt/gz_cmake_vendor:
++++++ 1790168299.365836 cwd=/tmp export LD_LIBRARY_PATH=/opt/ros/jazzy/opt/gz_utils_vendor/lib:/opt/ros/jazzy/opt/gz_cmake_vendor/lib:/opt/ros/jazzy/lib:
++++++ 1790168299.365838 cwd=/tmp LD_LIBRARY_PATH=/opt/ros/jazzy/opt/gz_utils_vendor/lib:/opt/ros/jazzy/opt/gz_cmake_vendor/lib:/opt/ros/jazzy/lib:
++++++ 1790168299.365843 cwd=/tmp export CMAKE_PREFIX_PATH=/opt/ros/jazzy/opt/gz_utils_vendor:/opt/ros/jazzy/opt/gz_cmake_vendor:
++++++ 1790168299.365845 cwd=/tmp CMAKE_PREFIX_PATH=/opt/ros/jazzy/opt/gz_utils_vendor:/opt/ros/jazzy/opt/gz_cmake_vendor:
++++++ 1790168299.365852 cwd=/tmp export LD_LIBRARY_PATH=/opt/ros/jazzy/opt/gz_math_vendor/lib:/opt/ros/jazzy/opt/gz_utils_vendor/lib:/opt/ros/jazzy/opt/gz_cmake_vendor/lib:/opt/ros/jazzy/lib:
++++++ 1790168299.365854 cwd=/tmp LD_LIBRARY_PATH=/opt/ros/jazzy/opt/gz_math_vendor/lib:/opt/ros/jazzy/opt/gz_utils_vendor/lib:/opt/ros/jazzy/opt/gz_cmake_vendor/lib:/opt/ros/jazzy/lib:
++++++ 1790168299.365860 cwd=/tmp export CMAKE_PREFIX_PATH=/opt/ros/jazzy/opt/gz_math_vendor:/opt/ros/jazzy/opt/gz_utils_vendor:/opt/ros/jazzy/opt/gz_cmake_vendor:
++++++ 1790168299.365862 cwd=/tmp CMAKE_PREFIX_PATH=/opt/ros/jazzy/opt/gz_math_vendor:/opt/ros/jazzy/opt/gz_utils_vendor:/opt/ros/jazzy/opt/gz_cmake_vendor:
++++++ 1790168299.365868 cwd=/tmp export PYTHONPATH=/opt/ros/jazzy/opt/gz_math_vendor/lib/python:/opt/ros/jazzy/lib/python3.12/site-packages:
++++++ 1790168299.365870 cwd=/tmp PYTHONPATH=/opt/ros/jazzy/opt/gz_math_vendor/lib/python:/opt/ros/jazzy/lib/python3.12/site-packages:
++++++ 1790168299.365881 cwd=/tmp AMENT_CURRENT_PREFIX=/opt/ros/jazzy
++++++ 1790168299.365882 cwd=/tmp _ament_prefix_sh_source_script /opt/ros/jazzy/share/ros2cli/environment/ros2-argcomplete.bash
++++++ 1790168299.365892 cwd=/tmp '[' -f /opt/ros/jazzy/share/ros2cli/environment/ros2-argcomplete.bash ']'
++++++ 1790168299.365900 cwd=/tmp '[' -n '' ']'
++++++ 1790168299.365904 cwd=/tmp . /opt/ros/jazzy/share/ros2cli/environment/ros2-argcomplete.bash
+++++++ 1790168299.365925 cwd=/tmp type register-python-argcomplete3
+++++++ 1790168299.365956 cwd=/tmp type register-python-argcomplete
++++++++ 1790168299.366193 cwd=/tmp register-python-argcomplete ros2
+++++++ 1790168299.382744 cwd=/tmp eval '
# Run something, muting output or redirecting it to the debug stream
# depending on the value of _ARC_DEBUG.
# If ARGCOMPLETE_USE_TEMPFILES is set, use tempfiles for IPC.
__python_argcomplete_run() {
    if [[ -z "${ARGCOMPLETE_USE_TEMPFILES-}" ]]; then
        __python_argcomplete_run_inner "$@"
        return
    fi
    local tmpfile="$(mktemp)"
    _ARGCOMPLETE_STDOUT_FILENAME="$tmpfile" __python_argcomplete_run_inner "$@"
    local code=$?
    cat "$tmpfile"
    rm "$tmpfile"
    return $code
}

__python_argcomplete_run_inner() {
    if [[ -z "${_ARC_DEBUG-}" ]]; then
        "$@" 8>&1 9>&2 1>/dev/null 2>&1
    else
        "$@" 8>&1 9>&2 1>&9 2>&1
    fi
}

_python_argcomplete() {
    local IFS=$'\''\013'\''
    local script=""
    if [[ -n "${ZSH_VERSION-}" ]]; then
        local completions
        completions=($(IFS="$IFS" \
            COMP_LINE="$BUFFER" \
            COMP_POINT="$CURSOR" \
            _ARGCOMPLETE=1 \
            _ARGCOMPLETE_SHELL="zsh" \
            _ARGCOMPLETE_SUPPRESS_SPACE=1 \
            __python_argcomplete_run ${script:-${words[1]}}))
        _describe "${words[1]}" completions -o nosort
    else
        local SUPPRESS_SPACE=0
        if compopt +o nospace 2> /dev/null; then
            SUPPRESS_SPACE=1
        fi
        COMPREPLY=($(IFS="$IFS" \
            COMP_LINE="$COMP_LINE" \
            COMP_POINT="$COMP_POINT" \
            COMP_TYPE="$COMP_TYPE" \
            _ARGCOMPLETE_COMP_WORDBREAKS="$COMP_WORDBREAKS" \
            _ARGCOMPLETE=1 \
            _ARGCOMPLETE_SHELL="bash" \
            _ARGCOMPLETE_SUPPRESS_SPACE=$SUPPRESS_SPACE \
            __python_argcomplete_run ${script:-$1}))
        if [[ $? != 0 ]]; then
            unset COMPREPLY
        elif [[ $SUPPRESS_SPACE == 1 ]] && [[ "${COMPREPLY-}" =~ [=/:]$ ]]; then
            compopt -o nospace
        fi
    fi
}
if [[ -z "${ZSH_VERSION-}" ]]; then
    complete -o nospace -o default -o bashdefault -F _python_argcomplete ros2
else
    compdef _python_argcomplete ros2
fi'
++++++++ 1790168299.382841 cwd=/tmp [[ -z '' ]]
++++++++ 1790168299.382848 cwd=/tmp complete -o nospace -o default -o bashdefault -F _python_argcomplete ros2
++++++ 1790168299.382875 cwd=/tmp AMENT_CURRENT_PREFIX=/opt/ros/jazzy
++++++ 1790168299.382877 cwd=/tmp _ament_prefix_sh_source_script /opt/ros/jazzy/share/ros_environment/environment/0.ros_distro_check.sh
++++++ 1790168299.382884 cwd=/tmp '[' -f /opt/ros/jazzy/share/ros_environment/environment/0.ros_distro_check.sh ']'
++++++ 1790168299.382892 cwd=/tmp '[' -n '' ']'
++++++ 1790168299.382897 cwd=/tmp . /opt/ros/jazzy/share/ros_environment/environment/0.ros_distro_check.sh
+++++++ 1790168299.382910 cwd=/tmp '[' -n '' -a '' '!=' jazzy ']'
++++++ 1790168299.382919 cwd=/tmp export ROS_AUTOMATIC_DISCOVERY_RANGE=SUBNET
++++++ 1790168299.382922 cwd=/tmp ROS_AUTOMATIC_DISCOVERY_RANGE=SUBNET
++++++ 1790168299.382926 cwd=/tmp export ROS_DISTRO=jazzy
++++++ 1790168299.382928 cwd=/tmp ROS_DISTRO=jazzy
++++++ 1790168299.382931 cwd=/tmp export ROS_PYTHON_VERSION=3
++++++ 1790168299.382933 cwd=/tmp ROS_PYTHON_VERSION=3
++++++ 1790168299.382936 cwd=/tmp export ROS_VERSION=2
++++++ 1790168299.382938 cwd=/tmp ROS_VERSION=2
++++++ 1790168299.382946 cwd=/tmp export LD_LIBRARY_PATH=/opt/ros/jazzy/lib/aarch64-linux-gnu:/opt/ros/jazzy/opt/gz_math_vendor/lib:/opt/ros/jazzy/opt/gz_utils_vendor/lib:/opt/ros/jazzy/opt/gz_cmake_vendor/lib:/opt/ros/jazzy/lib:
++++++ 1790168299.382948 cwd=/tmp LD_LIBRARY_PATH=/opt/ros/jazzy/lib/aarch64-linux-gnu:/opt/ros/jazzy/opt/gz_math_vendor/lib:/opt/ros/jazzy/opt/gz_utils_vendor/lib:/opt/ros/jazzy/opt/gz_cmake_vendor/lib:/opt/ros/jazzy/lib:
++++++ 1790168299.382957 cwd=/tmp AMENT_CURRENT_PREFIX=/opt/ros/jazzy
++++++ 1790168299.382958 cwd=/tmp _ament_prefix_sh_source_script /opt/ros/jazzy/share/rosidl_cli/environment/rosidl-argcomplete.bash
++++++ 1790168299.382963 cwd=/tmp '[' -f /opt/ros/jazzy/share/rosidl_cli/environment/rosidl-argcomplete.bash ']'
++++++ 1790168299.382968 cwd=/tmp '[' -n '' ']'
++++++ 1790168299.382971 cwd=/tmp . /opt/ros/jazzy/share/rosidl_cli/environment/rosidl-argcomplete.bash
+++++++ 1790168299.382987 cwd=/tmp type register-python-argcomplete3
+++++++ 1790168299.383012 cwd=/tmp type register-python-argcomplete
++++++++ 1790168299.383202 cwd=/tmp register-python-argcomplete rosidl
+++++++ 1790168299.398496 cwd=/tmp eval '
# Run something, muting output or redirecting it to the debug stream
# depending on the value of _ARC_DEBUG.
# If ARGCOMPLETE_USE_TEMPFILES is set, use tempfiles for IPC.
__python_argcomplete_run() {
    if [[ -z "${ARGCOMPLETE_USE_TEMPFILES-}" ]]; then
        __python_argcomplete_run_inner "$@"
        return
    fi
    local tmpfile="$(mktemp)"
    _ARGCOMPLETE_STDOUT_FILENAME="$tmpfile" __python_argcomplete_run_inner "$@"
    local code=$?
    cat "$tmpfile"
    rm "$tmpfile"
    return $code
}

__python_argcomplete_run_inner() {
    if [[ -z "${_ARC_DEBUG-}" ]]; then
        "$@" 8>&1 9>&2 1>/dev/null 2>&1
    else
        "$@" 8>&1 9>&2 1>&9 2>&1
    fi
}

_python_argcomplete() {
    local IFS=$'\''\013'\''
    local script=""
    if [[ -n "${ZSH_VERSION-}" ]]; then
        local completions
        completions=($(IFS="$IFS" \
            COMP_LINE="$BUFFER" \
            COMP_POINT="$CURSOR" \
            _ARGCOMPLETE=1 \
            _ARGCOMPLETE_SHELL="zsh" \
            _ARGCOMPLETE_SUPPRESS_SPACE=1 \
            __python_argcomplete_run ${script:-${words[1]}}))
        _describe "${words[1]}" completions -o nosort
    else
        local SUPPRESS_SPACE=0
        if compopt +o nospace 2> /dev/null; then
            SUPPRESS_SPACE=1
        fi
        COMPREPLY=($(IFS="$IFS" \
            COMP_LINE="$COMP_LINE" \
            COMP_POINT="$COMP_POINT" \
            COMP_TYPE="$COMP_TYPE" \
            _ARGCOMPLETE_COMP_WORDBREAKS="$COMP_WORDBREAKS" \
            _ARGCOMPLETE=1 \
            _ARGCOMPLETE_SHELL="bash" \
            _ARGCOMPLETE_SUPPRESS_SPACE=$SUPPRESS_SPACE \
            __python_argcomplete_run ${script:-$1}))
        if [[ $? != 0 ]]; then
            unset COMPREPLY
        elif [[ $SUPPRESS_SPACE == 1 ]] && [[ "${COMPREPLY-}" =~ [=/:]$ ]]; then
            compopt -o nospace
        fi
    fi
}
if [[ -z "${ZSH_VERSION-}" ]]; then
    complete -o nospace -o default -o bashdefault -F _python_argcomplete rosidl
else
    compdef _python_argcomplete rosidl
fi'
++++++++ 1790168299.398593 cwd=/tmp [[ -z '' ]]
++++++++ 1790168299.398600 cwd=/tmp complete -o nospace -o default -o bashdefault -F _python_argcomplete rosidl
++++++ 1790168299.398625 cwd=/tmp export LD_LIBRARY_PATH=/opt/ros/jazzy/opt/rviz_ogre_vendor/lib:/opt/ros/jazzy/lib/aarch64-linux-gnu:/opt/ros/jazzy/opt/gz_math_vendor/lib:/opt/ros/jazzy/opt/gz_utils_vendor/lib:/opt/ros/jazzy/opt/gz_cmake_vendor/lib:/opt/ros/jazzy/lib:
++++++ 1790168299.398629 cwd=/tmp LD_LIBRARY_PATH=/opt/ros/jazzy/opt/rviz_ogre_vendor/lib:/opt/ros/jazzy/lib/aarch64-linux-gnu:/opt/ros/jazzy/opt/gz_math_vendor/lib:/opt/ros/jazzy/opt/gz_utils_vendor/lib:/opt/ros/jazzy/opt/gz_cmake_vendor/lib:/opt/ros/jazzy/lib:
++++++ 1790168299.398637 cwd=/tmp export AMENT_PREFIX_PATH=/opt/ros/jazzy:
++++++ 1790168299.398639 cwd=/tmp AMENT_PREFIX_PATH=/opt/ros/jazzy:
++++++ 1790168299.398644 cwd=/tmp export AMENT_PREFIX_PATH=/opt/ros/jazzy
++++++ 1790168299.398646 cwd=/tmp AMENT_PREFIX_PATH=/opt/ros/jazzy
++++++ 1790168299.398653 cwd=/tmp export PYTHONPATH=/opt/ros/jazzy/opt/gz_math_vendor/lib/python:/opt/ros/jazzy/lib/python3.12/site-packages:
++++++ 1790168299.398656 cwd=/tmp PYTHONPATH=/opt/ros/jazzy/opt/gz_math_vendor/lib/python:/opt/ros/jazzy/lib/python3.12/site-packages:
++++++ 1790168299.398661 cwd=/tmp export PYTHONPATH=/opt/ros/jazzy/opt/gz_math_vendor/lib/python:/opt/ros/jazzy/lib/python3.12/site-packages
++++++ 1790168299.398663 cwd=/tmp PYTHONPATH=/opt/ros/jazzy/opt/gz_math_vendor/lib/python:/opt/ros/jazzy/lib/python3.12/site-packages
++++++ 1790168299.398675 cwd=/tmp export LD_LIBRARY_PATH=/opt/ros/jazzy/opt/rviz_ogre_vendor/lib:/opt/ros/jazzy/lib/aarch64-linux-gnu:/opt/ros/jazzy/opt/gz_math_vendor/lib:/opt/ros/jazzy/opt/gz_utils_vendor/lib:/opt/ros/jazzy/opt/gz_cmake_vendor/lib:/opt/ros/jazzy/lib:
++++++ 1790168299.398677 cwd=/tmp LD_LIBRARY_PATH=/opt/ros/jazzy/opt/rviz_ogre_vendor/lib:/opt/ros/jazzy/lib/aarch64-linux-gnu:/opt/ros/jazzy/opt/gz_math_vendor/lib:/opt/ros/jazzy/opt/gz_utils_vendor/lib:/opt/ros/jazzy/opt/gz_cmake_vendor/lib:/opt/ros/jazzy/lib:
++++++ 1790168299.398684 cwd=/tmp export LD_LIBRARY_PATH=/opt/ros/jazzy/opt/rviz_ogre_vendor/lib:/opt/ros/jazzy/lib/aarch64-linux-gnu:/opt/ros/jazzy/opt/gz_math_vendor/lib:/opt/ros/jazzy/opt/gz_utils_vendor/lib:/opt/ros/jazzy/opt/gz_cmake_vendor/lib:/opt/ros/jazzy/lib
++++++ 1790168299.398686 cwd=/tmp LD_LIBRARY_PATH=/opt/ros/jazzy/opt/rviz_ogre_vendor/lib:/opt/ros/jazzy/lib/aarch64-linux-gnu:/opt/ros/jazzy/opt/gz_math_vendor/lib:/opt/ros/jazzy/opt/gz_utils_vendor/lib:/opt/ros/jazzy/opt/gz_cmake_vendor/lib:/opt/ros/jazzy/lib
++++++ 1790168299.398693 cwd=/tmp export CMAKE_PREFIX_PATH=/opt/ros/jazzy/opt/gz_math_vendor:/opt/ros/jazzy/opt/gz_utils_vendor:/opt/ros/jazzy/opt/gz_cmake_vendor:
++++++ 1790168299.398697 cwd=/tmp CMAKE_PREFIX_PATH=/opt/ros/jazzy/opt/gz_math_vendor:/opt/ros/jazzy/opt/gz_utils_vendor:/opt/ros/jazzy/opt/gz_cmake_vendor:
++++++ 1790168299.398702 cwd=/tmp export CMAKE_PREFIX_PATH=/opt/ros/jazzy/opt/gz_math_vendor:/opt/ros/jazzy/opt/gz_utils_vendor:/opt/ros/jazzy/opt/gz_cmake_vendor
++++++ 1790168299.398704 cwd=/tmp CMAKE_PREFIX_PATH=/opt/ros/jazzy/opt/gz_math_vendor:/opt/ros/jazzy/opt/gz_utils_vendor:/opt/ros/jazzy/opt/gz_cmake_vendor
++++++ 1790168299.398708 cwd=/tmp export ROS_DISTRO=jazzy
++++++ 1790168299.398710 cwd=/tmp ROS_DISTRO=jazzy
++++++ 1790168299.398714 cwd=/tmp export ROS_DISTRO=jazzy
++++++ 1790168299.398715 cwd=/tmp ROS_DISTRO=jazzy
++++++ 1790168299.398719 cwd=/tmp export ROS_PYTHON_VERSION=3
++++++ 1790168299.398720 cwd=/tmp ROS_PYTHON_VERSION=3
++++++ 1790168299.398724 cwd=/tmp export ROS_PYTHON_VERSION=3
++++++ 1790168299.398726 cwd=/tmp ROS_PYTHON_VERSION=3
++++++ 1790168299.398740 cwd=/tmp export ROS_VERSION=2
++++++ 1790168299.398742 cwd=/tmp ROS_VERSION=2
++++++ 1790168299.398745 cwd=/tmp export ROS_VERSION=2
++++++ 1790168299.398747 cwd=/tmp ROS_VERSION=2
+++++ 1790168299.398754 cwd=/tmp unset _ament_ordered_commands
+++++ 1790168299.398759 cwd=/tmp unset _ament_prefix_sh_source_script
+++++ 1790168299.398764 cwd=/tmp unset _ament_prefix_sh_AMENT_CURRENT_PREFIX
+++ 1790168299.398772 cwd=/tmp AMENT_SHELL=bash
+++ 1790168299.398776 cwd=/tmp unset _path
+++ 1790168299.398780 cwd=/tmp IFS=' 	
'
+++ 1790168299.398783 cwd=/tmp unset _prefix_setup_IFS
+++ 1790168299.398786 cwd=/tmp unset _prefix_setup_AMENT_SHELL
+++ 1790168299.398789 cwd=/tmp unset _UNIQUE_PREFIX_PATH
+++ 1790168299.398792 cwd=/tmp unset AMENT_SHELL
+ 1790168299.398802 cwd=/tmp python3 -
[
  {
    "stage": "clean_before_source",
    "executable": "/usr/bin/python3",
    "prefix": "/usr",
    "sys_path": [
      "",
      "/usr/lib/python312.zip",
      "/usr/lib/python3.12",
      "/usr/lib/python3.12/lib-dynload",
      "/usr/local/lib/python3.12/dist-packages",
      "/usr/lib/python3/dist-packages"
    ],
    "environment": {
      "HOME": "/tmp/x2-final-ros.z4vmp3sx/home",
      "PATH": "/usr/local/sbin:/usr/local/bin:/usr/sbin:/usr/bin:/sbin:/bin",
      "PYTHONPATH": null,
      "VIRTUAL_ENV": null,
      "AMENT_PREFIX_PATH": null,
      "COLCON_PREFIX_PATH": null,
      "CMAKE_PREFIX_PATH": null,
      "LD_LIBRARY_PATH": null,
      "ROS_DISTRO": null,
      "X2_ASSET_REPO": null,
      "PYTHONNOUSERSITE": "1",
      "PIP_CONFIG_FILE": "/dev/null"
    }
  },
  {
    "stage": "after_ros_source",
    "executable": "/usr/bin/python3",
    "prefix": "/usr",
    "sys_path": [
      "",
      "/opt/ros/jazzy/opt/gz_math_vendor/lib/python",
      "/opt/ros/jazzy/lib/python3.12/site-packages",
      "/usr/lib/python312.zip",
      "/usr/lib/python3.12",
      "/usr/lib/python3.12/lib-dynload",
      "/usr/local/lib/python3.12/dist-packages",
      "/usr/lib/python3/dist-packages"
    ],
    "environment": {
      "HOME": "/tmp/x2-final-ros.z4vmp3sx/home",
      "PATH": "/opt/ros/jazzy/bin:/usr/local/sbin:/usr/local/bin:/usr/sbin:/usr/bin:/sbin:/bin",
      "PYTHONPATH": "/opt/ros/jazzy/opt/gz_math_vendor/lib/python:/opt/ros/jazzy/lib/python3.12/site-packages",
      "VIRTUAL_ENV": null,
      "AMENT_PREFIX_PATH": "/opt/ros/jazzy",
      "COLCON_PREFIX_PATH": null,
      "CMAKE_PREFIX_PATH": "/opt/ros/jazzy/opt/gz_math_vendor:/opt/ros/jazzy/opt/gz_utils_vendor:/opt/ros/jazzy/opt/gz_cmake_vendor",
      "LD_LIBRARY_PATH": "/opt/ros/jazzy/opt/rviz_ogre_vendor/lib:/opt/ros/jazzy/lib/aarch64-linux-gnu:/opt/ros/jazzy/opt/gz_math_vendor/lib:/opt/ros/jazzy/opt/gz_utils_vendor/lib:/opt/ros/jazzy/opt/gz_cmake_vendor/lib:/opt/ros/jazzy/lib",
      "ROS_DISTRO": "jazzy",
      "X2_ASSET_REPO": null,
      "PYTHONNOUSERSITE": "1",
      "PIP_CONFIG_FILE": "/dev/null"
    }
  }
]

