+ 1790169182.470443 cwd=/tmp cd /tmp
+ 1790169182.470486 cwd=/tmp /tmp/x2-final-ros.z4vmp3sx/repository/.venv/bin/python -
{
  "recorded_at_utc": "2026-09-23T13:13:03.145061+00:00",
  "scope": "Import/module provenance only: no rclpy.init, no node, no model load, no simulator reset/step.",
  "executable": "/tmp/x2-final-ros.z4vmp3sx/repository/.venv/bin/python",
  "prefix": "/tmp/x2-final-ros.z4vmp3sx/repository/.venv",
  "base_prefix": "/usr",
  "sys_path": [
    "",
    "/opt/ros/jazzy/opt/gz_math_vendor/lib/python",
    "/opt/ros/jazzy/lib/python3.12/site-packages",
    "/usr/lib/python312.zip",
    "/usr/lib/python3.12",
    "/usr/lib/python3.12/lib-dynload",
    "/tmp/x2-final-ros.z4vmp3sx/repository/.venv/lib/python3.12/site-packages",
    "/usr/local/lib/python3.12/dist-packages",
    "/usr/lib/python3/dist-packages"
  ],
  "os": "Linux-7.0.0-31-generic-aarch64-with-glibc2.39",
  "architecture": "aarch64",
  "ROS_DISTRO": "jazzy",
  "modules": [
    {
      "module": "rclpy",
      "distribution": "rclpy",
      "version": "7.1.12",
      "file": "/opt/ros/jazzy/lib/python3.12/site-packages/rclpy/__init__.py",
      "source": "reused_ros_jazzy"
    },
    {
      "module": "mujoco",
      "distribution": "mujoco",
      "version": "3.13.0",
      "file": "/tmp/x2-final-ros.z4vmp3sx/repository/.venv/lib/python3.12/site-packages/mujoco/__init__.py",
      "source": "new_project_venv"
    },
    {
      "module": "gymnasium",
      "distribution": "gymnasium",
      "version": "1.3.0",
      "file": "/tmp/x2-final-ros.z4vmp3sx/repository/.venv/lib/python3.12/site-packages/gymnasium/__init__.py",
      "source": "new_project_venv"
    },
    {
      "module": "stable_baselines3",
      "distribution": "stable-baselines3",
      "version": "2.9.0",
      "file": "/tmp/x2-final-ros.z4vmp3sx/repository/.venv/lib/python3.12/site-packages/stable_baselines3/__init__.py",
      "source": "new_project_venv"
    },
    {
      "module": "torch",
      "distribution": "torch",
      "version": "2.8.0+cpu",
      "file": "/tmp/x2-final-ros.z4vmp3sx/repository/.venv/lib/python3.12/site-packages/torch/__init__.py",
      "source": "new_project_venv"
    },
    {
      "module": "numpy",
      "distribution": "numpy",
      "version": "1.26.4",
      "file": "/usr/lib/python3/dist-packages/numpy/__init__.py",
      "source": "reused_ubuntu_system_python"
    },
    {
      "module": "matplotlib",
      "distribution": "matplotlib",
      "version": "3.6.3",
      "file": "/usr/lib/python3/dist-packages/matplotlib/__init__.py",
      "source": "reused_ubuntu_system_python"
    },
    {
      "module": "PIL",
      "distribution": "Pillow",
      "version": "10.2.0",
      "file": "/usr/lib/python3/dist-packages/PIL/__init__.py",
      "source": "reused_ubuntu_system_python"
    },
    {
      "module": "cffi",
      "distribution": "cffi",
      "version": "2.1.1",
      "file": "/tmp/x2-final-ros.z4vmp3sx/repository/.venv/lib/python3.12/site-packages/cffi/__init__.py",
      "source": "new_project_venv"
    },
    {
      "module": "setuptools",
      "distribution": "setuptools",
      "version": "68.1.2",
      "file": "/usr/lib/python3/dist-packages/setuptools/__init__.py",
      "source": "reused_ubuntu_system_python"
    },
    {
      "module": "colcon_core",
      "distribution": "colcon-core",
      "version": "0.21.3",
      "file": "/usr/lib/python3/dist-packages/colcon_core/__init__.py",
      "source": "reused_ubuntu_system_python"
    },
    {
      "module": "ament_package",
      "distribution": "ament-package",
      "version": "0.16.5",
      "file": "/opt/ros/jazzy/lib/python3.12/site-packages/ament_package/__init__.py",
      "source": "reused_ros_jazzy"
    },
    {
      "module": "ament_index_python",
      "distribution": "ament-index-python",
      "version": "1.8.4",
      "file": "/opt/ros/jazzy/lib/python3.12/site-packages/ament_index_python/__init__.py",
      "source": "reused_ros_jazzy"
    }
  ]
}
evidence_sha256 8d8d5a81cc1142436a41189d0c70b3ac9e08c76f0beea851b527e2052a6f85d6
