+ 1790168005.639167 cwd=/tmp cd /tmp/x2-final-ros.z4vmp3sx/repository
+ 1790168005.639205 cwd=/tmp/x2-final-ros.z4vmp3sx/repository /usr/bin/python3 -m venv --system-site-packages .venv
+ 1790168006.761096 cwd=/tmp/x2-final-ros.z4vmp3sx/repository touch .venv/COLCON_IGNORE
+ 1790168006.761744 cwd=/tmp/x2-final-ros.z4vmp3sx/repository cat .venv/pyvenv.cfg
home = /usr/bin
include-system-site-packages = true
version = 3.12.3
executable = /usr/bin/python3.12
command = /usr/bin/python3 -m venv --system-site-packages /tmp/x2-final-ros.z4vmp3sx/repository/.venv
+ 1790168006.762156 cwd=/tmp/x2-final-ros.z4vmp3sx/repository /tmp/x2-final-ros.z4vmp3sx/repository/.venv/bin/python -c 'import sys,json;print(json.dumps(dict(executable=sys.executable,prefix=sys.prefix,base_prefix=sys.base_prefix,path=sys.path),indent=2))'
{
  "executable": "/tmp/x2-final-ros.z4vmp3sx/repository/.venv/bin/python",
  "prefix": "/tmp/x2-final-ros.z4vmp3sx/repository/.venv",
  "base_prefix": "/usr",
  "path": [
    "",
    "/opt/ros/jazzy/opt/gz_math_vendor/lib/python",
    "/opt/ros/jazzy/lib/python3.12/site-packages",
    "/usr/lib/python312.zip",
    "/usr/lib/python3.12",
    "/usr/lib/python3.12/lib-dynload",
    "/tmp/x2-final-ros.z4vmp3sx/repository/.venv/lib/python3.12/site-packages",
    "/usr/local/lib/python3.12/dist-packages",
    "/usr/lib/python3/dist-packages"
  ]
}
+ 1790168006.771686 cwd=/tmp/x2-final-ros.z4vmp3sx/repository /tmp/x2-final-ros.z4vmp3sx/repository/.venv/bin/python -m pip install --no-cache-dir --only-binary=:all: --index-url https://download.pytorch.org/whl/cpu torch==2.8.0+cpu
Looking in indexes: https://download.pytorch.org/whl/cpu
Collecting torch==2.8.0+cpu
  Downloading https://download-r2.pytorch.org/whl/cpu/torch-2.8.0%2Bcpu-cp312-cp312-manylinux_2_28_aarch64.whl.metadata (29 kB)
Collecting filelock (from torch==2.8.0+cpu)
  Downloading filelock-3.32.3-py3-none-any.whl.metadata (2.0 kB)
Requirement already satisfied: typing-extensions>=4.10.0 in /usr/lib/python3/dist-packages (from torch==2.8.0+cpu) (4.10.0)
Requirement already satisfied: setuptools in /usr/lib/python3/dist-packages (from torch==2.8.0+cpu) (68.1.2)
Collecting sympy>=1.13.3 (from torch==2.8.0+cpu)
  Downloading sympy-1.14.0-py3-none-any.whl.metadata (12 kB)
Collecting networkx (from torch==2.8.0+cpu)
  Downloading networkx-3.6.1-py3-none-any.whl.metadata (6.8 kB)
Requirement already satisfied: jinja2 in /usr/lib/python3/dist-packages (from torch==2.8.0+cpu) (3.1.2)
Collecting fsspec (from torch==2.8.0+cpu)
  Downloading fsspec-2026.7.0-py3-none-any.whl.metadata (10 kB)
Collecting mpmath<1.4,>=1.1.0 (from sympy>=1.13.3->torch==2.8.0+cpu)
  Downloading mpmath-1.3.0-py3-none-any.whl.metadata (8.6 kB)
Downloading https://download-r2.pytorch.org/whl/cpu/torch-2.8.0%2Bcpu-cp312-cp312-manylinux_2_28_aarch64.whl (101.9 MB)
   ━━━━━━━━━━━━━━━━━━━━━━━━━━━━━━━━━━━━━━━ 101.9/101.9 MB 673.5 kB/s eta 0:00:00
Downloading sympy-1.14.0-py3-none-any.whl (6.3 MB)
   ━━━━━━━━━━━━━━━━━━━━━━━━━━━━━━━━━━━━━━━━ 6.3/6.3 MB 743.3 kB/s eta 0:00:00
Downloading filelock-3.32.3-py3-none-any.whl (98 kB)
   ━━━━━━━━━━━━━━━━━━━━━━━━━━━━━━━━━━━━━━━━ 98.9/98.9 kB 24.2 kB/s eta 0:00:00
Downloading fsspec-2026.7.0-py3-none-any.whl (206 kB)
   ━━━━━━━━━━━━━━━━━━━━━━━━━━━━━━━━━━━━━━━ 206.6/206.6 kB 627.6 kB/s eta 0:00:00
Downloading networkx-3.6.1-py3-none-any.whl (2.1 MB)
   ━━━━━━━━━━━━━━━━━━━━━━━━━━━━━━━━━━━━━━━━ 2.1/2.1 MB 619.0 kB/s eta 0:00:00
Downloading mpmath-1.3.0-py3-none-any.whl (536 kB)
   ━━━━━━━━━━━━━━━━━━━━━━━━━━━━━━━━━━━━━━━ 536.2/536.2 kB 429.1 kB/s eta 0:00:00
Installing collected packages: mpmath, sympy, networkx, fsspec, filelock, torch
  Attempting uninstall: mpmath
    Found existing installation: mpmath 0.0.0
    Not uninstalling mpmath at /usr/lib/python3/dist-packages, outside environment /tmp/x2-final-ros.z4vmp3sx/repository/.venv
    Can't uninstall 'mpmath'. No files were found to uninstall.
  Attempting uninstall: sympy
    Found existing installation: sympy 1.12
    Not uninstalling sympy at /usr/lib/python3/dist-packages, outside environment /tmp/x2-final-ros.z4vmp3sx/repository/.venv
    Can't uninstall 'sympy'. No files were found to uninstall.
Successfully installed filelock-3.32.3 fsspec-2026.7.0 mpmath-1.3.0 networkx-3.6.1 sympy-1.14.0 torch-2.8.0+cpu
