[0.047s] DEBUG:colcon:Command line arguments: ['/usr/bin/colcon', '--log-base', '/tmp/x2-final-ros.zvwycfdg/log', 'build', '--base-paths', 'src', '--packages-select', 'x2_recovery', '--symlink-install', '--build-base', '/tmp/x2-final-ros.zvwycfdg/build', '--install-base', '/tmp/x2-final-ros.zvwycfdg/install']
[0.047s] DEBUG:colcon:Parsed command line arguments: Namespace(log_base='/tmp/x2-final-ros.zvwycfdg/log', log_level=None, verb_name='build', build_base='/tmp/x2-final-ros.zvwycfdg/build', install_base='/tmp/x2-final-ros.zvwycfdg/install', merge_install=False, symlink_install=True, test_result_base=None, continue_on_error=False, executor='parallel', parallel_workers=8, event_handlers=None, ignore_user_meta=False, metas=['./colcon.meta'], base_paths=['src'], packages_ignore=None, packages_ignore_regex=None, paths=None, packages_up_to=None, packages_up_to_regex=None, packages_above=None, packages_above_and_dependencies=None, packages_above_depth=None, packages_select_by_dep=None, packages_skip_by_dep=None, packages_skip_up_to=None, packages_select_build_failed=False, packages_skip_build_finished=False, packages_select_test_failures=False, packages_skip_test_passed=False, packages_select=['x2_recovery'], packages_skip=None, packages_select_regex=None, packages_skip_regex=None, packages_start=None, packages_end=None, allow_overriding=[], cmake_args=None, cmake_target=None, cmake_target_skip_unavailable=False, cmake_clean_cache=False, cmake_clean_first=False, cmake_force_configure=False, ament_cmake_args=None, catkin_cmake_args=None, catkin_skip_building_tests=False, mixin_files=None, mixin=None, verb_parser=<colcon_mixin.mixin.mixin_argument.MixinArgumentDecorator object at 0xfb81ae75c500>, verb_extension=<colcon_core.verb.build.BuildVerb object at 0xfb81ae8bbb90>, main=<bound method BuildVerb.main of <colcon_core.verb.build.BuildVerb object at 0xfb81ae8bbb90>>, mixin_verb=('build',))
[0.061s] Level 1:colcon.colcon_core.package_discovery:discover_packages(colcon_meta) check parameters
[0.061s] Level 1:colcon.colcon_core.package_discovery:discover_packages(recursive) check parameters
[0.061s] Level 1:colcon.colcon_core.package_discovery:discover_packages(ignore) check parameters
[0.061s] Level 1:colcon.colcon_core.package_discovery:discover_packages(path) check parameters
[0.061s] Level 1:colcon.colcon_core.package_discovery:discover_packages(recursive) discover
[0.061s] INFO:colcon.colcon_core.package_discovery:Crawling recursively for packages in '/tmp/x2-final-ros.zvwycfdg/repository/src'
[0.062s] Level 1:colcon.colcon_core.package_identification:_identify(src) by extensions ['ignore', 'ignore_ament_install']
[0.062s] Level 1:colcon.colcon_core.package_identification:_identify(src) by extension 'ignore'
[0.062s] Level 1:colcon.colcon_core.package_identification:_identify(src) by extension 'ignore_ament_install'
[0.062s] Level 1:colcon.colcon_core.package_identification:_identify(src) by extensions ['colcon_pkg']
[0.062s] Level 1:colcon.colcon_core.package_identification:_identify(src) by extension 'colcon_pkg'
[0.062s] Level 1:colcon.colcon_core.package_identification:_identify(src) by extensions ['colcon_meta']
[0.062s] Level 1:colcon.colcon_core.package_identification:_identify(src) by extension 'colcon_meta'
[0.062s] Level 1:colcon.colcon_core.package_identification:_identify(src) by extensions ['ros']
[0.062s] Level 1:colcon.colcon_core.package_identification:_identify(src) by extension 'ros'
[0.071s] Level 1:colcon.colcon_core.package_identification:_identify(src) by extensions ['cmake', 'python']
[0.071s] Level 1:colcon.colcon_core.package_identification:_identify(src) by extension 'cmake'
[0.071s] Level 1:colcon.colcon_core.package_identification:_identify(src) by extension 'python'
[0.071s] Level 1:colcon.colcon_core.package_identification:_identify(src) by extensions ['python_setup_py']
[0.071s] Level 1:colcon.colcon_core.package_identification:_identify(src) by extension 'python_setup_py'
[0.071s] Level 1:colcon.colcon_core.package_identification:_identify(src/x2_recovery) by extensions ['ignore', 'ignore_ament_install']
[0.071s] Level 1:colcon.colcon_core.package_identification:_identify(src/x2_recovery) by extension 'ignore'
[0.071s] Level 1:colcon.colcon_core.package_identification:_identify(src/x2_recovery) by extension 'ignore_ament_install'
[0.071s] Level 1:colcon.colcon_core.package_identification:_identify(src/x2_recovery) by extensions ['colcon_pkg']
[0.071s] Level 1:colcon.colcon_core.package_identification:_identify(src/x2_recovery) by extension 'colcon_pkg'
[0.071s] Level 1:colcon.colcon_core.package_identification:_identify(src/x2_recovery) by extensions ['colcon_meta']
[0.071s] Level 1:colcon.colcon_core.package_identification:_identify(src/x2_recovery) by extension 'colcon_meta'
[0.071s] Level 1:colcon.colcon_core.package_identification:_identify(src/x2_recovery) by extensions ['ros']
[0.071s] Level 1:colcon.colcon_core.package_identification:_identify(src/x2_recovery) by extension 'ros'
[0.072s] DEBUG:colcon.colcon_core.package_identification:Package 'src/x2_recovery' with type 'ros.ament_python' and name 'x2_recovery'
[0.072s] Level 1:colcon.colcon_core.package_discovery:discover_packages(recursive) using defaults
[0.079s] Level 1:colcon.colcon_core.package_discovery:discover_packages(prefix_path) check parameters
[0.079s] Level 1:colcon.colcon_core.package_discovery:discover_packages(prefix_path) discover
[0.081s] DEBUG:colcon.colcon_installed_package_information.package_discovery:Found 287 installed packages in /opt/ros/jazzy
[0.081s] Level 1:colcon.colcon_core.package_discovery:discover_packages(prefix_path) using defaults
[0.101s] Level 5:colcon.colcon_core.verb:set package 'x2_recovery' build argument 'cmake_args' from command line to 'None'
[0.101s] Level 5:colcon.colcon_core.verb:set package 'x2_recovery' build argument 'cmake_target' from command line to 'None'
[0.101s] Level 5:colcon.colcon_core.verb:set package 'x2_recovery' build argument 'cmake_target_skip_unavailable' from command line to 'False'
[0.101s] Level 5:colcon.colcon_core.verb:set package 'x2_recovery' build argument 'cmake_clean_cache' from command line to 'False'
[0.101s] Level 5:colcon.colcon_core.verb:set package 'x2_recovery' build argument 'cmake_clean_first' from command line to 'False'
[0.101s] Level 5:colcon.colcon_core.verb:set package 'x2_recovery' build argument 'cmake_force_configure' from command line to 'False'
[0.101s] Level 5:colcon.colcon_core.verb:set package 'x2_recovery' build argument 'ament_cmake_args' from command line to 'None'
[0.101s] Level 5:colcon.colcon_core.verb:set package 'x2_recovery' build argument 'catkin_cmake_args' from command line to 'None'
[0.101s] Level 5:colcon.colcon_core.verb:set package 'x2_recovery' build argument 'catkin_skip_building_tests' from command line to 'False'
[0.101s] DEBUG:colcon.colcon_core.verb:Building package 'x2_recovery' with the following arguments: {'ament_cmake_args': None, 'build_base': '/tmp/x2-final-ros.zvwycfdg/build/x2_recovery', 'catkin_cmake_args': None, 'catkin_skip_building_tests': False, 'cmake_args': None, 'cmake_clean_cache': False, 'cmake_clean_first': False, 'cmake_force_configure': False, 'cmake_target': None, 'cmake_target_skip_unavailable': False, 'install_base': '/tmp/x2-final-ros.zvwycfdg/install/x2_recovery', 'merge_install': False, 'path': '/tmp/x2-final-ros.zvwycfdg/repository/src/x2_recovery', 'symlink_install': True, 'test_result_base': None}
[0.101s] INFO:colcon.colcon_core.executor:Executing jobs using 'parallel' executor
[0.102s] DEBUG:colcon.colcon_parallel_executor.executor.parallel:run_until_complete
[0.102s] INFO:colcon.colcon_ros.task.ament_python.build:Building ROS package in '/tmp/x2-final-ros.zvwycfdg/repository/src/x2_recovery' with build type 'ament_python'
[0.102s] Level 1:colcon.colcon_core.shell:create_environment_hook('x2_recovery', 'ament_prefix_path')
[0.104s] INFO:colcon.colcon_core.plugin_system:Skipping extension 'colcon_core.shell.bat': Not used on non-Windows systems
[0.104s] INFO:colcon.colcon_core.shell:Creating environment hook '/tmp/x2-final-ros.zvwycfdg/install/x2_recovery/share/x2_recovery/hook/ament_prefix_path.ps1'
[0.104s] INFO:colcon.colcon_core.shell:Creating environment descriptor '/tmp/x2-final-ros.zvwycfdg/install/x2_recovery/share/x2_recovery/hook/ament_prefix_path.dsv'
[0.105s] INFO:colcon.colcon_core.shell:Creating environment hook '/tmp/x2-final-ros.zvwycfdg/install/x2_recovery/share/x2_recovery/hook/ament_prefix_path.sh'
[0.105s] INFO:colcon.colcon_core.shell:Skip shell extension 'powershell' for command environment: Not usable outside of PowerShell
[0.105s] DEBUG:colcon.colcon_core.shell:Skip shell extension 'dsv' for command environment
[0.182s] INFO:colcon.colcon_core.task.python.build:Building Python package in '/tmp/x2-final-ros.zvwycfdg/repository/src/x2_recovery'
[0.182s] INFO:colcon.colcon_core.shell:Skip shell extension 'powershell' for command environment: Not usable outside of PowerShell
[0.182s] DEBUG:colcon.colcon_core.shell:Skip shell extension 'dsv' for command environment
[0.440s] DEBUG:colcon.colcon_core.task.python.build:Available setuptools commands: build_clib, install_scripts, bdist_wheel, update_catalog, alias, easy_install, upload_docs, build_ext, test, init_catalog, register, editable_wheel, symlink_data, build_py, bdist_rpm, develop, egg_info, saveopts, build_scripts, install_data, bdist, install_egg_info, rotate, clean, upload, bdist_egg, build, install_lib, setopt, extract_messages, install_headers, compile_catalog, dist_info, bdist_dumb, install, sdist, check
[0.557s] DEBUG:colcon.colcon_core.task.python.build:Available setuptools 'develop' options: --site-dirs, --help, --dry-run, --uninstall, --always-copy, --upgrade, --egg-path, --version, --prefix, --quiet, --multi-version, --index-url, --no-user-cfg, --zip-ok, --record, --allow-hosts, --optimize, --no-find-links, --local-snapshots-ok, --always-unzip, --no-deps, --install-layout, --force-installation-into-system-dir, --build-directory, --exclude-scripts, --install-dir, --editable, --user, --script-dir, --find-links, --verbose
[0.558s] DEBUG:colcon.colcon_core.event_handler.log_command:Invoking command in '/tmp/x2-final-ros.zvwycfdg/build/x2_recovery': PYTHONPATH=/tmp/x2-final-ros.zvwycfdg/build/x2_recovery/prefix_override:/usr/lib/python3/dist-packages/colcon_core/task/python/colcon_distutils_commands:/tmp/x2-final-ros.zvwycfdg/install/x2_recovery/lib/python3.12/site-packages:${PYTHONPATH} /tmp/x2-final-ros.zvwycfdg/repository/.venv/bin/python -W ignore:setup.py install is deprecated -W ignore:easy_install command is deprecated setup.py develop --editable --build-directory /tmp/x2-final-ros.zvwycfdg/build/x2_recovery/build --no-deps symlink_data
[0.767s] Level 1:colcon.colcon_core.shell:create_environment_hook('x2_recovery', 'pythonpath_develop')
[0.767s] INFO:colcon.colcon_core.shell:Creating environment hook '/tmp/x2-final-ros.zvwycfdg/build/x2_recovery/share/x2_recovery/hook/pythonpath_develop.ps1'
[0.767s] DEBUG:colcon.colcon_core.event_handler.log_command:Invoked command in '/tmp/x2-final-ros.zvwycfdg/build/x2_recovery' returned '0': PYTHONPATH=/tmp/x2-final-ros.zvwycfdg/build/x2_recovery/prefix_override:/usr/lib/python3/dist-packages/colcon_core/task/python/colcon_distutils_commands:/tmp/x2-final-ros.zvwycfdg/install/x2_recovery/lib/python3.12/site-packages:${PYTHONPATH} /tmp/x2-final-ros.zvwycfdg/repository/.venv/bin/python -W ignore:setup.py install is deprecated -W ignore:easy_install command is deprecated setup.py develop --editable --build-directory /tmp/x2-final-ros.zvwycfdg/build/x2_recovery/build --no-deps symlink_data
[0.767s] INFO:colcon.colcon_core.shell:Creating environment descriptor '/tmp/x2-final-ros.zvwycfdg/build/x2_recovery/share/x2_recovery/hook/pythonpath_develop.dsv'
[0.767s] INFO:colcon.colcon_core.shell:Creating environment hook '/tmp/x2-final-ros.zvwycfdg/build/x2_recovery/share/x2_recovery/hook/pythonpath_develop.sh'
[0.772s] Level 1:colcon.colcon_core.environment:checking '/tmp/x2-final-ros.zvwycfdg/install/x2_recovery' for CMake module files
[0.772s] Level 1:colcon.colcon_core.environment:checking '/tmp/x2-final-ros.zvwycfdg/install/x2_recovery' for CMake config files
[0.772s] Level 1:colcon.colcon_core.environment:checking '/tmp/x2-final-ros.zvwycfdg/install/x2_recovery/lib'
[0.772s] Level 1:colcon.colcon_core.environment:checking '/tmp/x2-final-ros.zvwycfdg/install/x2_recovery/bin'
[0.772s] Level 1:colcon.colcon_core.environment:checking '/tmp/x2-final-ros.zvwycfdg/install/x2_recovery/lib/pkgconfig/x2_recovery.pc'
[0.772s] Level 1:colcon.colcon_core.environment:checking '/tmp/x2-final-ros.zvwycfdg/install/x2_recovery/lib/python3.12/site-packages'
[0.773s] Level 1:colcon.colcon_core.shell:create_environment_hook('x2_recovery', 'pythonpath')
[0.773s] INFO:colcon.colcon_core.shell:Creating environment hook '/tmp/x2-final-ros.zvwycfdg/install/x2_recovery/share/x2_recovery/hook/pythonpath.ps1'
[0.773s] INFO:colcon.colcon_core.shell:Creating environment descriptor '/tmp/x2-final-ros.zvwycfdg/install/x2_recovery/share/x2_recovery/hook/pythonpath.dsv'
[0.773s] INFO:colcon.colcon_core.shell:Creating environment hook '/tmp/x2-final-ros.zvwycfdg/install/x2_recovery/share/x2_recovery/hook/pythonpath.sh'
[0.773s] Level 1:colcon.colcon_core.environment:checking '/tmp/x2-final-ros.zvwycfdg/install/x2_recovery/bin'
[0.773s] Level 1:colcon.colcon_core.environment:create_environment_scripts_only(x2_recovery)
[0.773s] INFO:colcon.colcon_core.shell:Creating package script '/tmp/x2-final-ros.zvwycfdg/install/x2_recovery/share/x2_recovery/package.ps1'
[0.774s] INFO:colcon.colcon_core.shell:Creating package descriptor '/tmp/x2-final-ros.zvwycfdg/install/x2_recovery/share/x2_recovery/package.dsv'
[0.774s] INFO:colcon.colcon_core.shell:Creating package script '/tmp/x2-final-ros.zvwycfdg/install/x2_recovery/share/x2_recovery/package.sh'
[0.774s] INFO:colcon.colcon_core.shell:Creating package script '/tmp/x2-final-ros.zvwycfdg/install/x2_recovery/share/x2_recovery/package.bash'
[0.775s] INFO:colcon.colcon_core.shell:Creating package script '/tmp/x2-final-ros.zvwycfdg/install/x2_recovery/share/x2_recovery/package.zsh'
[0.775s] Level 1:colcon.colcon_core.environment:create_file_with_runtime_dependencies(/tmp/x2-final-ros.zvwycfdg/install/x2_recovery/share/colcon-core/packages/x2_recovery)
[0.776s] DEBUG:colcon.colcon_parallel_executor.executor.parallel:closing loop
[0.776s] DEBUG:colcon.colcon_parallel_executor.executor.parallel:loop closed
[0.776s] DEBUG:colcon.colcon_parallel_executor.executor.parallel:run_until_complete finished with '0'
[0.776s] DEBUG:colcon.colcon_core.event_reactor:joining thread
[0.779s] INFO:colcon.colcon_core.plugin_system:Skipping extension 'colcon_notification.desktop_notification.terminal_notifier': Not used on non-Darwin systems
[0.779s] INFO:colcon.colcon_core.plugin_system:Skipping extension 'colcon_notification.desktop_notification.win32': Not used on non-Windows systems
[0.779s] INFO:colcon.colcon_notification.desktop_notification:Sending desktop notification using 'notify2'
[0.779s] DEBUG:colcon.colcon_notification.desktop_notification.notify2:Failed to initialize notify2: org.freedesktop.DBus.Error.NotSupported: Unable to autolaunch a dbus-daemon without a $DISPLAY for X11
[0.779s] DEBUG:colcon.colcon_core.event_reactor:joined thread
[0.779s] INFO:colcon.colcon_core.shell:Creating prefix script '/tmp/x2-final-ros.zvwycfdg/install/local_setup.ps1'
[0.779s] INFO:colcon.colcon_core.shell:Creating prefix util module '/tmp/x2-final-ros.zvwycfdg/install/_local_setup_util_ps1.py'
[0.780s] INFO:colcon.colcon_core.shell:Creating prefix chain script '/tmp/x2-final-ros.zvwycfdg/install/setup.ps1'
[0.780s] INFO:colcon.colcon_core.shell:Creating prefix script '/tmp/x2-final-ros.zvwycfdg/install/local_setup.sh'
[0.781s] INFO:colcon.colcon_core.shell:Creating prefix util module '/tmp/x2-final-ros.zvwycfdg/install/_local_setup_util_sh.py'
[0.781s] INFO:colcon.colcon_core.shell:Creating prefix chain script '/tmp/x2-final-ros.zvwycfdg/install/setup.sh'
[0.781s] INFO:colcon.colcon_core.shell:Creating prefix script '/tmp/x2-final-ros.zvwycfdg/install/local_setup.bash'
[0.781s] INFO:colcon.colcon_core.shell:Creating prefix chain script '/tmp/x2-final-ros.zvwycfdg/install/setup.bash'
[0.782s] INFO:colcon.colcon_core.shell:Creating prefix script '/tmp/x2-final-ros.zvwycfdg/install/local_setup.zsh'
[0.782s] INFO:colcon.colcon_core.shell:Creating prefix chain script '/tmp/x2-final-ros.zvwycfdg/install/setup.zsh'
