+ 1790166997.819350 cwd=/tmp uname -a
Linux lang 7.0.0-31-generic #31~24.04.1-Ubuntu SMP PREEMPT_DYNAMIC Mon Aug 10 09:27:00 UTC 2 aarch64 aarch64 aarch64 GNU/Linux
+ 1790166997.819804 cwd=/tmp cat /etc/os-release
PRETTY_NAME="Ubuntu 24.04.5 LTS"
NAME="Ubuntu"
VERSION_ID="24.04"
VERSION="24.04.5 LTS (Noble Numbat)"
VERSION_CODENAME=noble
ID=ubuntu
ID_LIKE=debian
HOME_URL="https://www.ubuntu.com/"
SUPPORT_URL="https://help.ubuntu.com/"
BUG_REPORT_URL="https://bugs.launchpad.net/ubuntu/"
PRIVACY_POLICY_URL="https://www.ubuntu.com/legal/terms-and-policies/privacy-policy"
UBUNTU_CODENAME=noble
LOGO=ubuntu-logo
+ 1790166997.820134 cwd=/tmp systemd-detect-virt
parallels
+ 1790166997.821779 cwd=/tmp df -h /tmp
Filesystem      Size  Used Avail Use% Mounted on
/dev/sda2        62G   30G   29G  51% /
+ 1790166997.822360 cwd=/tmp free -h
               total        used        free      shared  buff/cache   available
Mem:            11Gi       3.1Gi       5.4Gi       200Mi       3.6Gi       8.5Gi
Swap:          4.0Gi       312Ki       4.0Gi
+ 1790166997.823302 cwd=/tmp dpkg-query -W '-f=${binary:Package} ${Version} ${Architecture} ${db:Status-Status}\n' git ca-certificates python3 python3-minimal python3-venv python3-pip python3-setuptools python3-colcon-common-extensions python3-colcon-core python3-colcon-python-setup-py python3-colcon-ros python3-colcon-package-information python3-numpy python3-pil python3-matplotlib python3-cffi-backend python3-nacl libosmesa6 ros-jazzy-ros-base ros-jazzy-rclpy ros-jazzy-sensor-msgs ros-jazzy-std-msgs ros-jazzy-std-srvs ros-jazzy-launch ros-jazzy-launch-ros ros-jazzy-rmw-fastrtps-cpp ros-jazzy-ament-index-python ros-jazzy-ament-package ros-jazzy-rcl-interfaces
ca-certificates 20260601~24.04.1 all installed
git 1:2.43.0-1ubuntu7.3 arm64 installed
libosmesa6:arm64 25.1.7-1ubuntu2~24.04.2 arm64 installed
python3 3.12.3-0ubuntu2.1 arm64 installed
python3-cffi-backend:arm64 1.16.0-2build1 arm64 installed
python3-colcon-common-extensions 0.3.0-100 all installed
python3-colcon-core 0.21.3+upstream-1 all installed
python3-colcon-package-information 0.4.1+upstream-1 all installed
python3-colcon-python-setup-py 0.2.9-100 all installed
python3-colcon-ros 0.5.0+upstream-1 all installed
python3-matplotlib 3.6.3-1ubuntu5 arm64 installed
python3-minimal 3.12.3-0ubuntu2.1 arm64 installed
python3-nacl 1.5.0-4build1 arm64 installed
python3-numpy 1:1.26.4+ds-6ubuntu1 arm64 installed
python3-pil:arm64 10.2.0-1ubuntu1.3 arm64 installed
python3-pip 24.0+dfsg-1ubuntu1.3 all installed
python3-setuptools 68.1.2-2ubuntu1.2 all installed
python3-venv 3.12.3-0ubuntu2.1 arm64 installed
ros-jazzy-ament-index-python 1.8.4-1noble.20260519.010838 arm64 installed
ros-jazzy-ament-package 0.16.5-1noble.20260121.175232 arm64 installed
ros-jazzy-launch 3.4.11-1noble.20260603.145505 arm64 installed
ros-jazzy-launch-ros 0.26.12-1noble.20260902.154014 arm64 installed
ros-jazzy-rcl-interfaces 2.0.4-1noble.20260902.020605 arm64 installed
ros-jazzy-rclpy 7.1.12-1noble.20260902.143245 arm64 installed
ros-jazzy-rmw-fastrtps-cpp 8.4.4-1noble.20260902.140744 arm64 installed
ros-jazzy-ros-base 0.11.0-1noble.20260903.024458 arm64 installed
ros-jazzy-sensor-msgs 5.3.8-1noble.20260902.133401 arm64 installed
ros-jazzy-std-msgs 5.3.8-1noble.20260902.021305 arm64 installed
ros-jazzy-std-srvs 5.3.8-1noble.20260902.131258 arm64 installed
+ 1790166997.836072 cwd=/tmp apt-cache policy python3 python3-numpy python3-pil python3-matplotlib libosmesa6 python3-colcon-common-extensions ros-jazzy-rclpy ros-jazzy-rmw-fastrtps-cpp
python3:
  Installed: 3.12.3-0ubuntu2.1
  Candidate: 3.12.3-0ubuntu2.1
  Version table:
 *** 3.12.3-0ubuntu2.1 500
        500 http://ports.ubuntu.com/ubuntu-ports noble-updates/main arm64 Packages
        500 http://ports.ubuntu.com/ubuntu-ports noble-security/main arm64 Packages
        100 /var/lib/dpkg/status
     3.12.3-0ubuntu1 500
        500 http://ports.ubuntu.com/ubuntu-ports noble/main arm64 Packages
python3-numpy:
  Installed: 1:1.26.4+ds-6ubuntu1
  Candidate: 1:1.26.4+ds-6ubuntu1
  Version table:
 *** 1:1.26.4+ds-6ubuntu1 500
        500 http://ports.ubuntu.com/ubuntu-ports noble/main arm64 Packages
        100 /var/lib/dpkg/status
python3-pil:
  Installed: 10.2.0-1ubuntu1.3
  Candidate: 10.2.0-1ubuntu1.3
  Version table:
 *** 10.2.0-1ubuntu1.3 500
        500 http://ports.ubuntu.com/ubuntu-ports noble-updates/main arm64 Packages
        500 http://ports.ubuntu.com/ubuntu-ports noble-security/main arm64 Packages
        100 /var/lib/dpkg/status
     10.2.0-1build1 500
        500 http://ports.ubuntu.com/ubuntu-ports noble/main arm64 Packages
python3-matplotlib:
  Installed: 3.6.3-1ubuntu5
  Candidate: 3.6.3-1ubuntu5
  Version table:
 *** 3.6.3-1ubuntu5 500
        500 http://ports.ubuntu.com/ubuntu-ports noble/universe arm64 Packages
        100 /var/lib/dpkg/status
libosmesa6:
  Installed: 25.1.7-1ubuntu2~24.04.2
  Candidate: 25.1.7-1ubuntu2~24.04.2
  Version table:
 *** 25.1.7-1ubuntu2~24.04.2 500
        500 http://ports.ubuntu.com/ubuntu-ports noble-updates/main arm64 Packages
        500 http://ports.ubuntu.com/ubuntu-ports noble-security/main arm64 Packages
        100 /var/lib/dpkg/status
     24.0.5-1ubuntu1 500
        500 http://ports.ubuntu.com/ubuntu-ports noble/main arm64 Packages
python3-colcon-common-extensions:
  Installed: 0.3.0-100
  Candidate: 0.3.0-100
  Version table:
 *** 0.3.0-100 500
        500 http://packages.ros.org/ros2/ubuntu noble/main arm64 Packages
        100 /var/lib/dpkg/status
ros-jazzy-rclpy:
  Installed: 7.1.12-1noble.20260902.143245
  Candidate: 7.1.12-1noble.20260902.143245
  Version table:
 *** 7.1.12-1noble.20260902.143245 500
        500 http://packages.ros.org/ros2/ubuntu noble/main arm64 Packages
        100 /var/lib/dpkg/status
ros-jazzy-rmw-fastrtps-cpp:
  Installed: 8.4.4-1noble.20260902.140744
  Candidate: 8.4.4-1noble.20260902.140744
  Version table:
 *** 8.4.4-1noble.20260902.140744 500
        500 http://packages.ros.org/ros2/ubuntu noble/main arm64 Packages
        100 /var/lib/dpkg/status
